[0.011s] Invoking command in '/workspace/koch_control/build/interbotix_xs_msgs': CMAKE_PREFIX_PATH=/opt/ros/humble /usr/bin/cmake --build /workspace/koch_control/build/interbotix_xs_msgs -- -j32 -l32
[0.119s] [  1%] [34m[1mGenerating C code for ROS interfaces[0m
[0.119s] [  1%] [34m[1mGenerating C++ code for ROS interfaces[0m
[0.120s] [  1%] Built target ament_cmake_python_symlink_interbotix_xs_msgs
[0.135s] running egg_info
[0.135s] creating interbotix_xs_msgs.egg-info
[0.135s] writing interbotix_xs_msgs.egg-info/PKG-INFO
[0.136s] writing dependency_links to interbotix_xs_msgs.egg-info/dependency_links.txt
[0.136s] writing top-level names to interbotix_xs_msgs.egg-info/top_level.txt
[0.136s] writing manifest file 'interbotix_xs_msgs.egg-info/SOURCES.txt'
[0.136s] reading manifest file 'interbotix_xs_msgs.egg-info/SOURCES.txt'
[0.137s] writing manifest file 'interbotix_xs_msgs.egg-info/SOURCES.txt'
[0.150s] [  1%] Built target ament_cmake_python_build_interbotix_xs_msgs_egg
[1.031s] [  1%] [32mBuilding C object CMakeFiles/interbotix_xs_msgs__rosidl_generator_c.dir/rosidl_generator_c/interbotix_xs_msgs/msg/detail/arm_joy__functions.c.o[0m
[1.031s] [  2%] [32mBuilding C object CMakeFiles/interbotix_xs_msgs__rosidl_generator_c.dir/rosidl_generator_c/interbotix_xs_msgs/msg/detail/hex_joy__functions.c.o[0m
[1.031s] [  2%] [32mBuilding C object CMakeFiles/interbotix_xs_msgs__rosidl_generator_c.dir/rosidl_generator_c/interbotix_xs_msgs/msg/detail/joint_temps__functions.c.o[0m
[1.031s] [  4%] [32mBuilding C object CMakeFiles/interbotix_xs_msgs__rosidl_generator_c.dir/rosidl_generator_c/interbotix_xs_msgs/msg/detail/locobot_joy__functions.c.o[0m
[1.032s] [  6%] [32mBuilding C object CMakeFiles/interbotix_xs_msgs__rosidl_generator_c.dir/rosidl_generator_c/interbotix_xs_msgs/msg/detail/joint_trajectory_command__functions.c.o[0m
[1.032s] [  6%] [32mBuilding C object CMakeFiles/interbotix_xs_msgs__rosidl_generator_c.dir/rosidl_generator_c/interbotix_xs_msgs/srv/detail/motor_gains__functions.c.o[0m
[1.032s] [  7%] [32mBuilding C object CMakeFiles/interbotix_xs_msgs__rosidl_generator_c.dir/rosidl_generator_c/interbotix_xs_msgs/srv/detail/operating_modes__functions.c.o[0m
[1.032s] [  8%] [32mBuilding C object CMakeFiles/interbotix_xs_msgs__rosidl_generator_c.dir/rosidl_generator_c/interbotix_xs_msgs/srv/detail/reboot__functions.c.o[0m
[1.032s] [  8%] [32mBuilding C object CMakeFiles/interbotix_xs_msgs__rosidl_generator_c.dir/rosidl_generator_c/interbotix_xs_msgs/srv/detail/robot_info__functions.c.o[0m
[1.032s] [  9%] [32mBuilding C object CMakeFiles/interbotix_xs_msgs__rosidl_generator_c.dir/rosidl_generator_c/interbotix_xs_msgs/srv/detail/register_values__functions.c.o[0m
[1.032s] [  6%] [32mBuilding C object CMakeFiles/interbotix_xs_msgs__rosidl_generator_c.dir/rosidl_generator_c/interbotix_xs_msgs/msg/detail/turret_joy__functions.c.o[0m
[1.032s] [  9%] [32mBuilding C object CMakeFiles/interbotix_xs_msgs__rosidl_generator_c.dir/rosidl_generator_c/interbotix_xs_msgs/msg/detail/joint_single_command__functions.c.o[0m
[1.032s] [ 11%] [32mBuilding C object CMakeFiles/interbotix_xs_msgs__rosidl_generator_c.dir/rosidl_generator_c/interbotix_xs_msgs/srv/detail/torque_enable__functions.c.o[0m
[1.032s] [ 11%] [32mBuilding C object CMakeFiles/interbotix_xs_msgs__rosidl_generator_c.dir/rosidl_generator_c/interbotix_xs_msgs/msg/detail/joint_group_command__functions.c.o[0m
[1.057s] [ 11%] Built target interbotix_xs_msgs__cpp
[1.062s] [ 12%] [34m[1mGenerating C++ type support dispatch for ROS interfaces[0m
[1.062s] [ 13%] [34m[1mGenerating C++ type support for eProsima Fast-RTPS[0m
[1.062s] [ 13%] [34m[1mGenerating C++ introspection for ROS interfaces[0m
[1.076s] [ 14%] [32m[1mLinking C shared library libinterbotix_xs_msgs__rosidl_generator_c.so[0m
[1.095s] [ 14%] Built target interbotix_xs_msgs__rosidl_generator_c
[1.100s] [ 17%] [34m[1mGenerating C type support for eProsima Fast-RTPS[0m
[1.100s] [ 17%] [34m[1mGenerating C introspection for ROS interfaces[0m
[1.100s] [ 17%] [34m[1mGenerating C type support dispatch for ROS interfaces[0m
[1.898s] [ 19%] [32mBuilding CXX object CMakeFiles/interbotix_xs_msgs__rosidl_typesupport_cpp.dir/rosidl_typesupport_cpp/interbotix_xs_msgs/msg/joint_temps__type_support.cpp.o[0m
[1.898s] [ 20%] [32mBuilding CXX object CMakeFiles/interbotix_xs_msgs__rosidl_typesupport_cpp.dir/rosidl_typesupport_cpp/interbotix_xs_msgs/msg/hex_joy__type_support.cpp.o[0m
[1.898s] [ 20%] [32mBuilding CXX object CMakeFiles/interbotix_xs_msgs__rosidl_typesupport_cpp.dir/rosidl_typesupport_cpp/interbotix_xs_msgs/msg/joint_single_command__type_support.cpp.o[0m
[1.898s] [ 21%] [32mBuilding CXX object CMakeFiles/interbotix_xs_msgs__rosidl_typesupport_cpp.dir/rosidl_typesupport_cpp/interbotix_xs_msgs/msg/arm_joy__type_support.cpp.o[0m
[1.898s] [ 21%] [32mBuilding CXX object CMakeFiles/interbotix_xs_msgs__rosidl_typesupport_cpp.dir/rosidl_typesupport_cpp/interbotix_xs_msgs/msg/joint_group_command__type_support.cpp.o[0m
[1.898s] [ 21%] [32mBuilding CXX object CMakeFiles/interbotix_xs_msgs__rosidl_typesupport_cpp.dir/rosidl_typesupport_cpp/interbotix_xs_msgs/msg/joint_trajectory_command__type_support.cpp.o[0m
[1.898s] [ 22%] [32mBuilding CXX object CMakeFiles/interbotix_xs_msgs__rosidl_typesupport_cpp.dir/rosidl_typesupport_cpp/interbotix_xs_msgs/msg/turret_joy__type_support.cpp.o[0m
[1.899s] [ 23%] [32mBuilding CXX object CMakeFiles/interbotix_xs_msgs__rosidl_typesupport_cpp.dir/rosidl_typesupport_cpp/interbotix_xs_msgs/srv/motor_gains__type_support.cpp.o[0m
[1.900s] [ 24%] [32mBuilding CXX object CMakeFiles/interbotix_xs_msgs__rosidl_typesupport_cpp.dir/rosidl_typesupport_cpp/interbotix_xs_msgs/srv/register_values__type_support.cpp.o[0m
[1.900s] [ 24%] [32mBuilding CXX object CMakeFiles/interbotix_xs_msgs__rosidl_typesupport_cpp.dir/rosidl_typesupport_cpp/interbotix_xs_msgs/srv/torque_enable__type_support.cpp.o[0m
[1.900s] [ 27%] [32mBuilding CXX object CMakeFiles/interbotix_xs_msgs__rosidl_typesupport_cpp.dir/rosidl_typesupport_cpp/interbotix_xs_msgs/srv/robot_info__type_support.cpp.o[0m
[1.900s] [ 27%] [32mBuilding CXX object CMakeFiles/interbotix_xs_msgs__rosidl_typesupport_cpp.dir/rosidl_typesupport_cpp/interbotix_xs_msgs/srv/operating_modes__type_support.cpp.o[0m
[1.900s] [ 27%] [32mBuilding CXX object CMakeFiles/interbotix_xs_msgs__rosidl_typesupport_cpp.dir/rosidl_typesupport_cpp/interbotix_xs_msgs/msg/locobot_joy__type_support.cpp.o[0m
[1.900s] [ 27%] [32mBuilding CXX object CMakeFiles/interbotix_xs_msgs__rosidl_typesupport_cpp.dir/rosidl_typesupport_cpp/interbotix_xs_msgs/srv/reboot__type_support.cpp.o[0m
[1.956s] [ 30%] [32mBuilding CXX object CMakeFiles/interbotix_xs_msgs__rosidl_typesupport_c.dir/rosidl_typesupport_c/interbotix_xs_msgs/msg/joint_single_command__type_support.cpp.o[0m
[1.956s] [ 30%] [32mBuilding CXX object CMakeFiles/interbotix_xs_msgs__rosidl_typesupport_c.dir/rosidl_typesupport_c/interbotix_xs_msgs/msg/joint_temps__type_support.cpp.o[0m
[1.956s] [ 30%] [32mBuilding CXX object CMakeFiles/interbotix_xs_msgs__rosidl_typesupport_c.dir/rosidl_typesupport_c/interbotix_xs_msgs/msg/joint_group_command__type_support.cpp.o[0m
[1.956s] [ 30%] [32mBuilding CXX object CMakeFiles/interbotix_xs_msgs__rosidl_typesupport_c.dir/rosidl_typesupport_c/interbotix_xs_msgs/msg/arm_joy__type_support.cpp.o[0m
[1.957s] [ 32%] [32mBuilding CXX object CMakeFiles/interbotix_xs_msgs__rosidl_typesupport_c.dir/rosidl_typesupport_c/interbotix_xs_msgs/msg/locobot_joy__type_support.cpp.o[0m
[1.958s] [ 32%] [32mBuilding CXX object CMakeFiles/interbotix_xs_msgs__rosidl_typesupport_c.dir/rosidl_typesupport_c/interbotix_xs_msgs/msg/turret_joy__type_support.cpp.o[0m
[1.958s] [ 33%] [32mBuilding CXX object CMakeFiles/interbotix_xs_msgs__rosidl_typesupport_c.dir/rosidl_typesupport_c/interbotix_xs_msgs/srv/reboot__type_support.cpp.o[0m
[1.958s] [ 30%] [32mBuilding CXX object CMakeFiles/interbotix_xs_msgs__rosidl_typesupport_c.dir/rosidl_typesupport_c/interbotix_xs_msgs/msg/hex_joy__type_support.cpp.o[0m
[1.958s] [ 34%] [32mBuilding CXX object CMakeFiles/interbotix_xs_msgs__rosidl_typesupport_c.dir/rosidl_typesupport_c/interbotix_xs_msgs/msg/joint_trajectory_command__type_support.cpp.o[0m
[1.958s] [ 35%] [32mBuilding CXX object CMakeFiles/interbotix_xs_msgs__rosidl_typesupport_c.dir/rosidl_typesupport_c/interbotix_xs_msgs/srv/operating_modes__type_support.cpp.o[0m
[1.959s] [ 35%] [32mBuilding CXX object CMakeFiles/interbotix_xs_msgs__rosidl_typesupport_c.dir/rosidl_typesupport_c/interbotix_xs_msgs/srv/motor_gains__type_support.cpp.o[0m
[1.959s] [ 36%] [32mBuilding CXX object CMakeFiles/interbotix_xs_msgs__rosidl_typesupport_c.dir/rosidl_typesupport_c/interbotix_xs_msgs/srv/register_values__type_support.cpp.o[0m
[1.964s] [ 36%] [32mBuilding CXX object CMakeFiles/interbotix_xs_msgs__rosidl_typesupport_c.dir/rosidl_typesupport_c/interbotix_xs_msgs/srv/robot_info__type_support.cpp.o[0m
[1.964s] [ 37%] [32mBuilding CXX object CMakeFiles/interbotix_xs_msgs__rosidl_typesupport_c.dir/rosidl_typesupport_c/interbotix_xs_msgs/srv/torque_enable__type_support.cpp.o[0m
[1.997s] [ 38%] [32m[1mLinking CXX shared library libinterbotix_xs_msgs__rosidl_typesupport_c.so[0m
[2.024s] [ 40%] [32mBuilding CXX object CMakeFiles/interbotix_xs_msgs__rosidl_typesupport_introspection_cpp.dir/rosidl_typesupport_introspection_cpp/interbotix_xs_msgs/msg/detail/hex_joy__type_support.cpp.o[0m
[2.026s] [ 40%] [32mBuilding CXX object CMakeFiles/interbotix_xs_msgs__rosidl_typesupport_introspection_cpp.dir/rosidl_typesupport_introspection_cpp/interbotix_xs_msgs/msg/detail/arm_joy__type_support.cpp.o[0m
[2.026s] [ 41%] [32mBuilding CXX object CMakeFiles/interbotix_xs_msgs__rosidl_typesupport_introspection_cpp.dir/rosidl_typesupport_introspection_cpp/interbotix_xs_msgs/msg/detail/joint_group_command__type_support.cpp.o[0m
[2.027s] [ 42%] [32mBuilding CXX object CMakeFiles/interbotix_xs_msgs__rosidl_typesupport_introspection_cpp.dir/rosidl_typesupport_introspection_cpp/interbotix_xs_msgs/msg/detail/joint_temps__type_support.cpp.o[0m
[2.027s] [ 42%] [32mBuilding CXX object CMakeFiles/interbotix_xs_msgs__rosidl_typesupport_introspection_cpp.dir/rosidl_typesupport_introspection_cpp/interbotix_xs_msgs/msg/detail/joint_single_command__type_support.cpp.o[0m
[2.028s] [ 42%] [32mBuilding CXX object CMakeFiles/interbotix_xs_msgs__rosidl_typesupport_introspection_cpp.dir/rosidl_typesupport_introspection_cpp/interbotix_xs_msgs/msg/detail/turret_joy__type_support.cpp.o[0m
[2.028s] [ 43%] [32mBuilding CXX object CMakeFiles/interbotix_xs_msgs__rosidl_typesupport_introspection_cpp.dir/rosidl_typesupport_introspection_cpp/interbotix_xs_msgs/srv/detail/motor_gains__type_support.cpp.o[0m
[2.031s] [ 44%] [32mBuilding CXX object CMakeFiles/interbotix_xs_msgs__rosidl_typesupport_introspection_cpp.dir/rosidl_typesupport_introspection_cpp/interbotix_xs_msgs/msg/detail/locobot_joy__type_support.cpp.o[0m
[2.031s] [ 45%] [32mBuilding CXX object CMakeFiles/interbotix_xs_msgs__rosidl_typesupport_introspection_cpp.dir/rosidl_typesupport_introspection_cpp/interbotix_xs_msgs/msg/detail/joint_trajectory_command__type_support.cpp.o[0m
[2.032s] [ 45%] [32mBuilding CXX object CMakeFiles/interbotix_xs_msgs__rosidl_typesupport_introspection_cpp.dir/rosidl_typesupport_introspection_cpp/interbotix_xs_msgs/srv/detail/register_values__type_support.cpp.o[0m
[2.032s] [ 46%] [32mBuilding CXX object CMakeFiles/interbotix_xs_msgs__rosidl_typesupport_introspection_cpp.dir/rosidl_typesupport_introspection_cpp/interbotix_xs_msgs/srv/detail/reboot__type_support.cpp.o[0m
[2.032s] [ 47%] [32mBuilding CXX object CMakeFiles/interbotix_xs_msgs__rosidl_typesupport_introspection_cpp.dir/rosidl_typesupport_introspection_cpp/interbotix_xs_msgs/srv/detail/operating_modes__type_support.cpp.o[0m
[2.032s] [ 48%] [32mBuilding CXX object CMakeFiles/interbotix_xs_msgs__rosidl_typesupport_introspection_cpp.dir/rosidl_typesupport_introspection_cpp/interbotix_xs_msgs/srv/detail/torque_enable__type_support.cpp.o[0m
[2.034s] [ 49%] [32mBuilding CXX object CMakeFiles/interbotix_xs_msgs__rosidl_typesupport_introspection_cpp.dir/rosidl_typesupport_introspection_cpp/interbotix_xs_msgs/srv/detail/robot_info__type_support.cpp.o[0m
[2.056s] [ 49%] Built target interbotix_xs_msgs__rosidl_typesupport_c
[2.099s] [ 50%] [32m[1mLinking CXX shared library libinterbotix_xs_msgs__rosidl_typesupport_cpp.so[0m
[2.115s] [ 51%] [32mBuilding C object CMakeFiles/interbotix_xs_msgs__rosidl_typesupport_introspection_c.dir/rosidl_typesupport_introspection_c/interbotix_xs_msgs/msg/detail/hex_joy__type_support.c.o[0m
[2.115s] [ 52%] [32mBuilding C object CMakeFiles/interbotix_xs_msgs__rosidl_typesupport_introspection_c.dir/rosidl_typesupport_introspection_c/interbotix_xs_msgs/msg/detail/joint_group_command__type_support.c.o[0m
[2.115s] [ 52%] [32mBuilding C object CMakeFiles/interbotix_xs_msgs__rosidl_typesupport_introspection_c.dir/rosidl_typesupport_introspection_c/interbotix_xs_msgs/msg/detail/arm_joy__type_support.c.o[0m
[2.116s] [ 53%] [32mBuilding C object CMakeFiles/interbotix_xs_msgs__rosidl_typesupport_introspection_c.dir/rosidl_typesupport_introspection_c/interbotix_xs_msgs/msg/detail/joint_single_command__type_support.c.o[0m
[2.117s] [ 54%] [32mBuilding C object CMakeFiles/interbotix_xs_msgs__rosidl_typesupport_introspection_c.dir/rosidl_typesupport_introspection_c/interbotix_xs_msgs/msg/detail/turret_joy__type_support.c.o[0m
[2.117s] [ 55%] [32mBuilding C object CMakeFiles/interbotix_xs_msgs__rosidl_typesupport_introspection_c.dir/rosidl_typesupport_introspection_c/interbotix_xs_msgs/msg/detail/joint_trajectory_command__type_support.c.o[0m
[2.118s] [ 55%] [32mBuilding C object CMakeFiles/interbotix_xs_msgs__rosidl_typesupport_introspection_c.dir/rosidl_typesupport_introspection_c/interbotix_xs_msgs/msg/detail/locobot_joy__type_support.c.o[0m
[2.118s] [ 55%] [32mBuilding C object CMakeFiles/interbotix_xs_msgs__rosidl_typesupport_introspection_c.dir/rosidl_typesupport_introspection_c/interbotix_xs_msgs/srv/detail/operating_modes__type_support.c.o[0m
[2.118s] [ 56%] [32mBuilding C object CMakeFiles/interbotix_xs_msgs__rosidl_typesupport_introspection_c.dir/rosidl_typesupport_introspection_c/interbotix_xs_msgs/msg/detail/joint_temps__type_support.c.o[0m
[2.119s] [ 57%] [32mBuilding C object CMakeFiles/interbotix_xs_msgs__rosidl_typesupport_introspection_c.dir/rosidl_typesupport_introspection_c/interbotix_xs_msgs/srv/detail/reboot__type_support.c.o[0m
[2.119s] [ 59%] [32mBuilding C object CMakeFiles/interbotix_xs_msgs__rosidl_typesupport_introspection_c.dir/rosidl_typesupport_introspection_c/interbotix_xs_msgs/srv/detail/robot_info__type_support.c.o[0m
[2.119s] [ 59%] [32mBuilding C object CMakeFiles/interbotix_xs_msgs__rosidl_typesupport_introspection_c.dir/rosidl_typesupport_introspection_c/interbotix_xs_msgs/srv/detail/register_values__type_support.c.o[0m
[2.120s] [ 60%] [32mBuilding C object CMakeFiles/interbotix_xs_msgs__rosidl_typesupport_introspection_c.dir/rosidl_typesupport_introspection_c/interbotix_xs_msgs/srv/detail/motor_gains__type_support.c.o[0m
[2.123s] [ 60%] [32mBuilding C object CMakeFiles/interbotix_xs_msgs__rosidl_typesupport_introspection_c.dir/rosidl_typesupport_introspection_c/interbotix_xs_msgs/srv/detail/torque_enable__type_support.c.o[0m
[2.129s] [ 62%] [32mBuilding CXX object CMakeFiles/interbotix_xs_msgs__rosidl_typesupport_fastrtps_c.dir/rosidl_typesupport_fastrtps_c/interbotix_xs_msgs/msg/detail/arm_joy__type_support_c.cpp.o[0m
[2.129s] [ 62%] [32mBuilding CXX object CMakeFiles/interbotix_xs_msgs__rosidl_typesupport_fastrtps_cpp.dir/rosidl_typesupport_fastrtps_cpp/interbotix_xs_msgs/msg/detail/dds_fastrtps/arm_joy__type_support.cpp.o[0m
[2.140s] [ 63%] [32mBuilding CXX object CMakeFiles/interbotix_xs_msgs__rosidl_typesupport_fastrtps_cpp.dir/rosidl_typesupport_fastrtps_cpp/interbotix_xs_msgs/msg/detail/dds_fastrtps/hex_joy__type_support.cpp.o[0m
[2.141s] [ 63%] Built target interbotix_xs_msgs__rosidl_typesupport_cpp
[2.148s] [ 63%] [32mBuilding CXX object CMakeFiles/interbotix_xs_msgs__rosidl_typesupport_fastrtps_c.dir/rosidl_typesupport_fastrtps_c/interbotix_xs_msgs/msg/detail/hex_joy__type_support_c.cpp.o[0m
[2.148s] [ 64%] [32mBuilding CXX object CMakeFiles/interbotix_xs_msgs__rosidl_typesupport_fastrtps_cpp.dir/rosidl_typesupport_fastrtps_cpp/interbotix_xs_msgs/msg/detail/dds_fastrtps/joint_single_command__type_support.cpp.o[0m
[2.150s] [ 64%] [32mBuilding CXX object CMakeFiles/interbotix_xs_msgs__rosidl_typesupport_fastrtps_cpp.dir/rosidl_typesupport_fastrtps_cpp/interbotix_xs_msgs/msg/detail/dds_fastrtps/joint_group_command__type_support.cpp.o[0m
[2.152s] [ 65%] [32mBuilding CXX object CMakeFiles/interbotix_xs_msgs__rosidl_typesupport_fastrtps_cpp.dir/rosidl_typesupport_fastrtps_cpp/interbotix_xs_msgs/msg/detail/dds_fastrtps/joint_temps__type_support.cpp.o[0m
[2.154s] [ 67%] [32mBuilding CXX object CMakeFiles/interbotix_xs_msgs__rosidl_typesupport_fastrtps_cpp.dir/rosidl_typesupport_fastrtps_cpp/interbotix_xs_msgs/msg/detail/dds_fastrtps/turret_joy__type_support.cpp.o[0m
[2.154s] [ 67%] [32mBuilding CXX object CMakeFiles/interbotix_xs_msgs__rosidl_typesupport_fastrtps_cpp.dir/rosidl_typesupport_fastrtps_cpp/interbotix_xs_msgs/msg/detail/dds_fastrtps/joint_trajectory_command__type_support.cpp.o[0m
[2.154s] [ 69%] [32mBuilding CXX object CMakeFiles/interbotix_xs_msgs__rosidl_typesupport_fastrtps_cpp.dir/rosidl_typesupport_fastrtps_cpp/interbotix_xs_msgs/srv/detail/dds_fastrtps/operating_modes__type_support.cpp.o[0m
[2.154s] [ 68%] [32mBuilding CXX object CMakeFiles/interbotix_xs_msgs__rosidl_typesupport_fastrtps_cpp.dir/rosidl_typesupport_fastrtps_cpp/interbotix_xs_msgs/msg/detail/dds_fastrtps/locobot_joy__type_support.cpp.o[0m
[2.154s] [ 69%] [32mBuilding CXX object CMakeFiles/interbotix_xs_msgs__rosidl_typesupport_fastrtps_cpp.dir/rosidl_typesupport_fastrtps_cpp/interbotix_xs_msgs/srv/detail/dds_fastrtps/reboot__type_support.cpp.o[0m
[2.154s] [ 68%] [32mBuilding CXX object CMakeFiles/interbotix_xs_msgs__rosidl_typesupport_fastrtps_cpp.dir/rosidl_typesupport_fastrtps_cpp/interbotix_xs_msgs/srv/detail/dds_fastrtps/motor_gains__type_support.cpp.o[0m
[2.156s] [ 70%] [32mBuilding CXX object CMakeFiles/interbotix_xs_msgs__rosidl_typesupport_fastrtps_c.dir/rosidl_typesupport_fastrtps_c/interbotix_xs_msgs/msg/detail/joint_group_command__type_support_c.cpp.o[0m
[2.158s] [ 71%] [32mBuilding CXX object CMakeFiles/interbotix_xs_msgs__rosidl_typesupport_fastrtps_cpp.dir/rosidl_typesupport_fastrtps_cpp/interbotix_xs_msgs/srv/detail/dds_fastrtps/robot_info__type_support.cpp.o[0m
[2.159s] [ 72%] [32mBuilding CXX object CMakeFiles/interbotix_xs_msgs__rosidl_typesupport_fastrtps_cpp.dir/rosidl_typesupport_fastrtps_cpp/interbotix_xs_msgs/srv/detail/dds_fastrtps/register_values__type_support.cpp.o[0m
[2.164s] [ 73%] [32mBuilding CXX object CMakeFiles/interbotix_xs_msgs__rosidl_typesupport_fastrtps_c.dir/rosidl_typesupport_fastrtps_c/interbotix_xs_msgs/msg/detail/joint_single_command__type_support_c.cpp.o[0m
[2.186s] [ 74%] [32m[1mLinking C shared library libinterbotix_xs_msgs__rosidl_typesupport_introspection_c.so[0m
[2.241s] [ 74%] Built target interbotix_xs_msgs__rosidl_typesupport_introspection_c
[2.268s] [ 75%] [32mBuilding CXX object CMakeFiles/interbotix_xs_msgs__rosidl_typesupport_fastrtps_c.dir/rosidl_typesupport_fastrtps_c/interbotix_xs_msgs/msg/detail/joint_temps__type_support_c.cpp.o[0m
[2.317s] [ 76%] [32mBuilding CXX object CMakeFiles/interbotix_xs_msgs__rosidl_typesupport_fastrtps_cpp.dir/rosidl_typesupport_fastrtps_cpp/interbotix_xs_msgs/srv/detail/dds_fastrtps/torque_enable__type_support.cpp.o[0m
[2.327s] [ 79%] [32mBuilding CXX object CMakeFiles/interbotix_xs_msgs__rosidl_typesupport_fastrtps_c.dir/rosidl_typesupport_fastrtps_c/interbotix_xs_msgs/msg/detail/locobot_joy__type_support_c.cpp.o[0m
[2.327s] [ 79%] [32mBuilding CXX object CMakeFiles/interbotix_xs_msgs__rosidl_typesupport_fastrtps_c.dir/rosidl_typesupport_fastrtps_c/interbotix_xs_msgs/msg/detail/turret_joy__type_support_c.cpp.o[0m
[2.329s] [ 79%] [32mBuilding CXX object CMakeFiles/interbotix_xs_msgs__rosidl_typesupport_fastrtps_c.dir/rosidl_typesupport_fastrtps_c/interbotix_xs_msgs/msg/detail/joint_trajectory_command__type_support_c.cpp.o[0m
[2.329s] [ 79%] [32mBuilding CXX object CMakeFiles/interbotix_xs_msgs__rosidl_typesupport_fastrtps_c.dir/rosidl_typesupport_fastrtps_c/interbotix_xs_msgs/srv/detail/motor_gains__type_support_c.cpp.o[0m
[2.329s] [ 80%] [32mBuilding CXX object CMakeFiles/interbotix_xs_msgs__rosidl_typesupport_fastrtps_c.dir/rosidl_typesupport_fastrtps_c/interbotix_xs_msgs/srv/detail/reboot__type_support_c.cpp.o[0m
[2.331s] [ 81%] [32mBuilding CXX object CMakeFiles/interbotix_xs_msgs__rosidl_typesupport_fastrtps_c.dir/rosidl_typesupport_fastrtps_c/interbotix_xs_msgs/srv/detail/operating_modes__type_support_c.cpp.o[0m
[2.332s] [ 81%] [32mBuilding CXX object CMakeFiles/interbotix_xs_msgs__rosidl_typesupport_fastrtps_c.dir/rosidl_typesupport_fastrtps_c/interbotix_xs_msgs/srv/detail/register_values__type_support_c.cpp.o[0m
[2.352s] [ 82%] [32mBuilding CXX object CMakeFiles/interbotix_xs_msgs__rosidl_typesupport_fastrtps_c.dir/rosidl_typesupport_fastrtps_c/interbotix_xs_msgs/srv/detail/robot_info__type_support_c.cpp.o[0m
[2.359s] [ 82%] [32mBuilding CXX object CMakeFiles/interbotix_xs_msgs__rosidl_typesupport_fastrtps_c.dir/rosidl_typesupport_fastrtps_c/interbotix_xs_msgs/srv/detail/torque_enable__type_support_c.cpp.o[0m
[2.435s] [ 83%] [32m[1mLinking CXX shared library libinterbotix_xs_msgs__rosidl_typesupport_introspection_cpp.so[0m
[2.500s] [ 83%] Built target interbotix_xs_msgs__rosidl_typesupport_introspection_cpp
[2.561s] [ 83%] [32m[1mLinking CXX shared library libinterbotix_xs_msgs__rosidl_typesupport_fastrtps_cpp.so[0m
[2.573s] [ 84%] [32m[1mLinking CXX shared library libinterbotix_xs_msgs__rosidl_typesupport_fastrtps_c.so[0m
[2.598s] [ 84%] Built target interbotix_xs_msgs__rosidl_typesupport_fastrtps_cpp
[2.607s] [ 84%] Built target interbotix_xs_msgs__rosidl_typesupport_fastrtps_c
[2.615s] [ 84%] Built target interbotix_xs_msgs
[2.623s] [ 85%] [34m[1mGenerating Python code for ROS interfaces[0m
[4.398s] [ 85%] Built target interbotix_xs_msgs__py
[4.407s] [ 86%] [32mBuilding C object CMakeFiles/interbotix_xs_msgs__rosidl_generator_py.dir/rosidl_generator_py/interbotix_xs_msgs/msg/_arm_joy_s.c.o[0m
[4.407s] [ 86%] [32mBuilding C object CMakeFiles/interbotix_xs_msgs__rosidl_generator_py.dir/rosidl_generator_py/interbotix_xs_msgs/msg/_hex_joy_s.c.o[0m
[4.407s] [ 87%] [32mBuilding C object CMakeFiles/interbotix_xs_msgs__rosidl_generator_py.dir/rosidl_generator_py/interbotix_xs_msgs/msg/_joint_group_command_s.c.o[0m
[4.408s] [ 88%] [32mBuilding C object CMakeFiles/interbotix_xs_msgs__rosidl_generator_py.dir/rosidl_generator_py/interbotix_xs_msgs/msg/_joint_single_command_s.c.o[0m
[4.408s] [ 88%] [32mBuilding C object CMakeFiles/interbotix_xs_msgs__rosidl_generator_py.dir/rosidl_generator_py/interbotix_xs_msgs/msg/_joint_trajectory_command_s.c.o[0m
[4.409s] [ 90%] [32mBuilding C object CMakeFiles/interbotix_xs_msgs__rosidl_generator_py.dir/rosidl_generator_py/interbotix_xs_msgs/msg/_turret_joy_s.c.o[0m
[4.409s] [ 90%] [32mBuilding C object CMakeFiles/interbotix_xs_msgs__rosidl_generator_py.dir/rosidl_generator_py/interbotix_xs_msgs/msg/_joint_temps_s.c.o[0m
[4.409s] [ 90%] [32mBuilding C object CMakeFiles/interbotix_xs_msgs__rosidl_generator_py.dir/rosidl_generator_py/interbotix_xs_msgs/srv/_robot_info_s.c.o[0m
[4.409s] [ 91%] [32mBuilding C object CMakeFiles/interbotix_xs_msgs__rosidl_generator_py.dir/rosidl_generator_py/interbotix_xs_msgs/msg/_locobot_joy_s.c.o[0m
[4.409s] [ 91%] [32mBuilding C object CMakeFiles/interbotix_xs_msgs__rosidl_generator_py.dir/rosidl_generator_py/interbotix_xs_msgs/srv/_operating_modes_s.c.o[0m
[4.410s] [ 93%] [32mBuilding C object CMakeFiles/interbotix_xs_msgs__rosidl_generator_py.dir/rosidl_generator_py/interbotix_xs_msgs/srv/_torque_enable_s.c.o[0m
[4.410s] [ 93%] [32mBuilding C object CMakeFiles/interbotix_xs_msgs__rosidl_generator_py.dir/rosidl_generator_py/interbotix_xs_msgs/srv/_reboot_s.c.o[0m
[4.410s] [ 94%] [32mBuilding C object CMakeFiles/interbotix_xs_msgs__rosidl_generator_py.dir/rosidl_generator_py/interbotix_xs_msgs/srv/_motor_gains_s.c.o[0m
[4.410s] [ 95%] [32mBuilding C object CMakeFiles/interbotix_xs_msgs__rosidl_generator_py.dir/rosidl_generator_py/interbotix_xs_msgs/srv/_register_values_s.c.o[0m
[4.490s] [ 96%] [32m[1mLinking C shared library rosidl_generator_py/interbotix_xs_msgs/libinterbotix_xs_msgs__rosidl_generator_py.so[0m
[4.511s] [ 96%] Built target interbotix_xs_msgs__rosidl_generator_py
[4.520s] [ 98%] [32mBuilding C object CMakeFiles/interbotix_xs_msgs__rosidl_typesupport_fastrtps_c__pyext.dir/rosidl_generator_py/interbotix_xs_msgs/_interbotix_xs_msgs_s.ep.rosidl_typesupport_fastrtps_c.c.o[0m
[4.520s] [ 98%] [32mBuilding C object CMakeFiles/interbotix_xs_msgs__rosidl_typesupport_c__pyext.dir/rosidl_generator_py/interbotix_xs_msgs/_interbotix_xs_msgs_s.ep.rosidl_typesupport_c.c.o[0m
[4.520s] [ 99%] [32mBuilding C object CMakeFiles/interbotix_xs_msgs__rosidl_typesupport_introspection_c__pyext.dir/rosidl_generator_py/interbotix_xs_msgs/_interbotix_xs_msgs_s.ep.rosidl_typesupport_introspection_c.c.o[0m
[4.587s] [100%] [32m[1mLinking C shared library rosidl_generator_py/interbotix_xs_msgs/interbotix_xs_msgs_s__rosidl_typesupport_fastrtps_c.cpython-310-x86_64-linux-gnu.so[0m
[4.588s] [100%] [32m[1mLinking C shared library rosidl_generator_py/interbotix_xs_msgs/interbotix_xs_msgs_s__rosidl_typesupport_introspection_c.cpython-310-x86_64-linux-gnu.so[0m
[4.588s] [100%] [32m[1mLinking C shared library rosidl_generator_py/interbotix_xs_msgs/interbotix_xs_msgs_s__rosidl_typesupport_c.cpython-310-x86_64-linux-gnu.so[0m
[4.605s] [100%] Built target interbotix_xs_msgs__rosidl_typesupport_c__pyext
[4.606s] [100%] Built target interbotix_xs_msgs__rosidl_typesupport_introspection_c__pyext
[4.606s] [100%] Built target interbotix_xs_msgs__rosidl_typesupport_fastrtps_c__pyext
[4.612s] Invoked command in '/workspace/koch_control/build/interbotix_xs_msgs' returned '0': CMAKE_PREFIX_PATH=/opt/ros/humble /usr/bin/cmake --build /workspace/koch_control/build/interbotix_xs_msgs -- -j32 -l32
[4.613s] Invoking command in '/workspace/koch_control/build/interbotix_xs_msgs': CMAKE_PREFIX_PATH=/opt/ros/humble /usr/bin/cmake --install /workspace/koch_control/build/interbotix_xs_msgs
[4.616s] -- Install configuration: ""
[4.616s] -- Execute custom install script
[4.616s] -- Symlinking: /workspace/koch_control/install/interbotix_xs_msgs/share/ament_index/resource_index/rosidl_interfaces/interbotix_xs_msgs
[4.620s] -- Symlinking: /workspace/koch_control/install/interbotix_xs_msgs/include/interbotix_xs_msgs/interbotix_xs_msgs/msg/arm_joy.h
[4.624s] -- Symlinking: /workspace/koch_control/install/interbotix_xs_msgs/include/interbotix_xs_msgs/interbotix_xs_msgs/msg/detail/arm_joy__functions.h
[4.627s] -- Symlinking: /workspace/koch_control/install/interbotix_xs_msgs/include/interbotix_xs_msgs/interbotix_xs_msgs/msg/detail/arm_joy__struct.h
[4.630s] -- Symlinking: /workspace/koch_control/install/interbotix_xs_msgs/include/interbotix_xs_msgs/interbotix_xs_msgs/msg/detail/arm_joy__type_support.h
[4.634s] -- Symlinking: /workspace/koch_control/install/interbotix_xs_msgs/include/interbotix_xs_msgs/interbotix_xs_msgs/msg/detail/hex_joy__functions.h
[4.638s] -- Symlinking: /workspace/koch_control/install/interbotix_xs_msgs/include/interbotix_xs_msgs/interbotix_xs_msgs/msg/detail/hex_joy__struct.h
[4.642s] -- Symlinking: /workspace/koch_control/install/interbotix_xs_msgs/include/interbotix_xs_msgs/interbotix_xs_msgs/msg/detail/hex_joy__type_support.h
[4.645s] -- Symlinking: /workspace/koch_control/install/interbotix_xs_msgs/include/interbotix_xs_msgs/interbotix_xs_msgs/msg/detail/joint_group_command__functions.h
[4.649s] -- Symlinking: /workspace/koch_control/install/interbotix_xs_msgs/include/interbotix_xs_msgs/interbotix_xs_msgs/msg/detail/joint_group_command__struct.h
[4.653s] -- Symlinking: /workspace/koch_control/install/interbotix_xs_msgs/include/interbotix_xs_msgs/interbotix_xs_msgs/msg/detail/joint_group_command__type_support.h
[4.657s] -- Symlinking: /workspace/koch_control/install/interbotix_xs_msgs/include/interbotix_xs_msgs/interbotix_xs_msgs/msg/detail/joint_single_command__functions.h
[4.660s] -- Symlinking: /workspace/koch_control/install/interbotix_xs_msgs/include/interbotix_xs_msgs/interbotix_xs_msgs/msg/detail/joint_single_command__struct.h
[4.664s] -- Symlinking: /workspace/koch_control/install/interbotix_xs_msgs/include/interbotix_xs_msgs/interbotix_xs_msgs/msg/detail/joint_single_command__type_support.h
[4.667s] -- Symlinking: /workspace/koch_control/install/interbotix_xs_msgs/include/interbotix_xs_msgs/interbotix_xs_msgs/msg/detail/joint_temps__functions.h
[4.670s] -- Symlinking: /workspace/koch_control/install/interbotix_xs_msgs/include/interbotix_xs_msgs/interbotix_xs_msgs/msg/detail/joint_temps__struct.h
[4.674s] -- Symlinking: /workspace/koch_control/install/interbotix_xs_msgs/include/interbotix_xs_msgs/interbotix_xs_msgs/msg/detail/joint_temps__type_support.h
[4.677s] -- Symlinking: /workspace/koch_control/install/interbotix_xs_msgs/include/interbotix_xs_msgs/interbotix_xs_msgs/msg/detail/joint_trajectory_command__functions.h
[4.680s] -- Symlinking: /workspace/koch_control/install/interbotix_xs_msgs/include/interbotix_xs_msgs/interbotix_xs_msgs/msg/detail/joint_trajectory_command__struct.h
[4.684s] -- Symlinking: /workspace/koch_control/install/interbotix_xs_msgs/include/interbotix_xs_msgs/interbotix_xs_msgs/msg/detail/joint_trajectory_command__type_support.h
[4.687s] -- Symlinking: /workspace/koch_control/install/interbotix_xs_msgs/include/interbotix_xs_msgs/interbotix_xs_msgs/msg/detail/locobot_joy__functions.h
[4.691s] -- Symlinking: /workspace/koch_control/install/interbotix_xs_msgs/include/interbotix_xs_msgs/interbotix_xs_msgs/msg/detail/locobot_joy__struct.h
[4.695s] -- Symlinking: /workspace/koch_control/install/interbotix_xs_msgs/include/interbotix_xs_msgs/interbotix_xs_msgs/msg/detail/locobot_joy__type_support.h
[4.698s] -- Symlinking: /workspace/koch_control/install/interbotix_xs_msgs/include/interbotix_xs_msgs/interbotix_xs_msgs/msg/detail/turret_joy__functions.h
[4.701s] -- Symlinking: /workspace/koch_control/install/interbotix_xs_msgs/include/interbotix_xs_msgs/interbotix_xs_msgs/msg/detail/turret_joy__struct.h
[4.705s] -- Symlinking: /workspace/koch_control/install/interbotix_xs_msgs/include/interbotix_xs_msgs/interbotix_xs_msgs/msg/detail/turret_joy__type_support.h
[4.708s] -- Symlinking: /workspace/koch_control/install/interbotix_xs_msgs/include/interbotix_xs_msgs/interbotix_xs_msgs/msg/hex_joy.h
[4.712s] -- Symlinking: /workspace/koch_control/install/interbotix_xs_msgs/include/interbotix_xs_msgs/interbotix_xs_msgs/msg/joint_group_command.h
[4.715s] -- Symlinking: /workspace/koch_control/install/interbotix_xs_msgs/include/interbotix_xs_msgs/interbotix_xs_msgs/msg/joint_single_command.h
[4.718s] -- Symlinking: /workspace/koch_control/install/interbotix_xs_msgs/include/interbotix_xs_msgs/interbotix_xs_msgs/msg/joint_temps.h
[4.722s] -- Symlinking: /workspace/koch_control/install/interbotix_xs_msgs/include/interbotix_xs_msgs/interbotix_xs_msgs/msg/joint_trajectory_command.h
[4.725s] -- Symlinking: /workspace/koch_control/install/interbotix_xs_msgs/include/interbotix_xs_msgs/interbotix_xs_msgs/msg/locobot_joy.h
[4.728s] -- Symlinking: /workspace/koch_control/install/interbotix_xs_msgs/include/interbotix_xs_msgs/interbotix_xs_msgs/msg/rosidl_generator_c__visibility_control.h
[4.731s] -- Symlinking: /workspace/koch_control/install/interbotix_xs_msgs/include/interbotix_xs_msgs/interbotix_xs_msgs/msg/turret_joy.h
[4.734s] -- Symlinking: /workspace/koch_control/install/interbotix_xs_msgs/include/interbotix_xs_msgs/interbotix_xs_msgs/srv/detail/motor_gains__functions.h
[4.737s] -- Symlinking: /workspace/koch_control/install/interbotix_xs_msgs/include/interbotix_xs_msgs/interbotix_xs_msgs/srv/detail/motor_gains__struct.h
[4.740s] -- Symlinking: /workspace/koch_control/install/interbotix_xs_msgs/include/interbotix_xs_msgs/interbotix_xs_msgs/srv/detail/motor_gains__type_support.h
[4.743s] -- Symlinking: /workspace/koch_control/install/interbotix_xs_msgs/include/interbotix_xs_msgs/interbotix_xs_msgs/srv/detail/operating_modes__functions.h
[4.747s] -- Symlinking: /workspace/koch_control/install/interbotix_xs_msgs/include/interbotix_xs_msgs/interbotix_xs_msgs/srv/detail/operating_modes__struct.h
[4.750s] -- Symlinking: /workspace/koch_control/install/interbotix_xs_msgs/include/interbotix_xs_msgs/interbotix_xs_msgs/srv/detail/operating_modes__type_support.h
[4.753s] -- Symlinking: /workspace/koch_control/install/interbotix_xs_msgs/include/interbotix_xs_msgs/interbotix_xs_msgs/srv/detail/reboot__functions.h
[4.757s] -- Symlinking: /workspace/koch_control/install/interbotix_xs_msgs/include/interbotix_xs_msgs/interbotix_xs_msgs/srv/detail/reboot__struct.h
[4.761s] -- Symlinking: /workspace/koch_control/install/interbotix_xs_msgs/include/interbotix_xs_msgs/interbotix_xs_msgs/srv/detail/reboot__type_support.h
[4.764s] -- Symlinking: /workspace/koch_control/install/interbotix_xs_msgs/include/interbotix_xs_msgs/interbotix_xs_msgs/srv/detail/register_values__functions.h
[4.767s] -- Symlinking: /workspace/koch_control/install/interbotix_xs_msgs/include/interbotix_xs_msgs/interbotix_xs_msgs/srv/detail/register_values__struct.h
[4.770s] -- Symlinking: /workspace/koch_control/install/interbotix_xs_msgs/include/interbotix_xs_msgs/interbotix_xs_msgs/srv/detail/register_values__type_support.h
[4.773s] -- Symlinking: /workspace/koch_control/install/interbotix_xs_msgs/include/interbotix_xs_msgs/interbotix_xs_msgs/srv/detail/robot_info__functions.h
[4.776s] -- Symlinking: /workspace/koch_control/install/interbotix_xs_msgs/include/interbotix_xs_msgs/interbotix_xs_msgs/srv/detail/robot_info__struct.h
[4.780s] -- Symlinking: /workspace/koch_control/install/interbotix_xs_msgs/include/interbotix_xs_msgs/interbotix_xs_msgs/srv/detail/robot_info__type_support.h
[4.783s] -- Symlinking: /workspace/koch_control/install/interbotix_xs_msgs/include/interbotix_xs_msgs/interbotix_xs_msgs/srv/detail/torque_enable__functions.h
[4.786s] -- Symlinking: /workspace/koch_control/install/interbotix_xs_msgs/include/interbotix_xs_msgs/interbotix_xs_msgs/srv/detail/torque_enable__struct.h
[4.790s] -- Symlinking: /workspace/koch_control/install/interbotix_xs_msgs/include/interbotix_xs_msgs/interbotix_xs_msgs/srv/detail/torque_enable__type_support.h
[4.793s] -- Symlinking: /workspace/koch_control/install/interbotix_xs_msgs/include/interbotix_xs_msgs/interbotix_xs_msgs/srv/motor_gains.h
[4.796s] -- Symlinking: /workspace/koch_control/install/interbotix_xs_msgs/include/interbotix_xs_msgs/interbotix_xs_msgs/srv/operating_modes.h
[4.800s] -- Symlinking: /workspace/koch_control/install/interbotix_xs_msgs/include/interbotix_xs_msgs/interbotix_xs_msgs/srv/reboot.h
[4.803s] -- Symlinking: /workspace/koch_control/install/interbotix_xs_msgs/include/interbotix_xs_msgs/interbotix_xs_msgs/srv/register_values.h
[4.806s] -- Symlinking: /workspace/koch_control/install/interbotix_xs_msgs/include/interbotix_xs_msgs/interbotix_xs_msgs/srv/robot_info.h
[4.810s] -- Symlinking: /workspace/koch_control/install/interbotix_xs_msgs/include/interbotix_xs_msgs/interbotix_xs_msgs/srv/torque_enable.h
[4.813s] -- Symlinking: /workspace/koch_control/install/interbotix_xs_msgs/share/interbotix_xs_msgs/environment/library_path.sh
[4.816s] -- Symlinking: /workspace/koch_control/install/interbotix_xs_msgs/share/interbotix_xs_msgs/environment/library_path.dsv
[4.820s] -- Symlinking: /workspace/koch_control/install/interbotix_xs_msgs/include/interbotix_xs_msgs/interbotix_xs_msgs/msg/detail/arm_joy__rosidl_typesupport_fastrtps_c.h
[4.823s] -- Symlinking: /workspace/koch_control/install/interbotix_xs_msgs/include/interbotix_xs_msgs/interbotix_xs_msgs/msg/detail/hex_joy__rosidl_typesupport_fastrtps_c.h
[4.827s] -- Symlinking: /workspace/koch_control/install/interbotix_xs_msgs/include/interbotix_xs_msgs/interbotix_xs_msgs/msg/detail/joint_group_command__rosidl_typesupport_fastrtps_c.h
[4.830s] -- Symlinking: /workspace/koch_control/install/interbotix_xs_msgs/include/interbotix_xs_msgs/interbotix_xs_msgs/msg/detail/joint_single_command__rosidl_typesupport_fastrtps_c.h
[4.833s] -- Symlinking: /workspace/koch_control/install/interbotix_xs_msgs/include/interbotix_xs_msgs/interbotix_xs_msgs/msg/detail/joint_temps__rosidl_typesupport_fastrtps_c.h
[4.837s] -- Symlinking: /workspace/koch_control/install/interbotix_xs_msgs/include/interbotix_xs_msgs/interbotix_xs_msgs/msg/detail/joint_trajectory_command__rosidl_typesupport_fastrtps_c.h
[4.840s] -- Symlinking: /workspace/koch_control/install/interbotix_xs_msgs/include/interbotix_xs_msgs/interbotix_xs_msgs/msg/detail/locobot_joy__rosidl_typesupport_fastrtps_c.h
[4.844s] -- Symlinking: /workspace/koch_control/install/interbotix_xs_msgs/include/interbotix_xs_msgs/interbotix_xs_msgs/msg/detail/turret_joy__rosidl_typesupport_fastrtps_c.h
[4.847s] -- Symlinking: /workspace/koch_control/install/interbotix_xs_msgs/include/interbotix_xs_msgs/interbotix_xs_msgs/msg/rosidl_typesupport_fastrtps_c__visibility_control.h
[4.850s] -- Symlinking: /workspace/koch_control/install/interbotix_xs_msgs/include/interbotix_xs_msgs/interbotix_xs_msgs/srv/detail/motor_gains__rosidl_typesupport_fastrtps_c.h
[4.853s] -- Symlinking: /workspace/koch_control/install/interbotix_xs_msgs/include/interbotix_xs_msgs/interbotix_xs_msgs/srv/detail/operating_modes__rosidl_typesupport_fastrtps_c.h
[4.857s] -- Symlinking: /workspace/koch_control/install/interbotix_xs_msgs/include/interbotix_xs_msgs/interbotix_xs_msgs/srv/detail/reboot__rosidl_typesupport_fastrtps_c.h
[4.860s] -- Symlinking: /workspace/koch_control/install/interbotix_xs_msgs/include/interbotix_xs_msgs/interbotix_xs_msgs/srv/detail/register_values__rosidl_typesupport_fastrtps_c.h
[4.863s] -- Symlinking: /workspace/koch_control/install/interbotix_xs_msgs/include/interbotix_xs_msgs/interbotix_xs_msgs/srv/detail/robot_info__rosidl_typesupport_fastrtps_c.h
[4.867s] -- Symlinking: /workspace/koch_control/install/interbotix_xs_msgs/include/interbotix_xs_msgs/interbotix_xs_msgs/srv/detail/torque_enable__rosidl_typesupport_fastrtps_c.h
[4.870s] -- Symlinking: /workspace/koch_control/install/interbotix_xs_msgs/include/interbotix_xs_msgs/interbotix_xs_msgs/msg/detail/arm_joy__rosidl_typesupport_introspection_c.h
[4.873s] -- Symlinking: /workspace/koch_control/install/interbotix_xs_msgs/include/interbotix_xs_msgs/interbotix_xs_msgs/msg/detail/hex_joy__rosidl_typesupport_introspection_c.h
[4.876s] -- Symlinking: /workspace/koch_control/install/interbotix_xs_msgs/include/interbotix_xs_msgs/interbotix_xs_msgs/msg/detail/joint_group_command__rosidl_typesupport_introspection_c.h
[4.880s] -- Symlinking: /workspace/koch_control/install/interbotix_xs_msgs/include/interbotix_xs_msgs/interbotix_xs_msgs/msg/detail/joint_single_command__rosidl_typesupport_introspection_c.h
[4.883s] -- Symlinking: /workspace/koch_control/install/interbotix_xs_msgs/include/interbotix_xs_msgs/interbotix_xs_msgs/msg/detail/joint_temps__rosidl_typesupport_introspection_c.h
[4.886s] -- Symlinking: /workspace/koch_control/install/interbotix_xs_msgs/include/interbotix_xs_msgs/interbotix_xs_msgs/msg/detail/joint_trajectory_command__rosidl_typesupport_introspection_c.h
[4.889s] -- Symlinking: /workspace/koch_control/install/interbotix_xs_msgs/include/interbotix_xs_msgs/interbotix_xs_msgs/msg/detail/locobot_joy__rosidl_typesupport_introspection_c.h
[4.892s] -- Symlinking: /workspace/koch_control/install/interbotix_xs_msgs/include/interbotix_xs_msgs/interbotix_xs_msgs/msg/detail/turret_joy__rosidl_typesupport_introspection_c.h
[4.895s] -- Symlinking: /workspace/koch_control/install/interbotix_xs_msgs/include/interbotix_xs_msgs/interbotix_xs_msgs/msg/rosidl_typesupport_introspection_c__visibility_control.h
[4.898s] -- Symlinking: /workspace/koch_control/install/interbotix_xs_msgs/include/interbotix_xs_msgs/interbotix_xs_msgs/srv/detail/motor_gains__rosidl_typesupport_introspection_c.h
[4.901s] -- Symlinking: /workspace/koch_control/install/interbotix_xs_msgs/include/interbotix_xs_msgs/interbotix_xs_msgs/srv/detail/operating_modes__rosidl_typesupport_introspection_c.h
[4.904s] -- Symlinking: /workspace/koch_control/install/interbotix_xs_msgs/include/interbotix_xs_msgs/interbotix_xs_msgs/srv/detail/reboot__rosidl_typesupport_introspection_c.h
[4.908s] -- Symlinking: /workspace/koch_control/install/interbotix_xs_msgs/include/interbotix_xs_msgs/interbotix_xs_msgs/srv/detail/register_values__rosidl_typesupport_introspection_c.h
[4.911s] -- Symlinking: /workspace/koch_control/install/interbotix_xs_msgs/include/interbotix_xs_msgs/interbotix_xs_msgs/srv/detail/robot_info__rosidl_typesupport_introspection_c.h
[4.915s] -- Symlinking: /workspace/koch_control/install/interbotix_xs_msgs/include/interbotix_xs_msgs/interbotix_xs_msgs/srv/detail/torque_enable__rosidl_typesupport_introspection_c.h
[4.919s] -- Symlinking: /workspace/koch_control/install/interbotix_xs_msgs/include/interbotix_xs_msgs/interbotix_xs_msgs/msg/arm_joy.hpp
[4.922s] -- Symlinking: /workspace/koch_control/install/interbotix_xs_msgs/include/interbotix_xs_msgs/interbotix_xs_msgs/msg/detail/arm_joy__builder.hpp
[4.926s] -- Symlinking: /workspace/koch_control/install/interbotix_xs_msgs/include/interbotix_xs_msgs/interbotix_xs_msgs/msg/detail/arm_joy__struct.hpp
[4.929s] -- Symlinking: /workspace/koch_control/install/interbotix_xs_msgs/include/interbotix_xs_msgs/interbotix_xs_msgs/msg/detail/arm_joy__traits.hpp
[4.932s] -- Symlinking: /workspace/koch_control/install/interbotix_xs_msgs/include/interbotix_xs_msgs/interbotix_xs_msgs/msg/detail/arm_joy__type_support.hpp
[4.935s] -- Symlinking: /workspace/koch_control/install/interbotix_xs_msgs/include/interbotix_xs_msgs/interbotix_xs_msgs/msg/detail/hex_joy__builder.hpp
[4.939s] -- Symlinking: /workspace/koch_control/install/interbotix_xs_msgs/include/interbotix_xs_msgs/interbotix_xs_msgs/msg/detail/hex_joy__struct.hpp
[4.942s] -- Symlinking: /workspace/koch_control/install/interbotix_xs_msgs/include/interbotix_xs_msgs/interbotix_xs_msgs/msg/detail/hex_joy__traits.hpp
[4.945s] -- Symlinking: /workspace/koch_control/install/interbotix_xs_msgs/include/interbotix_xs_msgs/interbotix_xs_msgs/msg/detail/hex_joy__type_support.hpp
[4.948s] -- Symlinking: /workspace/koch_control/install/interbotix_xs_msgs/include/interbotix_xs_msgs/interbotix_xs_msgs/msg/detail/joint_group_command__builder.hpp
[4.952s] -- Symlinking: /workspace/koch_control/install/interbotix_xs_msgs/include/interbotix_xs_msgs/interbotix_xs_msgs/msg/detail/joint_group_command__struct.hpp
[4.955s] -- Symlinking: /workspace/koch_control/install/interbotix_xs_msgs/include/interbotix_xs_msgs/interbotix_xs_msgs/msg/detail/joint_group_command__traits.hpp
[4.958s] -- Symlinking: /workspace/koch_control/install/interbotix_xs_msgs/include/interbotix_xs_msgs/interbotix_xs_msgs/msg/detail/joint_group_command__type_support.hpp
[4.962s] -- Symlinking: /workspace/koch_control/install/interbotix_xs_msgs/include/interbotix_xs_msgs/interbotix_xs_msgs/msg/detail/joint_single_command__builder.hpp
[4.964s] -- Symlinking: /workspace/koch_control/install/interbotix_xs_msgs/include/interbotix_xs_msgs/interbotix_xs_msgs/msg/detail/joint_single_command__struct.hpp
[4.968s] -- Symlinking: /workspace/koch_control/install/interbotix_xs_msgs/include/interbotix_xs_msgs/interbotix_xs_msgs/msg/detail/joint_single_command__traits.hpp
[4.971s] -- Symlinking: /workspace/koch_control/install/interbotix_xs_msgs/include/interbotix_xs_msgs/interbotix_xs_msgs/msg/detail/joint_single_command__type_support.hpp
[4.974s] -- Symlinking: /workspace/koch_control/install/interbotix_xs_msgs/include/interbotix_xs_msgs/interbotix_xs_msgs/msg/detail/joint_temps__builder.hpp
[4.976s] -- Symlinking: /workspace/koch_control/install/interbotix_xs_msgs/include/interbotix_xs_msgs/interbotix_xs_msgs/msg/detail/joint_temps__struct.hpp
[4.980s] -- Symlinking: /workspace/koch_control/install/interbotix_xs_msgs/include/interbotix_xs_msgs/interbotix_xs_msgs/msg/detail/joint_temps__traits.hpp
[4.983s] -- Symlinking: /workspace/koch_control/install/interbotix_xs_msgs/include/interbotix_xs_msgs/interbotix_xs_msgs/msg/detail/joint_temps__type_support.hpp
[4.986s] -- Symlinking: /workspace/koch_control/install/interbotix_xs_msgs/include/interbotix_xs_msgs/interbotix_xs_msgs/msg/detail/joint_trajectory_command__builder.hpp
[4.989s] -- Symlinking: /workspace/koch_control/install/interbotix_xs_msgs/include/interbotix_xs_msgs/interbotix_xs_msgs/msg/detail/joint_trajectory_command__struct.hpp
[4.992s] -- Symlinking: /workspace/koch_control/install/interbotix_xs_msgs/include/interbotix_xs_msgs/interbotix_xs_msgs/msg/detail/joint_trajectory_command__traits.hpp
[4.995s] -- Symlinking: /workspace/koch_control/install/interbotix_xs_msgs/include/interbotix_xs_msgs/interbotix_xs_msgs/msg/detail/joint_trajectory_command__type_support.hpp
[4.998s] -- Symlinking: /workspace/koch_control/install/interbotix_xs_msgs/include/interbotix_xs_msgs/interbotix_xs_msgs/msg/detail/locobot_joy__builder.hpp
[5.001s] -- Symlinking: /workspace/koch_control/install/interbotix_xs_msgs/include/interbotix_xs_msgs/interbotix_xs_msgs/msg/detail/locobot_joy__struct.hpp
[5.004s] -- Symlinking: /workspace/koch_control/install/interbotix_xs_msgs/include/interbotix_xs_msgs/interbotix_xs_msgs/msg/detail/locobot_joy__traits.hpp
[5.007s] -- Symlinking: /workspace/koch_control/install/interbotix_xs_msgs/include/interbotix_xs_msgs/interbotix_xs_msgs/msg/detail/locobot_joy__type_support.hpp
[5.010s] -- Symlinking: /workspace/koch_control/install/interbotix_xs_msgs/include/interbotix_xs_msgs/interbotix_xs_msgs/msg/detail/turret_joy__builder.hpp
[5.013s] -- Symlinking: /workspace/koch_control/install/interbotix_xs_msgs/include/interbotix_xs_msgs/interbotix_xs_msgs/msg/detail/turret_joy__struct.hpp
[5.016s] -- Symlinking: /workspace/koch_control/install/interbotix_xs_msgs/include/interbotix_xs_msgs/interbotix_xs_msgs/msg/detail/turret_joy__traits.hpp
[5.020s] -- Symlinking: /workspace/koch_control/install/interbotix_xs_msgs/include/interbotix_xs_msgs/interbotix_xs_msgs/msg/detail/turret_joy__type_support.hpp
[5.023s] -- Symlinking: /workspace/koch_control/install/interbotix_xs_msgs/include/interbotix_xs_msgs/interbotix_xs_msgs/msg/hex_joy.hpp
[5.026s] -- Symlinking: /workspace/koch_control/install/interbotix_xs_msgs/include/interbotix_xs_msgs/interbotix_xs_msgs/msg/joint_group_command.hpp
[5.030s] -- Symlinking: /workspace/koch_control/install/interbotix_xs_msgs/include/interbotix_xs_msgs/interbotix_xs_msgs/msg/joint_single_command.hpp
[5.033s] -- Symlinking: /workspace/koch_control/install/interbotix_xs_msgs/include/interbotix_xs_msgs/interbotix_xs_msgs/msg/joint_temps.hpp
[5.036s] -- Symlinking: /workspace/koch_control/install/interbotix_xs_msgs/include/interbotix_xs_msgs/interbotix_xs_msgs/msg/joint_trajectory_command.hpp
[5.040s] -- Symlinking: /workspace/koch_control/install/interbotix_xs_msgs/include/interbotix_xs_msgs/interbotix_xs_msgs/msg/locobot_joy.hpp
[5.043s] -- Symlinking: /workspace/koch_control/install/interbotix_xs_msgs/include/interbotix_xs_msgs/interbotix_xs_msgs/msg/rosidl_generator_cpp__visibility_control.hpp
[5.045s] -- Symlinking: /workspace/koch_control/install/interbotix_xs_msgs/include/interbotix_xs_msgs/interbotix_xs_msgs/msg/turret_joy.hpp
[5.048s] -- Symlinking: /workspace/koch_control/install/interbotix_xs_msgs/include/interbotix_xs_msgs/interbotix_xs_msgs/srv/detail/motor_gains__builder.hpp
[5.051s] -- Symlinking: /workspace/koch_control/install/interbotix_xs_msgs/include/interbotix_xs_msgs/interbotix_xs_msgs/srv/detail/motor_gains__struct.hpp
[5.054s] -- Symlinking: /workspace/koch_control/install/interbotix_xs_msgs/include/interbotix_xs_msgs/interbotix_xs_msgs/srv/detail/motor_gains__traits.hpp
[5.057s] -- Symlinking: /workspace/koch_control/install/interbotix_xs_msgs/include/interbotix_xs_msgs/interbotix_xs_msgs/srv/detail/motor_gains__type_support.hpp
[5.060s] -- Symlinking: /workspace/koch_control/install/interbotix_xs_msgs/include/interbotix_xs_msgs/interbotix_xs_msgs/srv/detail/operating_modes__builder.hpp
[5.064s] -- Symlinking: /workspace/koch_control/install/interbotix_xs_msgs/include/interbotix_xs_msgs/interbotix_xs_msgs/srv/detail/operating_modes__struct.hpp
[5.067s] -- Symlinking: /workspace/koch_control/install/interbotix_xs_msgs/include/interbotix_xs_msgs/interbotix_xs_msgs/srv/detail/operating_modes__traits.hpp
[5.070s] -- Symlinking: /workspace/koch_control/install/interbotix_xs_msgs/include/interbotix_xs_msgs/interbotix_xs_msgs/srv/detail/operating_modes__type_support.hpp
[5.073s] -- Symlinking: /workspace/koch_control/install/interbotix_xs_msgs/include/interbotix_xs_msgs/interbotix_xs_msgs/srv/detail/reboot__builder.hpp
[5.077s] -- Symlinking: /workspace/koch_control/install/interbotix_xs_msgs/include/interbotix_xs_msgs/interbotix_xs_msgs/srv/detail/reboot__struct.hpp
[5.080s] -- Symlinking: /workspace/koch_control/install/interbotix_xs_msgs/include/interbotix_xs_msgs/interbotix_xs_msgs/srv/detail/reboot__traits.hpp
[5.082s] -- Symlinking: /workspace/koch_control/install/interbotix_xs_msgs/include/interbotix_xs_msgs/interbotix_xs_msgs/srv/detail/reboot__type_support.hpp
[5.085s] -- Symlinking: /workspace/koch_control/install/interbotix_xs_msgs/include/interbotix_xs_msgs/interbotix_xs_msgs/srv/detail/register_values__builder.hpp
[5.089s] -- Symlinking: /workspace/koch_control/install/interbotix_xs_msgs/include/interbotix_xs_msgs/interbotix_xs_msgs/srv/detail/register_values__struct.hpp
[5.092s] -- Symlinking: /workspace/koch_control/install/interbotix_xs_msgs/include/interbotix_xs_msgs/interbotix_xs_msgs/srv/detail/register_values__traits.hpp
[5.095s] -- Symlinking: /workspace/koch_control/install/interbotix_xs_msgs/include/interbotix_xs_msgs/interbotix_xs_msgs/srv/detail/register_values__type_support.hpp
[5.098s] -- Symlinking: /workspace/koch_control/install/interbotix_xs_msgs/include/interbotix_xs_msgs/interbotix_xs_msgs/srv/detail/robot_info__builder.hpp
[5.101s] -- Symlinking: /workspace/koch_control/install/interbotix_xs_msgs/include/interbotix_xs_msgs/interbotix_xs_msgs/srv/detail/robot_info__struct.hpp
[5.105s] -- Symlinking: /workspace/koch_control/install/interbotix_xs_msgs/include/interbotix_xs_msgs/interbotix_xs_msgs/srv/detail/robot_info__traits.hpp
[5.108s] -- Symlinking: /workspace/koch_control/install/interbotix_xs_msgs/include/interbotix_xs_msgs/interbotix_xs_msgs/srv/detail/robot_info__type_support.hpp
[5.111s] -- Symlinking: /workspace/koch_control/install/interbotix_xs_msgs/include/interbotix_xs_msgs/interbotix_xs_msgs/srv/detail/torque_enable__builder.hpp
[5.114s] -- Symlinking: /workspace/koch_control/install/interbotix_xs_msgs/include/interbotix_xs_msgs/interbotix_xs_msgs/srv/detail/torque_enable__struct.hpp
[5.116s] -- Symlinking: /workspace/koch_control/install/interbotix_xs_msgs/include/interbotix_xs_msgs/interbotix_xs_msgs/srv/detail/torque_enable__traits.hpp
[5.120s] -- Symlinking: /workspace/koch_control/install/interbotix_xs_msgs/include/interbotix_xs_msgs/interbotix_xs_msgs/srv/detail/torque_enable__type_support.hpp
[5.123s] -- Symlinking: /workspace/koch_control/install/interbotix_xs_msgs/include/interbotix_xs_msgs/interbotix_xs_msgs/srv/motor_gains.hpp
[5.126s] -- Symlinking: /workspace/koch_control/install/interbotix_xs_msgs/include/interbotix_xs_msgs/interbotix_xs_msgs/srv/operating_modes.hpp
[5.129s] -- Symlinking: /workspace/koch_control/install/interbotix_xs_msgs/include/interbotix_xs_msgs/interbotix_xs_msgs/srv/reboot.hpp
[5.133s] -- Symlinking: /workspace/koch_control/install/interbotix_xs_msgs/include/interbotix_xs_msgs/interbotix_xs_msgs/srv/register_values.hpp
[5.136s] -- Symlinking: /workspace/koch_control/install/interbotix_xs_msgs/include/interbotix_xs_msgs/interbotix_xs_msgs/srv/robot_info.hpp
[5.139s] -- Symlinking: /workspace/koch_control/install/interbotix_xs_msgs/include/interbotix_xs_msgs/interbotix_xs_msgs/srv/torque_enable.hpp
[5.142s] -- Symlinking: /workspace/koch_control/install/interbotix_xs_msgs/include/interbotix_xs_msgs/interbotix_xs_msgs/msg/detail/arm_joy__rosidl_typesupport_fastrtps_cpp.hpp
[5.145s] -- Symlinking: /workspace/koch_control/install/interbotix_xs_msgs/include/interbotix_xs_msgs/interbotix_xs_msgs/msg/detail/hex_joy__rosidl_typesupport_fastrtps_cpp.hpp
[5.148s] -- Symlinking: /workspace/koch_control/install/interbotix_xs_msgs/include/interbotix_xs_msgs/interbotix_xs_msgs/msg/detail/joint_group_command__rosidl_typesupport_fastrtps_cpp.hpp
[5.151s] -- Symlinking: /workspace/koch_control/install/interbotix_xs_msgs/include/interbotix_xs_msgs/interbotix_xs_msgs/msg/detail/joint_single_command__rosidl_typesupport_fastrtps_cpp.hpp
[5.154s] -- Symlinking: /workspace/koch_control/install/interbotix_xs_msgs/include/interbotix_xs_msgs/interbotix_xs_msgs/msg/detail/joint_temps__rosidl_typesupport_fastrtps_cpp.hpp
[5.158s] -- Symlinking: /workspace/koch_control/install/interbotix_xs_msgs/include/interbotix_xs_msgs/interbotix_xs_msgs/msg/detail/joint_trajectory_command__rosidl_typesupport_fastrtps_cpp.hpp
[5.162s] -- Symlinking: /workspace/koch_control/install/interbotix_xs_msgs/include/interbotix_xs_msgs/interbotix_xs_msgs/msg/detail/locobot_joy__rosidl_typesupport_fastrtps_cpp.hpp
[5.164s] -- Symlinking: /workspace/koch_control/install/interbotix_xs_msgs/include/interbotix_xs_msgs/interbotix_xs_msgs/msg/detail/turret_joy__rosidl_typesupport_fastrtps_cpp.hpp
[5.167s] -- Symlinking: /workspace/koch_control/install/interbotix_xs_msgs/include/interbotix_xs_msgs/interbotix_xs_msgs/msg/rosidl_typesupport_fastrtps_cpp__visibility_control.h
[5.170s] -- Symlinking: /workspace/koch_control/install/interbotix_xs_msgs/include/interbotix_xs_msgs/interbotix_xs_msgs/srv/detail/motor_gains__rosidl_typesupport_fastrtps_cpp.hpp
[5.173s] -- Symlinking: /workspace/koch_control/install/interbotix_xs_msgs/include/interbotix_xs_msgs/interbotix_xs_msgs/srv/detail/operating_modes__rosidl_typesupport_fastrtps_cpp.hpp
[5.176s] -- Symlinking: /workspace/koch_control/install/interbotix_xs_msgs/include/interbotix_xs_msgs/interbotix_xs_msgs/srv/detail/reboot__rosidl_typesupport_fastrtps_cpp.hpp
[5.180s] -- Symlinking: /workspace/koch_control/install/interbotix_xs_msgs/include/interbotix_xs_msgs/interbotix_xs_msgs/srv/detail/register_values__rosidl_typesupport_fastrtps_cpp.hpp
[5.183s] -- Symlinking: /workspace/koch_control/install/interbotix_xs_msgs/include/interbotix_xs_msgs/interbotix_xs_msgs/srv/detail/robot_info__rosidl_typesupport_fastrtps_cpp.hpp
[5.186s] -- Symlinking: /workspace/koch_control/install/interbotix_xs_msgs/include/interbotix_xs_msgs/interbotix_xs_msgs/srv/detail/torque_enable__rosidl_typesupport_fastrtps_cpp.hpp
[5.189s] -- Symlinking: /workspace/koch_control/install/interbotix_xs_msgs/include/interbotix_xs_msgs/interbotix_xs_msgs/msg/detail/arm_joy__rosidl_typesupport_introspection_cpp.hpp
[5.192s] -- Symlinking: /workspace/koch_control/install/interbotix_xs_msgs/include/interbotix_xs_msgs/interbotix_xs_msgs/msg/detail/hex_joy__rosidl_typesupport_introspection_cpp.hpp
[5.196s] -- Symlinking: /workspace/koch_control/install/interbotix_xs_msgs/include/interbotix_xs_msgs/interbotix_xs_msgs/msg/detail/joint_group_command__rosidl_typesupport_introspection_cpp.hpp
[5.198s] -- Symlinking: /workspace/koch_control/install/interbotix_xs_msgs/include/interbotix_xs_msgs/interbotix_xs_msgs/msg/detail/joint_single_command__rosidl_typesupport_introspection_cpp.hpp
[5.201s] -- Symlinking: /workspace/koch_control/install/interbotix_xs_msgs/include/interbotix_xs_msgs/interbotix_xs_msgs/msg/detail/joint_temps__rosidl_typesupport_introspection_cpp.hpp
[5.204s] -- Symlinking: /workspace/koch_control/install/interbotix_xs_msgs/include/interbotix_xs_msgs/interbotix_xs_msgs/msg/detail/joint_trajectory_command__rosidl_typesupport_introspection_cpp.hpp
[5.208s] -- Symlinking: /workspace/koch_control/install/interbotix_xs_msgs/include/interbotix_xs_msgs/interbotix_xs_msgs/msg/detail/locobot_joy__rosidl_typesupport_introspection_cpp.hpp
[5.211s] -- Symlinking: /workspace/koch_control/install/interbotix_xs_msgs/include/interbotix_xs_msgs/interbotix_xs_msgs/msg/detail/turret_joy__rosidl_typesupport_introspection_cpp.hpp
[5.214s] -- Symlinking: /workspace/koch_control/install/interbotix_xs_msgs/include/interbotix_xs_msgs/interbotix_xs_msgs/srv/detail/motor_gains__rosidl_typesupport_introspection_cpp.hpp
[5.217s] -- Symlinking: /workspace/koch_control/install/interbotix_xs_msgs/include/interbotix_xs_msgs/interbotix_xs_msgs/srv/detail/operating_modes__rosidl_typesupport_introspection_cpp.hpp
[5.221s] -- Symlinking: /workspace/koch_control/install/interbotix_xs_msgs/include/interbotix_xs_msgs/interbotix_xs_msgs/srv/detail/reboot__rosidl_typesupport_introspection_cpp.hpp
[5.224s] -- Symlinking: /workspace/koch_control/install/interbotix_xs_msgs/include/interbotix_xs_msgs/interbotix_xs_msgs/srv/detail/register_values__rosidl_typesupport_introspection_cpp.hpp
[5.227s] -- Symlinking: /workspace/koch_control/install/interbotix_xs_msgs/include/interbotix_xs_msgs/interbotix_xs_msgs/srv/detail/robot_info__rosidl_typesupport_introspection_cpp.hpp
[5.230s] -- Symlinking: /workspace/koch_control/install/interbotix_xs_msgs/include/interbotix_xs_msgs/interbotix_xs_msgs/srv/detail/torque_enable__rosidl_typesupport_introspection_cpp.hpp
[5.233s] -- Symlinking: /workspace/koch_control/install/interbotix_xs_msgs/share/interbotix_xs_msgs/environment/pythonpath.sh
[5.236s] -- Symlinking: /workspace/koch_control/install/interbotix_xs_msgs/share/interbotix_xs_msgs/environment/pythonpath.dsv
[5.239s] -- Symlinking: /workspace/koch_control/install/interbotix_xs_msgs/local/lib/python3.10/dist-packages/interbotix_xs_msgs-0.0.0-py3.10.egg-info/PKG-INFO
[5.242s] -- Symlinking: /workspace/koch_control/install/interbotix_xs_msgs/local/lib/python3.10/dist-packages/interbotix_xs_msgs-0.0.0-py3.10.egg-info/SOURCES.txt
[5.246s] -- Symlinking: /workspace/koch_control/install/interbotix_xs_msgs/local/lib/python3.10/dist-packages/interbotix_xs_msgs-0.0.0-py3.10.egg-info/dependency_links.txt
[5.249s] -- Symlinking: /workspace/koch_control/install/interbotix_xs_msgs/local/lib/python3.10/dist-packages/interbotix_xs_msgs-0.0.0-py3.10.egg-info/top_level.txt
[5.252s] -- Symlinking: /workspace/koch_control/install/interbotix_xs_msgs/local/lib/python3.10/dist-packages/interbotix_xs_msgs/__init__.py
[5.255s] -- Symlinking: /workspace/koch_control/install/interbotix_xs_msgs/local/lib/python3.10/dist-packages/interbotix_xs_msgs/_interbotix_xs_msgs_s.ep.rosidl_typesupport_c.c
[5.259s] -- Symlinking: /workspace/koch_control/install/interbotix_xs_msgs/local/lib/python3.10/dist-packages/interbotix_xs_msgs/_interbotix_xs_msgs_s.ep.rosidl_typesupport_fastrtps_c.c
[5.262s] -- Symlinking: /workspace/koch_control/install/interbotix_xs_msgs/local/lib/python3.10/dist-packages/interbotix_xs_msgs/_interbotix_xs_msgs_s.ep.rosidl_typesupport_introspection_c.c
[5.265s] -- Symlinking: /workspace/koch_control/install/interbotix_xs_msgs/local/lib/python3.10/dist-packages/interbotix_xs_msgs/interbotix_xs_msgs_s__rosidl_typesupport_c.cpython-310-x86_64-linux-gnu.so
[5.268s] -- Symlinking: /workspace/koch_control/install/interbotix_xs_msgs/local/lib/python3.10/dist-packages/interbotix_xs_msgs/interbotix_xs_msgs_s__rosidl_typesupport_fastrtps_c.cpython-310-x86_64-linux-gnu.so
[5.271s] -- Symlinking: /workspace/koch_control/install/interbotix_xs_msgs/local/lib/python3.10/dist-packages/interbotix_xs_msgs/interbotix_xs_msgs_s__rosidl_typesupport_introspection_c.cpython-310-x86_64-linux-gnu.so
[5.274s] -- Symlinking: /workspace/koch_control/install/interbotix_xs_msgs/local/lib/python3.10/dist-packages/interbotix_xs_msgs/libinterbotix_xs_msgs__rosidl_generator_py.so
[5.277s] -- Symlinking: /workspace/koch_control/install/interbotix_xs_msgs/local/lib/python3.10/dist-packages/interbotix_xs_msgs/msg/__init__.py
[5.280s] -- Symlinking: /workspace/koch_control/install/interbotix_xs_msgs/local/lib/python3.10/dist-packages/interbotix_xs_msgs/msg/_arm_joy.py
[5.283s] -- Symlinking: /workspace/koch_control/install/interbotix_xs_msgs/local/lib/python3.10/dist-packages/interbotix_xs_msgs/msg/_arm_joy_s.c
[5.287s] -- Symlinking: /workspace/koch_control/install/interbotix_xs_msgs/local/lib/python3.10/dist-packages/interbotix_xs_msgs/msg/_hex_joy.py
[5.290s] -- Symlinking: /workspace/koch_control/install/interbotix_xs_msgs/local/lib/python3.10/dist-packages/interbotix_xs_msgs/msg/_hex_joy_s.c
[5.293s] -- Symlinking: /workspace/koch_control/install/interbotix_xs_msgs/local/lib/python3.10/dist-packages/interbotix_xs_msgs/msg/_joint_group_command.py
[5.296s] -- Symlinking: /workspace/koch_control/install/interbotix_xs_msgs/local/lib/python3.10/dist-packages/interbotix_xs_msgs/msg/_joint_group_command_s.c
[5.299s] -- Symlinking: /workspace/koch_control/install/interbotix_xs_msgs/local/lib/python3.10/dist-packages/interbotix_xs_msgs/msg/_joint_single_command.py
[5.302s] -- Symlinking: /workspace/koch_control/install/interbotix_xs_msgs/local/lib/python3.10/dist-packages/interbotix_xs_msgs/msg/_joint_single_command_s.c
[5.305s] -- Symlinking: /workspace/koch_control/install/interbotix_xs_msgs/local/lib/python3.10/dist-packages/interbotix_xs_msgs/msg/_joint_temps.py
[5.308s] -- Symlinking: /workspace/koch_control/install/interbotix_xs_msgs/local/lib/python3.10/dist-packages/interbotix_xs_msgs/msg/_joint_temps_s.c
[5.311s] -- Symlinking: /workspace/koch_control/install/interbotix_xs_msgs/local/lib/python3.10/dist-packages/interbotix_xs_msgs/msg/_joint_trajectory_command.py
[5.314s] -- Symlinking: /workspace/koch_control/install/interbotix_xs_msgs/local/lib/python3.10/dist-packages/interbotix_xs_msgs/msg/_joint_trajectory_command_s.c
[5.317s] -- Symlinking: /workspace/koch_control/install/interbotix_xs_msgs/local/lib/python3.10/dist-packages/interbotix_xs_msgs/msg/_locobot_joy.py
[5.320s] -- Symlinking: /workspace/koch_control/install/interbotix_xs_msgs/local/lib/python3.10/dist-packages/interbotix_xs_msgs/msg/_locobot_joy_s.c
[5.323s] -- Symlinking: /workspace/koch_control/install/interbotix_xs_msgs/local/lib/python3.10/dist-packages/interbotix_xs_msgs/msg/_turret_joy.py
[5.326s] -- Symlinking: /workspace/koch_control/install/interbotix_xs_msgs/local/lib/python3.10/dist-packages/interbotix_xs_msgs/msg/_turret_joy_s.c
[5.330s] -- Symlinking: /workspace/koch_control/install/interbotix_xs_msgs/local/lib/python3.10/dist-packages/interbotix_xs_msgs/srv/__init__.py
[5.333s] -- Symlinking: /workspace/koch_control/install/interbotix_xs_msgs/local/lib/python3.10/dist-packages/interbotix_xs_msgs/srv/_motor_gains.py
[5.336s] -- Symlinking: /workspace/koch_control/install/interbotix_xs_msgs/local/lib/python3.10/dist-packages/interbotix_xs_msgs/srv/_motor_gains_s.c
[5.339s] -- Symlinking: /workspace/koch_control/install/interbotix_xs_msgs/local/lib/python3.10/dist-packages/interbotix_xs_msgs/srv/_operating_modes.py
[5.342s] -- Symlinking: /workspace/koch_control/install/interbotix_xs_msgs/local/lib/python3.10/dist-packages/interbotix_xs_msgs/srv/_operating_modes_s.c
[5.346s] -- Symlinking: /workspace/koch_control/install/interbotix_xs_msgs/local/lib/python3.10/dist-packages/interbotix_xs_msgs/srv/_reboot.py
[5.349s] -- Symlinking: /workspace/koch_control/install/interbotix_xs_msgs/local/lib/python3.10/dist-packages/interbotix_xs_msgs/srv/_reboot_s.c
[5.352s] -- Symlinking: /workspace/koch_control/install/interbotix_xs_msgs/local/lib/python3.10/dist-packages/interbotix_xs_msgs/srv/_register_values.py
[5.355s] -- Symlinking: /workspace/koch_control/install/interbotix_xs_msgs/local/lib/python3.10/dist-packages/interbotix_xs_msgs/srv/_register_values_s.c
[5.358s] -- Symlinking: /workspace/koch_control/install/interbotix_xs_msgs/local/lib/python3.10/dist-packages/interbotix_xs_msgs/srv/_robot_info.py
[5.362s] -- Symlinking: /workspace/koch_control/install/interbotix_xs_msgs/local/lib/python3.10/dist-packages/interbotix_xs_msgs/srv/_robot_info_s.c
[5.364s] -- Symlinking: /workspace/koch_control/install/interbotix_xs_msgs/local/lib/python3.10/dist-packages/interbotix_xs_msgs/srv/_torque_enable.py
[5.368s] -- Symlinking: /workspace/koch_control/install/interbotix_xs_msgs/local/lib/python3.10/dist-packages/interbotix_xs_msgs/srv/_torque_enable_s.c
[5.371s] -- Up-to-date symlink: /workspace/koch_control/install/interbotix_xs_msgs/local/lib/python3.10/dist-packages/interbotix_xs_msgs/interbotix_xs_msgs_s__rosidl_typesupport_fastrtps_c.cpython-310-x86_64-linux-gnu.so
[5.371s] -- Up-to-date symlink: /workspace/koch_control/install/interbotix_xs_msgs/local/lib/python3.10/dist-packages/interbotix_xs_msgs/interbotix_xs_msgs_s__rosidl_typesupport_introspection_c.cpython-310-x86_64-linux-gnu.so
[5.371s] -- Up-to-date symlink: /workspace/koch_control/install/interbotix_xs_msgs/local/lib/python3.10/dist-packages/interbotix_xs_msgs/interbotix_xs_msgs_s__rosidl_typesupport_c.cpython-310-x86_64-linux-gnu.so
[5.371s] -- Symlinking: /workspace/koch_control/install/interbotix_xs_msgs/share/interbotix_xs_msgs/msg/ArmJoy.idl
[5.374s] -- Symlinking: /workspace/koch_control/install/interbotix_xs_msgs/share/interbotix_xs_msgs/msg/HexJoy.idl
[5.377s] -- Symlinking: /workspace/koch_control/install/interbotix_xs_msgs/share/interbotix_xs_msgs/msg/JointGroupCommand.idl
[5.380s] -- Symlinking: /workspace/koch_control/install/interbotix_xs_msgs/share/interbotix_xs_msgs/msg/JointSingleCommand.idl
[5.384s] -- Symlinking: /workspace/koch_control/install/interbotix_xs_msgs/share/interbotix_xs_msgs/msg/JointTemps.idl
[5.387s] -- Symlinking: /workspace/koch_control/install/interbotix_xs_msgs/share/interbotix_xs_msgs/msg/JointTrajectoryCommand.idl
[5.391s] -- Symlinking: /workspace/koch_control/install/interbotix_xs_msgs/share/interbotix_xs_msgs/msg/LocobotJoy.idl
[5.394s] -- Symlinking: /workspace/koch_control/install/interbotix_xs_msgs/share/interbotix_xs_msgs/msg/TurretJoy.idl
[5.397s] -- Symlinking: /workspace/koch_control/install/interbotix_xs_msgs/share/interbotix_xs_msgs/srv/MotorGains.idl
[5.401s] -- Symlinking: /workspace/koch_control/install/interbotix_xs_msgs/share/interbotix_xs_msgs/srv/OperatingModes.idl
[5.404s] -- Symlinking: /workspace/koch_control/install/interbotix_xs_msgs/share/interbotix_xs_msgs/srv/Reboot.idl
[5.407s] -- Symlinking: /workspace/koch_control/install/interbotix_xs_msgs/share/interbotix_xs_msgs/srv/RegisterValues.idl
[5.410s] -- Symlinking: /workspace/koch_control/install/interbotix_xs_msgs/share/interbotix_xs_msgs/srv/RobotInfo.idl
[5.413s] -- Symlinking: /workspace/koch_control/install/interbotix_xs_msgs/share/interbotix_xs_msgs/srv/TorqueEnable.idl
[5.416s] -- Symlinking: /workspace/koch_control/install/interbotix_xs_msgs/share/interbotix_xs_msgs/msg/ArmJoy.msg
[5.419s] -- Symlinking: /workspace/koch_control/install/interbotix_xs_msgs/share/interbotix_xs_msgs/msg/HexJoy.msg
[5.423s] -- Symlinking: /workspace/koch_control/install/interbotix_xs_msgs/share/interbotix_xs_msgs/msg/JointGroupCommand.msg
[5.426s] -- Symlinking: /workspace/koch_control/install/interbotix_xs_msgs/share/interbotix_xs_msgs/msg/JointSingleCommand.msg
[5.429s] -- Symlinking: /workspace/koch_control/install/interbotix_xs_msgs/share/interbotix_xs_msgs/msg/JointTemps.msg
[5.433s] -- Symlinking: /workspace/koch_control/install/interbotix_xs_msgs/share/interbotix_xs_msgs/msg/JointTrajectoryCommand.msg
[5.436s] -- Symlinking: /workspace/koch_control/install/interbotix_xs_msgs/share/interbotix_xs_msgs/msg/LocobotJoy.msg
[5.438s] -- Symlinking: /workspace/koch_control/install/interbotix_xs_msgs/share/interbotix_xs_msgs/msg/TurretJoy.msg
[5.441s] -- Symlinking: /workspace/koch_control/install/interbotix_xs_msgs/share/interbotix_xs_msgs/srv/MotorGains.srv
[5.444s] -- Symlinking: /workspace/koch_control/install/interbotix_xs_msgs/share/interbotix_xs_msgs/srv/MotorGains_Request.msg
[5.447s] -- Symlinking: /workspace/koch_control/install/interbotix_xs_msgs/share/interbotix_xs_msgs/srv/MotorGains_Response.msg
[5.450s] -- Symlinking: /workspace/koch_control/install/interbotix_xs_msgs/share/interbotix_xs_msgs/srv/OperatingModes.srv
[5.454s] -- Symlinking: /workspace/koch_control/install/interbotix_xs_msgs/share/interbotix_xs_msgs/srv/OperatingModes_Request.msg
[5.457s] -- Symlinking: /workspace/koch_control/install/interbotix_xs_msgs/share/interbotix_xs_msgs/srv/OperatingModes_Response.msg
[5.460s] -- Symlinking: /workspace/koch_control/install/interbotix_xs_msgs/share/interbotix_xs_msgs/srv/Reboot.srv
[5.463s] -- Symlinking: /workspace/koch_control/install/interbotix_xs_msgs/share/interbotix_xs_msgs/srv/Reboot_Request.msg
[5.466s] -- Symlinking: /workspace/koch_control/install/interbotix_xs_msgs/share/interbotix_xs_msgs/srv/Reboot_Response.msg
[5.469s] -- Symlinking: /workspace/koch_control/install/interbotix_xs_msgs/share/interbotix_xs_msgs/srv/RegisterValues.srv
[5.473s] -- Symlinking: /workspace/koch_control/install/interbotix_xs_msgs/share/interbotix_xs_msgs/srv/RegisterValues_Request.msg
[5.476s] -- Symlinking: /workspace/koch_control/install/interbotix_xs_msgs/share/interbotix_xs_msgs/srv/RegisterValues_Response.msg
[5.478s] -- Symlinking: /workspace/koch_control/install/interbotix_xs_msgs/share/interbotix_xs_msgs/srv/RobotInfo.srv
[5.482s] -- Symlinking: /workspace/koch_control/install/interbotix_xs_msgs/share/interbotix_xs_msgs/srv/RobotInfo_Request.msg
[5.485s] -- Symlinking: /workspace/koch_control/install/interbotix_xs_msgs/share/interbotix_xs_msgs/srv/RobotInfo_Response.msg
[5.488s] -- Symlinking: /workspace/koch_control/install/interbotix_xs_msgs/share/interbotix_xs_msgs/srv/TorqueEnable.srv
[5.491s] -- Symlinking: /workspace/koch_control/install/interbotix_xs_msgs/share/interbotix_xs_msgs/srv/TorqueEnable_Request.msg
[5.494s] -- Symlinking: /workspace/koch_control/install/interbotix_xs_msgs/share/interbotix_xs_msgs/srv/TorqueEnable_Response.msg
[5.497s] -- Symlinking: /workspace/koch_control/install/interbotix_xs_msgs/share/ament_index/resource_index/package_run_dependencies/interbotix_xs_msgs
[5.500s] -- Symlinking: /workspace/koch_control/install/interbotix_xs_msgs/share/ament_index/resource_index/parent_prefix_path/interbotix_xs_msgs
[5.503s] -- Symlinking: /workspace/koch_control/install/interbotix_xs_msgs/share/interbotix_xs_msgs/environment/ament_prefix_path.sh
[5.506s] -- Symlinking: /workspace/koch_control/install/interbotix_xs_msgs/share/interbotix_xs_msgs/environment/ament_prefix_path.dsv
[5.509s] -- Symlinking: /workspace/koch_control/install/interbotix_xs_msgs/share/interbotix_xs_msgs/environment/path.sh
[5.513s] -- Symlinking: /workspace/koch_control/install/interbotix_xs_msgs/share/interbotix_xs_msgs/environment/path.dsv
[5.516s] -- Symlinking: /workspace/koch_control/install/interbotix_xs_msgs/share/interbotix_xs_msgs/local_setup.bash
[5.519s] -- Symlinking: /workspace/koch_control/install/interbotix_xs_msgs/share/interbotix_xs_msgs/local_setup.sh
[5.522s] -- Symlinking: /workspace/koch_control/install/interbotix_xs_msgs/share/interbotix_xs_msgs/local_setup.zsh
[5.525s] -- Symlinking: /workspace/koch_control/install/interbotix_xs_msgs/share/interbotix_xs_msgs/local_setup.dsv
[5.528s] -- Symlinking: /workspace/koch_control/install/interbotix_xs_msgs/share/interbotix_xs_msgs/package.dsv
[5.532s] -- Symlinking: /workspace/koch_control/install/interbotix_xs_msgs/share/ament_index/resource_index/packages/interbotix_xs_msgs
[5.535s] -- Symlinking: /workspace/koch_control/install/interbotix_xs_msgs/share/interbotix_xs_msgs/cmake/rosidl_cmake-extras.cmake
[5.539s] -- Symlinking: /workspace/koch_control/install/interbotix_xs_msgs/share/interbotix_xs_msgs/cmake/ament_cmake_export_dependencies-extras.cmake
[5.543s] -- Symlinking: /workspace/koch_control/install/interbotix_xs_msgs/share/interbotix_xs_msgs/cmake/ament_cmake_export_include_directories-extras.cmake
[5.546s] -- Symlinking: /workspace/koch_control/install/interbotix_xs_msgs/share/interbotix_xs_msgs/cmake/ament_cmake_export_libraries-extras.cmake
[5.548s] -- Symlinking: /workspace/koch_control/install/interbotix_xs_msgs/share/interbotix_xs_msgs/cmake/ament_cmake_export_targets-extras.cmake
[5.552s] -- Symlinking: /workspace/koch_control/install/interbotix_xs_msgs/share/interbotix_xs_msgs/cmake/rosidl_cmake_export_typesupport_targets-extras.cmake
[5.556s] -- Symlinking: /workspace/koch_control/install/interbotix_xs_msgs/share/interbotix_xs_msgs/cmake/rosidl_cmake_export_typesupport_libraries-extras.cmake
[5.559s] -- Symlinking: /workspace/koch_control/install/interbotix_xs_msgs/share/interbotix_xs_msgs/cmake/interbotix_xs_msgsConfig.cmake
[5.563s] -- Symlinking: /workspace/koch_control/install/interbotix_xs_msgs/share/interbotix_xs_msgs/cmake/interbotix_xs_msgsConfig-version.cmake
[5.567s] -- Symlinking: /workspace/koch_control/install/interbotix_xs_msgs/share/interbotix_xs_msgs/package.xml
[5.570s] -- Installing: /workspace/koch_control/install/interbotix_xs_msgs/lib/libinterbotix_xs_msgs__rosidl_generator_c.so
[5.570s] -- Set runtime path of "/workspace/koch_control/install/interbotix_xs_msgs/lib/libinterbotix_xs_msgs__rosidl_generator_c.so" to ""
[5.570s] -- Installing: /workspace/koch_control/install/interbotix_xs_msgs/lib/libinterbotix_xs_msgs__rosidl_typesupport_fastrtps_c.so
[5.571s] -- Set runtime path of "/workspace/koch_control/install/interbotix_xs_msgs/lib/libinterbotix_xs_msgs__rosidl_typesupport_fastrtps_c.so" to ""
[5.571s] -- Installing: /workspace/koch_control/install/interbotix_xs_msgs/lib/libinterbotix_xs_msgs__rosidl_typesupport_introspection_c.so
[5.571s] -- Set runtime path of "/workspace/koch_control/install/interbotix_xs_msgs/lib/libinterbotix_xs_msgs__rosidl_typesupport_introspection_c.so" to ""
[5.571s] -- Installing: /workspace/koch_control/install/interbotix_xs_msgs/lib/libinterbotix_xs_msgs__rosidl_typesupport_c.so
[5.571s] -- Set runtime path of "/workspace/koch_control/install/interbotix_xs_msgs/lib/libinterbotix_xs_msgs__rosidl_typesupport_c.so" to ""
[5.571s] -- Installing: /workspace/koch_control/install/interbotix_xs_msgs/lib/libinterbotix_xs_msgs__rosidl_typesupport_fastrtps_cpp.so
[5.571s] -- Set runtime path of "/workspace/koch_control/install/interbotix_xs_msgs/lib/libinterbotix_xs_msgs__rosidl_typesupport_fastrtps_cpp.so" to ""
[5.571s] -- Installing: /workspace/koch_control/install/interbotix_xs_msgs/lib/libinterbotix_xs_msgs__rosidl_typesupport_introspection_cpp.so
[5.571s] -- Set runtime path of "/workspace/koch_control/install/interbotix_xs_msgs/lib/libinterbotix_xs_msgs__rosidl_typesupport_introspection_cpp.so" to ""
[5.571s] -- Installing: /workspace/koch_control/install/interbotix_xs_msgs/lib/libinterbotix_xs_msgs__rosidl_typesupport_cpp.so
[5.571s] -- Set runtime path of "/workspace/koch_control/install/interbotix_xs_msgs/lib/libinterbotix_xs_msgs__rosidl_typesupport_cpp.so" to ""
[5.596s] Listing '/workspace/koch_control/install/interbotix_xs_msgs/local/lib/python3.10/dist-packages/interbotix_xs_msgs'...
[5.596s] Compiling '/workspace/koch_control/install/interbotix_xs_msgs/local/lib/python3.10/dist-packages/interbotix_xs_msgs/__init__.py'...
[5.596s] Listing '/workspace/koch_control/install/interbotix_xs_msgs/local/lib/python3.10/dist-packages/interbotix_xs_msgs/msg'...
[5.596s] Compiling '/workspace/koch_control/install/interbotix_xs_msgs/local/lib/python3.10/dist-packages/interbotix_xs_msgs/msg/__init__.py'...
[5.596s] Compiling '/workspace/koch_control/install/interbotix_xs_msgs/local/lib/python3.10/dist-packages/interbotix_xs_msgs/msg/_arm_joy.py'...
[5.596s] Compiling '/workspace/koch_control/install/interbotix_xs_msgs/local/lib/python3.10/dist-packages/interbotix_xs_msgs/msg/_hex_joy.py'...
[5.596s] Compiling '/workspace/koch_control/install/interbotix_xs_msgs/local/lib/python3.10/dist-packages/interbotix_xs_msgs/msg/_joint_group_command.py'...
[5.596s] Compiling '/workspace/koch_control/install/interbotix_xs_msgs/local/lib/python3.10/dist-packages/interbotix_xs_msgs/msg/_joint_single_command.py'...
[5.596s] Compiling '/workspace/koch_control/install/interbotix_xs_msgs/local/lib/python3.10/dist-packages/interbotix_xs_msgs/msg/_joint_temps.py'...
[5.596s] Compiling '/workspace/koch_control/install/interbotix_xs_msgs/local/lib/python3.10/dist-packages/interbotix_xs_msgs/msg/_joint_trajectory_command.py'...
[5.596s] Compiling '/workspace/koch_control/install/interbotix_xs_msgs/local/lib/python3.10/dist-packages/interbotix_xs_msgs/msg/_locobot_joy.py'...
[5.596s] Compiling '/workspace/koch_control/install/interbotix_xs_msgs/local/lib/python3.10/dist-packages/interbotix_xs_msgs/msg/_turret_joy.py'...
[5.596s] Listing '/workspace/koch_control/install/interbotix_xs_msgs/local/lib/python3.10/dist-packages/interbotix_xs_msgs/srv'...
[5.596s] Compiling '/workspace/koch_control/install/interbotix_xs_msgs/local/lib/python3.10/dist-packages/interbotix_xs_msgs/srv/__init__.py'...
[5.596s] Compiling '/workspace/koch_control/install/interbotix_xs_msgs/local/lib/python3.10/dist-packages/interbotix_xs_msgs/srv/_motor_gains.py'...
[5.596s] Compiling '/workspace/koch_control/install/interbotix_xs_msgs/local/lib/python3.10/dist-packages/interbotix_xs_msgs/srv/_operating_modes.py'...
[5.597s] Compiling '/workspace/koch_control/install/interbotix_xs_msgs/local/lib/python3.10/dist-packages/interbotix_xs_msgs/srv/_reboot.py'...
[5.597s] Compiling '/workspace/koch_control/install/interbotix_xs_msgs/local/lib/python3.10/dist-packages/interbotix_xs_msgs/srv/_register_values.py'...
[5.597s] Compiling '/workspace/koch_control/install/interbotix_xs_msgs/local/lib/python3.10/dist-packages/interbotix_xs_msgs/srv/_robot_info.py'...
[5.597s] Compiling '/workspace/koch_control/install/interbotix_xs_msgs/local/lib/python3.10/dist-packages/interbotix_xs_msgs/srv/_torque_enable.py'...
[5.598s] -- Installing: /workspace/koch_control/install/interbotix_xs_msgs/lib/libinterbotix_xs_msgs__rosidl_generator_py.so
[5.598s] -- Set runtime path of "/workspace/koch_control/install/interbotix_xs_msgs/lib/libinterbotix_xs_msgs__rosidl_generator_py.so" to ""
[5.599s] -- Installing: /workspace/koch_control/install/interbotix_xs_msgs/share/interbotix_xs_msgs/cmake/export_interbotix_xs_msgs__rosidl_generator_cExport.cmake
[5.599s] -- Installing: /workspace/koch_control/install/interbotix_xs_msgs/share/interbotix_xs_msgs/cmake/export_interbotix_xs_msgs__rosidl_generator_cExport-noconfig.cmake
[5.599s] -- Installing: /workspace/koch_control/install/interbotix_xs_msgs/share/interbotix_xs_msgs/cmake/export_interbotix_xs_msgs__rosidl_typesupport_fastrtps_cExport.cmake
[5.599s] -- Installing: /workspace/koch_control/install/interbotix_xs_msgs/share/interbotix_xs_msgs/cmake/export_interbotix_xs_msgs__rosidl_typesupport_fastrtps_cExport-noconfig.cmake
[5.599s] -- Installing: /workspace/koch_control/install/interbotix_xs_msgs/share/interbotix_xs_msgs/cmake/interbotix_xs_msgs__rosidl_typesupport_introspection_cExport.cmake
[5.599s] -- Installing: /workspace/koch_control/install/interbotix_xs_msgs/share/interbotix_xs_msgs/cmake/interbotix_xs_msgs__rosidl_typesupport_introspection_cExport-noconfig.cmake
[5.599s] -- Installing: /workspace/koch_control/install/interbotix_xs_msgs/share/interbotix_xs_msgs/cmake/interbotix_xs_msgs__rosidl_typesupport_cExport.cmake
[5.599s] -- Installing: /workspace/koch_control/install/interbotix_xs_msgs/share/interbotix_xs_msgs/cmake/interbotix_xs_msgs__rosidl_typesupport_cExport-noconfig.cmake
[5.599s] -- Installing: /workspace/koch_control/install/interbotix_xs_msgs/share/interbotix_xs_msgs/cmake/export_interbotix_xs_msgs__rosidl_generator_cppExport.cmake
[5.599s] -- Installing: /workspace/koch_control/install/interbotix_xs_msgs/share/interbotix_xs_msgs/cmake/export_interbotix_xs_msgs__rosidl_typesupport_fastrtps_cppExport.cmake
[5.599s] -- Installing: /workspace/koch_control/install/interbotix_xs_msgs/share/interbotix_xs_msgs/cmake/export_interbotix_xs_msgs__rosidl_typesupport_fastrtps_cppExport-noconfig.cmake
[5.599s] -- Installing: /workspace/koch_control/install/interbotix_xs_msgs/share/interbotix_xs_msgs/cmake/interbotix_xs_msgs__rosidl_typesupport_introspection_cppExport.cmake
[5.599s] -- Installing: /workspace/koch_control/install/interbotix_xs_msgs/share/interbotix_xs_msgs/cmake/interbotix_xs_msgs__rosidl_typesupport_introspection_cppExport-noconfig.cmake
[5.599s] -- Installing: /workspace/koch_control/install/interbotix_xs_msgs/share/interbotix_xs_msgs/cmake/interbotix_xs_msgs__rosidl_typesupport_cppExport.cmake
[5.599s] -- Installing: /workspace/koch_control/install/interbotix_xs_msgs/share/interbotix_xs_msgs/cmake/interbotix_xs_msgs__rosidl_typesupport_cppExport-noconfig.cmake
[5.599s] -- Installing: /workspace/koch_control/install/interbotix_xs_msgs/share/interbotix_xs_msgs/cmake/export_interbotix_xs_msgs__rosidl_generator_pyExport.cmake
[5.599s] -- Installing: /workspace/koch_control/install/interbotix_xs_msgs/share/interbotix_xs_msgs/cmake/export_interbotix_xs_msgs__rosidl_generator_pyExport-noconfig.cmake
[5.601s] Invoked command in '/workspace/koch_control/build/interbotix_xs_msgs' returned '0': CMAKE_PREFIX_PATH=/opt/ros/humble /usr/bin/cmake --install /workspace/koch_control/build/interbotix_xs_msgs
