[0.008s] Invoking command in '/workspace/koch_control/build/interbotix_xsarm_sim': AMENT_PREFIX_PATH=/workspace/koch_control/install/interbotix_xsarm_descriptions:/workspace/koch_control/install/interbotix_xs_modules:/workspace/koch_control/install/interbotix_xs_sdk:/workspace/koch_control/install/interbotix_xs_ros_control:/workspace/koch_control/install/interbotix_xs_driver:/workspace/koch_control/install/interbotix_xs_msgs:/workspace/koch_control/install/interbotix_common_sim:/workspace/koch_control/install/interbotix_common_modules:/workspace/koch_control/install/dynamixel_workbench_toolbox:${AMENT_PREFIX_PATH} CMAKE_PREFIX_PATH=/workspace/koch_control/install/interbotix_xsarm_descriptions:/workspace/koch_control/install/interbotix_xs_sdk:/workspace/koch_control/install/interbotix_xs_ros_control:/workspace/koch_control/install/interbotix_xs_driver:/workspace/koch_control/install/interbotix_xs_msgs:/workspace/koch_control/install/interbotix_common_sim:/workspace/koch_control/install/dynamixel_workbench_toolbox:/opt/ros/humble LD_LIBRARY_PATH=/workspace/koch_control/install/interbotix_xs_ros_control/lib:/workspace/koch_control/install/interbotix_xs_driver/lib:/workspace/koch_control/install/interbotix_xs_msgs/lib:/workspace/koch_control/install/dynamixel_workbench_toolbox/lib:${LD_LIBRARY_PATH} PYTHONPATH=/workspace/koch_control/build/interbotix_xs_modules:/workspace/koch_control/install/interbotix_xs_modules/lib/python3.10/site-packages:/workspace/koch_control/install/interbotix_xs_msgs/local/lib/python3.10/dist-packages:/workspace/koch_control/build/interbotix_common_modules:/workspace/koch_control/install/interbotix_common_modules/lib/python3.10/site-packages:${PYTHONPATH} /usr/bin/cmake /workspace/koch_control/interbotix_ros_manipulators/interbotix_ros_xsarms/interbotix_xsarm_sim -DAMENT_CMAKE_SYMLINK_INSTALL=1 -DCMAKE_INSTALL_PREFIX=/workspace/koch_control/install/interbotix_xsarm_sim
[0.032s] -- The C compiler identification is GNU 11.4.0
[0.056s] -- The CXX compiler identification is GNU 11.4.0
[0.059s] -- Detecting C compiler ABI info
[0.088s] -- Detecting C compiler ABI info - done
[0.091s] -- Check for working C compiler: /usr/bin/cc - skipped
[0.092s] -- Detecting C compile features
[0.092s] -- Detecting C compile features - done
[0.093s] -- Detecting CXX compiler ABI info
[0.129s] -- Detecting CXX compiler ABI info - done
[0.132s] -- Check for working CXX compiler: /usr/bin/c++ - skipped
[0.132s] -- Detecting CXX compile features
[0.132s] -- Detecting CXX compile features - done
[0.133s] -- Found ament_cmake: 1.3.12 (/opt/ros/humble/share/ament_cmake/cmake)
[0.207s] -- Found Python3: /usr/bin/python3 (found version "3.10.12") found components: Interpreter 
[0.239s] -- Override CMake install command with custom implementation using symlinks instead of copying resources
[0.252s] -- Found ament_lint_auto: 0.12.14 (/opt/ros/humble/share/ament_lint_auto/cmake)
[0.301s] -- Added test 'copyright' to check source files copyright and LICENSE
[0.304s] -- Added test 'flake8' to check Python code syntax and style conventions
[0.305s] -- Added test 'lint_cmake' to check CMake code style
[0.305s] -- Added test 'pep257' to check Python code against some of the docstring style conventions in PEP 257
[0.306s] -- Added test 'xmllint' to check XML markup files
[0.307s] -- Configuring done
[0.308s] -- Generating done
[0.309s] -- Build files have been written to: /workspace/koch_control/build/interbotix_xsarm_sim
[0.312s] Invoked command in '/workspace/koch_control/build/interbotix_xsarm_sim' returned '0': AMENT_PREFIX_PATH=/workspace/koch_control/install/interbotix_xsarm_descriptions:/workspace/koch_control/install/interbotix_xs_modules:/workspace/koch_control/install/interbotix_xs_sdk:/workspace/koch_control/install/interbotix_xs_ros_control:/workspace/koch_control/install/interbotix_xs_driver:/workspace/koch_control/install/interbotix_xs_msgs:/workspace/koch_control/install/interbotix_common_sim:/workspace/koch_control/install/interbotix_common_modules:/workspace/koch_control/install/dynamixel_workbench_toolbox:${AMENT_PREFIX_PATH} CMAKE_PREFIX_PATH=/workspace/koch_control/install/interbotix_xsarm_descriptions:/workspace/koch_control/install/interbotix_xs_sdk:/workspace/koch_control/install/interbotix_xs_ros_control:/workspace/koch_control/install/interbotix_xs_driver:/workspace/koch_control/install/interbotix_xs_msgs:/workspace/koch_control/install/interbotix_common_sim:/workspace/koch_control/install/dynamixel_workbench_toolbox:/opt/ros/humble LD_LIBRARY_PATH=/workspace/koch_control/install/interbotix_xs_ros_control/lib:/workspace/koch_control/install/interbotix_xs_driver/lib:/workspace/koch_control/install/interbotix_xs_msgs/lib:/workspace/koch_control/install/dynamixel_workbench_toolbox/lib:${LD_LIBRARY_PATH} PYTHONPATH=/workspace/koch_control/build/interbotix_xs_modules:/workspace/koch_control/install/interbotix_xs_modules/lib/python3.10/site-packages:/workspace/koch_control/install/interbotix_xs_msgs/local/lib/python3.10/dist-packages:/workspace/koch_control/build/interbotix_common_modules:/workspace/koch_control/install/interbotix_common_modules/lib/python3.10/site-packages:${PYTHONPATH} /usr/bin/cmake /workspace/koch_control/interbotix_ros_manipulators/interbotix_ros_xsarms/interbotix_xsarm_sim -DAMENT_CMAKE_SYMLINK_INSTALL=1 -DCMAKE_INSTALL_PREFIX=/workspace/koch_control/install/interbotix_xsarm_sim
[0.313s] Invoking command in '/workspace/koch_control/build/interbotix_xsarm_sim': AMENT_PREFIX_PATH=/workspace/koch_control/install/interbotix_xsarm_descriptions:/workspace/koch_control/install/interbotix_xs_modules:/workspace/koch_control/install/interbotix_xs_sdk:/workspace/koch_control/install/interbotix_xs_ros_control:/workspace/koch_control/install/interbotix_xs_driver:/workspace/koch_control/install/interbotix_xs_msgs:/workspace/koch_control/install/interbotix_common_sim:/workspace/koch_control/install/interbotix_common_modules:/workspace/koch_control/install/dynamixel_workbench_toolbox:${AMENT_PREFIX_PATH} CMAKE_PREFIX_PATH=/workspace/koch_control/install/interbotix_xsarm_descriptions:/workspace/koch_control/install/interbotix_xs_sdk:/workspace/koch_control/install/interbotix_xs_ros_control:/workspace/koch_control/install/interbotix_xs_driver:/workspace/koch_control/install/interbotix_xs_msgs:/workspace/koch_control/install/interbotix_common_sim:/workspace/koch_control/install/dynamixel_workbench_toolbox:/opt/ros/humble LD_LIBRARY_PATH=/workspace/koch_control/install/interbotix_xs_ros_control/lib:/workspace/koch_control/install/interbotix_xs_driver/lib:/workspace/koch_control/install/interbotix_xs_msgs/lib:/workspace/koch_control/install/dynamixel_workbench_toolbox/lib:${LD_LIBRARY_PATH} PYTHONPATH=/workspace/koch_control/build/interbotix_xs_modules:/workspace/koch_control/install/interbotix_xs_modules/lib/python3.10/site-packages:/workspace/koch_control/install/interbotix_xs_msgs/local/lib/python3.10/dist-packages:/workspace/koch_control/build/interbotix_common_modules:/workspace/koch_control/install/interbotix_common_modules/lib/python3.10/site-packages:${PYTHONPATH} /usr/bin/cmake --build /workspace/koch_control/build/interbotix_xsarm_sim -- -j32 -l32
[0.332s] Invoked command in '/workspace/koch_control/build/interbotix_xsarm_sim' returned '0': AMENT_PREFIX_PATH=/workspace/koch_control/install/interbotix_xsarm_descriptions:/workspace/koch_control/install/interbotix_xs_modules:/workspace/koch_control/install/interbotix_xs_sdk:/workspace/koch_control/install/interbotix_xs_ros_control:/workspace/koch_control/install/interbotix_xs_driver:/workspace/koch_control/install/interbotix_xs_msgs:/workspace/koch_control/install/interbotix_common_sim:/workspace/koch_control/install/interbotix_common_modules:/workspace/koch_control/install/dynamixel_workbench_toolbox:${AMENT_PREFIX_PATH} CMAKE_PREFIX_PATH=/workspace/koch_control/install/interbotix_xsarm_descriptions:/workspace/koch_control/install/interbotix_xs_sdk:/workspace/koch_control/install/interbotix_xs_ros_control:/workspace/koch_control/install/interbotix_xs_driver:/workspace/koch_control/install/interbotix_xs_msgs:/workspace/koch_control/install/interbotix_common_sim:/workspace/koch_control/install/dynamixel_workbench_toolbox:/opt/ros/humble LD_LIBRARY_PATH=/workspace/koch_control/install/interbotix_xs_ros_control/lib:/workspace/koch_control/install/interbotix_xs_driver/lib:/workspace/koch_control/install/interbotix_xs_msgs/lib:/workspace/koch_control/install/dynamixel_workbench_toolbox/lib:${LD_LIBRARY_PATH} PYTHONPATH=/workspace/koch_control/build/interbotix_xs_modules:/workspace/koch_control/install/interbotix_xs_modules/lib/python3.10/site-packages:/workspace/koch_control/install/interbotix_xs_msgs/local/lib/python3.10/dist-packages:/workspace/koch_control/build/interbotix_common_modules:/workspace/koch_control/install/interbotix_common_modules/lib/python3.10/site-packages:${PYTHONPATH} /usr/bin/cmake --build /workspace/koch_control/build/interbotix_xsarm_sim -- -j32 -l32
[0.333s] Invoking command in '/workspace/koch_control/build/interbotix_xsarm_sim': AMENT_PREFIX_PATH=/workspace/koch_control/install/interbotix_xsarm_descriptions:/workspace/koch_control/install/interbotix_xs_modules:/workspace/koch_control/install/interbotix_xs_sdk:/workspace/koch_control/install/interbotix_xs_ros_control:/workspace/koch_control/install/interbotix_xs_driver:/workspace/koch_control/install/interbotix_xs_msgs:/workspace/koch_control/install/interbotix_common_sim:/workspace/koch_control/install/interbotix_common_modules:/workspace/koch_control/install/dynamixel_workbench_toolbox:${AMENT_PREFIX_PATH} CMAKE_PREFIX_PATH=/workspace/koch_control/install/interbotix_xsarm_descriptions:/workspace/koch_control/install/interbotix_xs_sdk:/workspace/koch_control/install/interbotix_xs_ros_control:/workspace/koch_control/install/interbotix_xs_driver:/workspace/koch_control/install/interbotix_xs_msgs:/workspace/koch_control/install/interbotix_common_sim:/workspace/koch_control/install/dynamixel_workbench_toolbox:/opt/ros/humble LD_LIBRARY_PATH=/workspace/koch_control/install/interbotix_xs_ros_control/lib:/workspace/koch_control/install/interbotix_xs_driver/lib:/workspace/koch_control/install/interbotix_xs_msgs/lib:/workspace/koch_control/install/dynamixel_workbench_toolbox/lib:${LD_LIBRARY_PATH} PYTHONPATH=/workspace/koch_control/build/interbotix_xs_modules:/workspace/koch_control/install/interbotix_xs_modules/lib/python3.10/site-packages:/workspace/koch_control/install/interbotix_xs_msgs/local/lib/python3.10/dist-packages:/workspace/koch_control/build/interbotix_common_modules:/workspace/koch_control/install/interbotix_common_modules/lib/python3.10/site-packages:${PYTHONPATH} /usr/bin/cmake --install /workspace/koch_control/build/interbotix_xsarm_sim
[0.336s] -- Install configuration: ""
[0.336s] -- Execute custom install script
[0.337s] -- Symlinking: /workspace/koch_control/install/interbotix_xsarm_sim/share/interbotix_xsarm_sim//launch/xsarm_gz_classic.launch.py
[0.340s] -- Symlinking: /workspace/koch_control/install/interbotix_xsarm_sim/share/interbotix_xsarm_sim//config/trajectory_controllers/mobile_px100_trajectory_controllers.yaml
[0.344s] -- Symlinking: /workspace/koch_control/install/interbotix_xsarm_sim/share/interbotix_xsarm_sim//config/trajectory_controllers/mobile_wx200_trajectory_controllers.yaml
[0.347s] -- Symlinking: /workspace/koch_control/install/interbotix_xsarm_sim/share/interbotix_xsarm_sim//config/trajectory_controllers/mobile_wx250s_trajectory_controllers.yaml
[0.350s] -- Symlinking: /workspace/koch_control/install/interbotix_xsarm_sim/share/interbotix_xsarm_sim//config/trajectory_controllers/px100_trajectory_controllers.yaml
[0.354s] -- Symlinking: /workspace/koch_control/install/interbotix_xsarm_sim/share/interbotix_xsarm_sim//config/trajectory_controllers/px150_trajectory_controllers.yaml
[0.358s] -- Symlinking: /workspace/koch_control/install/interbotix_xsarm_sim/share/interbotix_xsarm_sim//config/trajectory_controllers/rx150_trajectory_controllers.yaml
[0.362s] -- Symlinking: /workspace/koch_control/install/interbotix_xsarm_sim/share/interbotix_xsarm_sim//config/trajectory_controllers/rx200_trajectory_controllers.yaml
[0.366s] -- Symlinking: /workspace/koch_control/install/interbotix_xsarm_sim/share/interbotix_xsarm_sim//config/trajectory_controllers/vx250_trajectory_controllers.yaml
[0.370s] -- Symlinking: /workspace/koch_control/install/interbotix_xsarm_sim/share/interbotix_xsarm_sim//config/trajectory_controllers/vx300_trajectory_controllers.yaml
[0.373s] -- Symlinking: /workspace/koch_control/install/interbotix_xsarm_sim/share/interbotix_xsarm_sim//config/trajectory_controllers/vx300s_trajectory_controllers.yaml
[0.377s] -- Symlinking: /workspace/koch_control/install/interbotix_xsarm_sim/share/interbotix_xsarm_sim//config/trajectory_controllers/wx200_trajectory_controllers.yaml
[0.381s] -- Symlinking: /workspace/koch_control/install/interbotix_xsarm_sim/share/interbotix_xsarm_sim//config/trajectory_controllers/wx250_trajectory_controllers.yaml
[0.384s] -- Symlinking: /workspace/koch_control/install/interbotix_xsarm_sim/share/interbotix_xsarm_sim//config/trajectory_controllers/wx250s_trajectory_controllers.yaml
[0.388s] -- Symlinking: /workspace/koch_control/install/interbotix_xsarm_sim/share/interbotix_xsarm_sim//rviz/xsarm_gz_classic.rviz
[0.391s] -- Symlinking: /workspace/koch_control/install/interbotix_xsarm_sim/share/ament_index/resource_index/package_run_dependencies/interbotix_xsarm_sim
[0.394s] -- Symlinking: /workspace/koch_control/install/interbotix_xsarm_sim/share/ament_index/resource_index/parent_prefix_path/interbotix_xsarm_sim
[0.398s] -- Symlinking: /workspace/koch_control/install/interbotix_xsarm_sim/share/interbotix_xsarm_sim/environment/ament_prefix_path.sh
[0.401s] -- Symlinking: /workspace/koch_control/install/interbotix_xsarm_sim/share/interbotix_xsarm_sim/environment/ament_prefix_path.dsv
[0.405s] -- Symlinking: /workspace/koch_control/install/interbotix_xsarm_sim/share/interbotix_xsarm_sim/environment/path.sh
[0.408s] -- Symlinking: /workspace/koch_control/install/interbotix_xsarm_sim/share/interbotix_xsarm_sim/environment/path.dsv
[0.411s] -- Symlinking: /workspace/koch_control/install/interbotix_xsarm_sim/share/interbotix_xsarm_sim/local_setup.bash
[0.415s] -- Symlinking: /workspace/koch_control/install/interbotix_xsarm_sim/share/interbotix_xsarm_sim/local_setup.sh
[0.418s] -- Symlinking: /workspace/koch_control/install/interbotix_xsarm_sim/share/interbotix_xsarm_sim/local_setup.zsh
[0.422s] -- Symlinking: /workspace/koch_control/install/interbotix_xsarm_sim/share/interbotix_xsarm_sim/local_setup.dsv
[0.425s] -- Symlinking: /workspace/koch_control/install/interbotix_xsarm_sim/share/interbotix_xsarm_sim/package.dsv
[0.429s] -- Symlinking: /workspace/koch_control/install/interbotix_xsarm_sim/share/ament_index/resource_index/packages/interbotix_xsarm_sim
[0.433s] -- Symlinking: /workspace/koch_control/install/interbotix_xsarm_sim/share/interbotix_xsarm_sim/cmake/interbotix_xsarm_simConfig.cmake
[0.437s] -- Symlinking: /workspace/koch_control/install/interbotix_xsarm_sim/share/interbotix_xsarm_sim/cmake/interbotix_xsarm_simConfig-version.cmake
[0.440s] -- Symlinking: /workspace/koch_control/install/interbotix_xsarm_sim/share/interbotix_xsarm_sim/package.xml
[0.445s] Invoked command in '/workspace/koch_control/build/interbotix_xsarm_sim' returned '0': AMENT_PREFIX_PATH=/workspace/koch_control/install/interbotix_xsarm_descriptions:/workspace/koch_control/install/interbotix_xs_modules:/workspace/koch_control/install/interbotix_xs_sdk:/workspace/koch_control/install/interbotix_xs_ros_control:/workspace/koch_control/install/interbotix_xs_driver:/workspace/koch_control/install/interbotix_xs_msgs:/workspace/koch_control/install/interbotix_common_sim:/workspace/koch_control/install/interbotix_common_modules:/workspace/koch_control/install/dynamixel_workbench_toolbox:${AMENT_PREFIX_PATH} CMAKE_PREFIX_PATH=/workspace/koch_control/install/interbotix_xsarm_descriptions:/workspace/koch_control/install/interbotix_xs_sdk:/workspace/koch_control/install/interbotix_xs_ros_control:/workspace/koch_control/install/interbotix_xs_driver:/workspace/koch_control/install/interbotix_xs_msgs:/workspace/koch_control/install/interbotix_common_sim:/workspace/koch_control/install/dynamixel_workbench_toolbox:/opt/ros/humble LD_LIBRARY_PATH=/workspace/koch_control/install/interbotix_xs_ros_control/lib:/workspace/koch_control/install/interbotix_xs_driver/lib:/workspace/koch_control/install/interbotix_xs_msgs/lib:/workspace/koch_control/install/dynamixel_workbench_toolbox/lib:${LD_LIBRARY_PATH} PYTHONPATH=/workspace/koch_control/build/interbotix_xs_modules:/workspace/koch_control/install/interbotix_xs_modules/lib/python3.10/site-packages:/workspace/koch_control/install/interbotix_xs_msgs/local/lib/python3.10/dist-packages:/workspace/koch_control/build/interbotix_common_modules:/workspace/koch_control/install/interbotix_common_modules/lib/python3.10/site-packages:${PYTHONPATH} /usr/bin/cmake --install /workspace/koch_control/build/interbotix_xsarm_sim
