[0.009s] Invoking command in '/workspace/koch_control/build/interbotix_xsarm_puppet': AMENT_PREFIX_PATH=/workspace/koch_control/install/interbotix_xsarm_descriptions:/workspace/koch_control/install/interbotix_xs_modules:/workspace/koch_control/install/interbotix_xs_sdk:/workspace/koch_control/install/interbotix_xs_driver:/workspace/koch_control/install/interbotix_xs_msgs:/workspace/koch_control/install/interbotix_common_modules:/workspace/koch_control/install/dynamixel_workbench_toolbox:${AMENT_PREFIX_PATH} CMAKE_PREFIX_PATH=/workspace/koch_control/install/interbotix_xsarm_descriptions:/workspace/koch_control/install/interbotix_xs_sdk:/workspace/koch_control/install/interbotix_xs_driver:/workspace/koch_control/install/interbotix_xs_msgs:/workspace/koch_control/install/dynamixel_workbench_toolbox:/opt/ros/humble LD_LIBRARY_PATH=/workspace/koch_control/install/interbotix_xs_driver/lib:/workspace/koch_control/install/interbotix_xs_msgs/lib:/workspace/koch_control/install/dynamixel_workbench_toolbox/lib:${LD_LIBRARY_PATH} PYTHONPATH=/workspace/koch_control/build/interbotix_xs_modules:/workspace/koch_control/install/interbotix_xs_modules/lib/python3.10/site-packages:/workspace/koch_control/install/interbotix_xs_msgs/local/lib/python3.10/dist-packages:/workspace/koch_control/build/interbotix_common_modules:/workspace/koch_control/install/interbotix_common_modules/lib/python3.10/site-packages:${PYTHONPATH} /usr/bin/cmake /workspace/koch_control/interbotix_ros_manipulators/interbotix_ros_xsarms/examples/interbotix_xsarm_puppet -DAMENT_CMAKE_SYMLINK_INSTALL=1 -DCMAKE_INSTALL_PREFIX=/workspace/koch_control/install/interbotix_xsarm_puppet
[0.033s] -- The C compiler identification is GNU 11.4.0
[0.056s] -- The CXX compiler identification is GNU 11.4.0
[0.059s] -- Detecting C compiler ABI info
[0.091s] -- Detecting C compiler ABI info - done
[0.094s] -- Check for working C compiler: /usr/bin/cc - skipped
[0.094s] -- Detecting C compile features
[0.094s] -- Detecting C compile features - done
[0.095s] -- Detecting CXX compiler ABI info
[0.132s] -- Detecting CXX compiler ABI info - done
[0.135s] -- Check for working CXX compiler: /usr/bin/c++ - skipped
[0.135s] -- Detecting CXX compile features
[0.135s] -- Detecting CXX compile features - done
[0.136s] -- Found ament_cmake: 1.3.12 (/opt/ros/humble/share/ament_cmake/cmake)
[0.210s] -- Found Python3: /usr/bin/python3 (found version "3.10.12") found components: Interpreter 
[0.240s] -- Override CMake install command with custom implementation using symlinks instead of copying resources
[0.254s] -- Found interbotix_xs_msgs: 0.0.0 (/workspace/koch_control/install/interbotix_xs_msgs/share/interbotix_xs_msgs/cmake)
[0.270s] -- Found rosidl_generator_c: 3.1.7 (/opt/ros/humble/share/rosidl_generator_c/cmake)
[0.272s] -- Found rosidl_adapter: 3.1.7 (/opt/ros/humble/share/rosidl_adapter/cmake)
[0.275s] -- Found rosidl_generator_cpp: 3.1.7 (/opt/ros/humble/share/rosidl_generator_cpp/cmake)
[0.281s] -- Using all available rosidl_typesupport_c: rosidl_typesupport_fastrtps_c;rosidl_typesupport_introspection_c
[0.287s] -- Using all available rosidl_typesupport_cpp: rosidl_typesupport_fastrtps_cpp;rosidl_typesupport_introspection_cpp
[0.317s] -- Found rclcpp: 16.0.16 (/opt/ros/humble/share/rclcpp/cmake)
[0.332s] -- Found rmw_implementation_cmake: 6.1.2 (/opt/ros/humble/share/rmw_implementation_cmake/cmake)
[0.333s] -- Found rmw_fastrtps_cpp: 6.2.9 (/opt/ros/humble/share/rmw_fastrtps_cpp/cmake)
[0.373s] -- Found OpenSSL: /usr/lib/x86_64-linux-gnu/libcrypto.so (found version "3.0.2")  
[0.388s] -- Found FastRTPS: /opt/ros/humble/include  
[0.408s] -- Using RMW implementation 'rmw_fastrtps_cpp' as default
[0.412s] -- Looking for pthread.h
[0.444s] -- Looking for pthread.h - found
[0.444s] -- Performing Test CMAKE_HAVE_LIBC_PTHREAD
[0.475s] -- Performing Test CMAKE_HAVE_LIBC_PTHREAD - Success
[0.476s] -- Found Threads: TRUE  
[0.492s] -- Found sensor_msgs: 4.9.0 (/opt/ros/humble/share/sensor_msgs/cmake)
[0.500s] -- Found ament_lint_auto: 0.12.14 (/opt/ros/humble/share/ament_lint_auto/cmake)
[0.546s] -- Added test 'copyright' to check source files copyright and LICENSE
[0.547s] -- Added test 'cppcheck' to perform static code analysis on C / C++ code
[0.547s] -- Configured cppcheck include dirs: /workspace/koch_control/interbotix_ros_manipulators/interbotix_ros_xsarms/examples/interbotix_xsarm_puppet/include
[0.547s] -- Configured cppcheck exclude dirs and/or files: 
[0.548s] -- Added test 'cpplint' to check C / C++ code against the Google style
[0.548s] -- Configured cpplint exclude dirs and/or files: 
[0.548s] -- Added test 'flake8' to check Python code syntax and style conventions
[0.548s] -- Added test 'lint_cmake' to check CMake code style
[0.548s] -- Added test 'pep257' to check Python code against some of the docstring style conventions in PEP 257
[0.549s] -- Added test 'uncrustify' to check C / C++ code style
[0.549s] -- Configured uncrustify additional arguments: 
[0.549s] -- Added test 'xmllint' to check XML markup files
[0.550s] -- Configuring done
[0.555s] -- Generating done
[0.558s] -- Build files have been written to: /workspace/koch_control/build/interbotix_xsarm_puppet
