[0.010s] Invoking command in '/workspace/koch_control/build/interbotix_xsarm_dual': AMENT_PREFIX_PATH=/workspace/koch_control/install/interbotix_xsarm_descriptions:/workspace/koch_control/install/interbotix_xs_modules:/workspace/koch_control/install/interbotix_xs_sdk:/workspace/koch_control/install/interbotix_xs_driver:/workspace/koch_control/install/interbotix_xs_msgs:/workspace/koch_control/install/interbotix_common_modules:/workspace/koch_control/install/dynamixel_workbench_toolbox:${AMENT_PREFIX_PATH} CMAKE_PREFIX_PATH=/workspace/koch_control/install/interbotix_xsarm_descriptions:/workspace/koch_control/install/interbotix_xs_sdk:/workspace/koch_control/install/interbotix_xs_driver:/workspace/koch_control/install/interbotix_xs_msgs:/workspace/koch_control/install/dynamixel_workbench_toolbox:/opt/ros/humble LD_LIBRARY_PATH=/workspace/koch_control/install/interbotix_xs_driver/lib:/workspace/koch_control/install/interbotix_xs_msgs/lib:/workspace/koch_control/install/dynamixel_workbench_toolbox/lib:${LD_LIBRARY_PATH} PYTHONPATH=/workspace/koch_control/build/interbotix_xs_modules:/workspace/koch_control/install/interbotix_xs_modules/lib/python3.10/site-packages:/workspace/koch_control/install/interbotix_xs_msgs/local/lib/python3.10/dist-packages:/workspace/koch_control/build/interbotix_common_modules:/workspace/koch_control/install/interbotix_common_modules/lib/python3.10/site-packages:${PYTHONPATH} /usr/bin/cmake /workspace/koch_control/interbotix_ros_manipulators/interbotix_ros_xsarms/examples/interbotix_xsarm_dual -DAMENT_CMAKE_SYMLINK_INSTALL=1 -DCMAKE_INSTALL_PREFIX=/workspace/koch_control/install/interbotix_xsarm_dual
[0.034s] -- The C compiler identification is GNU 11.4.0
[0.057s] -- The CXX compiler identification is GNU 11.4.0
[0.061s] -- Detecting C compiler ABI info
[0.094s] -- Detecting C compiler ABI info - done
[0.097s] -- Check for working C compiler: /usr/bin/cc - skipped
[0.097s] -- Detecting C compile features
[0.097s] -- Detecting C compile features - done
[0.099s] -- Detecting CXX compiler ABI info
[0.134s] -- Detecting CXX compiler ABI info - done
[0.137s] -- Check for working CXX compiler: /usr/bin/c++ - skipped
[0.137s] -- Detecting CXX compile features
[0.138s] -- Detecting CXX compile features - done
[0.139s] -- Found ament_cmake: 1.3.12 (/opt/ros/humble/share/ament_cmake/cmake)
[0.211s] -- Found Python3: /usr/bin/python3 (found version "3.10.12") found components: Interpreter 
[0.241s] -- Override CMake install command with custom implementation using symlinks instead of copying resources
[0.256s] -- Found ament_lint_auto: 0.12.14 (/opt/ros/humble/share/ament_lint_auto/cmake)
[0.307s] -- Added test 'copyright' to check source files copyright and LICENSE
[0.310s] -- Added test 'flake8' to check Python code syntax and style conventions
[0.310s] -- Added test 'lint_cmake' to check CMake code style
[0.310s] -- Added test 'pep257' to check Python code against some of the docstring style conventions in PEP 257
[0.311s] -- Added test 'xmllint' to check XML markup files
[0.311s] -- Configuring done
[0.313s] -- Generating done
[0.313s] -- Build files have been written to: /workspace/koch_control/build/interbotix_xsarm_dual
[0.317s] Invoked command in '/workspace/koch_control/build/interbotix_xsarm_dual' returned '0': AMENT_PREFIX_PATH=/workspace/koch_control/install/interbotix_xsarm_descriptions:/workspace/koch_control/install/interbotix_xs_modules:/workspace/koch_control/install/interbotix_xs_sdk:/workspace/koch_control/install/interbotix_xs_driver:/workspace/koch_control/install/interbotix_xs_msgs:/workspace/koch_control/install/interbotix_common_modules:/workspace/koch_control/install/dynamixel_workbench_toolbox:${AMENT_PREFIX_PATH} CMAKE_PREFIX_PATH=/workspace/koch_control/install/interbotix_xsarm_descriptions:/workspace/koch_control/install/interbotix_xs_sdk:/workspace/koch_control/install/interbotix_xs_driver:/workspace/koch_control/install/interbotix_xs_msgs:/workspace/koch_control/install/dynamixel_workbench_toolbox:/opt/ros/humble LD_LIBRARY_PATH=/workspace/koch_control/install/interbotix_xs_driver/lib:/workspace/koch_control/install/interbotix_xs_msgs/lib:/workspace/koch_control/install/dynamixel_workbench_toolbox/lib:${LD_LIBRARY_PATH} PYTHONPATH=/workspace/koch_control/build/interbotix_xs_modules:/workspace/koch_control/install/interbotix_xs_modules/lib/python3.10/site-packages:/workspace/koch_control/install/interbotix_xs_msgs/local/lib/python3.10/dist-packages:/workspace/koch_control/build/interbotix_common_modules:/workspace/koch_control/install/interbotix_common_modules/lib/python3.10/site-packages:${PYTHONPATH} /usr/bin/cmake /workspace/koch_control/interbotix_ros_manipulators/interbotix_ros_xsarms/examples/interbotix_xsarm_dual -DAMENT_CMAKE_SYMLINK_INSTALL=1 -DCMAKE_INSTALL_PREFIX=/workspace/koch_control/install/interbotix_xsarm_dual
[0.318s] Invoking command in '/workspace/koch_control/build/interbotix_xsarm_dual': AMENT_PREFIX_PATH=/workspace/koch_control/install/interbotix_xsarm_descriptions:/workspace/koch_control/install/interbotix_xs_modules:/workspace/koch_control/install/interbotix_xs_sdk:/workspace/koch_control/install/interbotix_xs_driver:/workspace/koch_control/install/interbotix_xs_msgs:/workspace/koch_control/install/interbotix_common_modules:/workspace/koch_control/install/dynamixel_workbench_toolbox:${AMENT_PREFIX_PATH} CMAKE_PREFIX_PATH=/workspace/koch_control/install/interbotix_xsarm_descriptions:/workspace/koch_control/install/interbotix_xs_sdk:/workspace/koch_control/install/interbotix_xs_driver:/workspace/koch_control/install/interbotix_xs_msgs:/workspace/koch_control/install/dynamixel_workbench_toolbox:/opt/ros/humble LD_LIBRARY_PATH=/workspace/koch_control/install/interbotix_xs_driver/lib:/workspace/koch_control/install/interbotix_xs_msgs/lib:/workspace/koch_control/install/dynamixel_workbench_toolbox/lib:${LD_LIBRARY_PATH} PYTHONPATH=/workspace/koch_control/build/interbotix_xs_modules:/workspace/koch_control/install/interbotix_xs_modules/lib/python3.10/site-packages:/workspace/koch_control/install/interbotix_xs_msgs/local/lib/python3.10/dist-packages:/workspace/koch_control/build/interbotix_common_modules:/workspace/koch_control/install/interbotix_common_modules/lib/python3.10/site-packages:${PYTHONPATH} /usr/bin/cmake --build /workspace/koch_control/build/interbotix_xsarm_dual -- -j32 -l32
[0.335s] Invoked command in '/workspace/koch_control/build/interbotix_xsarm_dual' returned '0': AMENT_PREFIX_PATH=/workspace/koch_control/install/interbotix_xsarm_descriptions:/workspace/koch_control/install/interbotix_xs_modules:/workspace/koch_control/install/interbotix_xs_sdk:/workspace/koch_control/install/interbotix_xs_driver:/workspace/koch_control/install/interbotix_xs_msgs:/workspace/koch_control/install/interbotix_common_modules:/workspace/koch_control/install/dynamixel_workbench_toolbox:${AMENT_PREFIX_PATH} CMAKE_PREFIX_PATH=/workspace/koch_control/install/interbotix_xsarm_descriptions:/workspace/koch_control/install/interbotix_xs_sdk:/workspace/koch_control/install/interbotix_xs_driver:/workspace/koch_control/install/interbotix_xs_msgs:/workspace/koch_control/install/dynamixel_workbench_toolbox:/opt/ros/humble LD_LIBRARY_PATH=/workspace/koch_control/install/interbotix_xs_driver/lib:/workspace/koch_control/install/interbotix_xs_msgs/lib:/workspace/koch_control/install/dynamixel_workbench_toolbox/lib:${LD_LIBRARY_PATH} PYTHONPATH=/workspace/koch_control/build/interbotix_xs_modules:/workspace/koch_control/install/interbotix_xs_modules/lib/python3.10/site-packages:/workspace/koch_control/install/interbotix_xs_msgs/local/lib/python3.10/dist-packages:/workspace/koch_control/build/interbotix_common_modules:/workspace/koch_control/install/interbotix_common_modules/lib/python3.10/site-packages:${PYTHONPATH} /usr/bin/cmake --build /workspace/koch_control/build/interbotix_xsarm_dual -- -j32 -l32
[0.335s] Invoking command in '/workspace/koch_control/build/interbotix_xsarm_dual': AMENT_PREFIX_PATH=/workspace/koch_control/install/interbotix_xsarm_descriptions:/workspace/koch_control/install/interbotix_xs_modules:/workspace/koch_control/install/interbotix_xs_sdk:/workspace/koch_control/install/interbotix_xs_driver:/workspace/koch_control/install/interbotix_xs_msgs:/workspace/koch_control/install/interbotix_common_modules:/workspace/koch_control/install/dynamixel_workbench_toolbox:${AMENT_PREFIX_PATH} CMAKE_PREFIX_PATH=/workspace/koch_control/install/interbotix_xsarm_descriptions:/workspace/koch_control/install/interbotix_xs_sdk:/workspace/koch_control/install/interbotix_xs_driver:/workspace/koch_control/install/interbotix_xs_msgs:/workspace/koch_control/install/dynamixel_workbench_toolbox:/opt/ros/humble LD_LIBRARY_PATH=/workspace/koch_control/install/interbotix_xs_driver/lib:/workspace/koch_control/install/interbotix_xs_msgs/lib:/workspace/koch_control/install/dynamixel_workbench_toolbox/lib:${LD_LIBRARY_PATH} PYTHONPATH=/workspace/koch_control/build/interbotix_xs_modules:/workspace/koch_control/install/interbotix_xs_modules/lib/python3.10/site-packages:/workspace/koch_control/install/interbotix_xs_msgs/local/lib/python3.10/dist-packages:/workspace/koch_control/build/interbotix_common_modules:/workspace/koch_control/install/interbotix_common_modules/lib/python3.10/site-packages:${PYTHONPATH} /usr/bin/cmake --install /workspace/koch_control/build/interbotix_xsarm_dual
[0.338s] -- Install configuration: ""
[0.338s] -- Execute custom install script
[0.338s] -- Symlinking: /workspace/koch_control/install/interbotix_xsarm_dual/lib/interbotix_xsarm_dual/xsarm_dual.py
[0.342s] -- Symlinking: /workspace/koch_control/install/interbotix_xsarm_dual/share/interbotix_xsarm_dual//config/modes_1.yaml
[0.346s] -- Symlinking: /workspace/koch_control/install/interbotix_xsarm_dual/share/interbotix_xsarm_dual//config/modes_2.yaml
[0.349s] -- Symlinking: /workspace/koch_control/install/interbotix_xsarm_dual/share/interbotix_xsarm_dual//launch/xsarm_dual.launch.py
[0.353s] -- Symlinking: /workspace/koch_control/install/interbotix_xsarm_dual/share/interbotix_xsarm_dual//rviz/xsarm_dual.rviz
[0.356s] -- Symlinking: /workspace/koch_control/install/interbotix_xsarm_dual/share/ament_index/resource_index/package_run_dependencies/interbotix_xsarm_dual
[0.360s] -- Symlinking: /workspace/koch_control/install/interbotix_xsarm_dual/share/ament_index/resource_index/parent_prefix_path/interbotix_xsarm_dual
[0.364s] -- Symlinking: /workspace/koch_control/install/interbotix_xsarm_dual/share/interbotix_xsarm_dual/environment/ament_prefix_path.sh
[0.367s] -- Symlinking: /workspace/koch_control/install/interbotix_xsarm_dual/share/interbotix_xsarm_dual/environment/ament_prefix_path.dsv
[0.371s] -- Symlinking: /workspace/koch_control/install/interbotix_xsarm_dual/share/interbotix_xsarm_dual/environment/path.sh
[0.374s] -- Symlinking: /workspace/koch_control/install/interbotix_xsarm_dual/share/interbotix_xsarm_dual/environment/path.dsv
[0.378s] -- Symlinking: /workspace/koch_control/install/interbotix_xsarm_dual/share/interbotix_xsarm_dual/local_setup.bash
[0.381s] -- Symlinking: /workspace/koch_control/install/interbotix_xsarm_dual/share/interbotix_xsarm_dual/local_setup.sh
[0.385s] -- Symlinking: /workspace/koch_control/install/interbotix_xsarm_dual/share/interbotix_xsarm_dual/local_setup.zsh
[0.388s] -- Symlinking: /workspace/koch_control/install/interbotix_xsarm_dual/share/interbotix_xsarm_dual/local_setup.dsv
[0.392s] -- Symlinking: /workspace/koch_control/install/interbotix_xsarm_dual/share/interbotix_xsarm_dual/package.dsv
[0.395s] -- Symlinking: /workspace/koch_control/install/interbotix_xsarm_dual/share/ament_index/resource_index/packages/interbotix_xsarm_dual
[0.399s] -- Symlinking: /workspace/koch_control/install/interbotix_xsarm_dual/share/interbotix_xsarm_dual/cmake/interbotix_xsarm_dualConfig.cmake
[0.403s] -- Symlinking: /workspace/koch_control/install/interbotix_xsarm_dual/share/interbotix_xsarm_dual/cmake/interbotix_xsarm_dualConfig-version.cmake
[0.406s] -- Symlinking: /workspace/koch_control/install/interbotix_xsarm_dual/share/interbotix_xsarm_dual/package.xml
[0.410s] Invoked command in '/workspace/koch_control/build/interbotix_xsarm_dual' returned '0': AMENT_PREFIX_PATH=/workspace/koch_control/install/interbotix_xsarm_descriptions:/workspace/koch_control/install/interbotix_xs_modules:/workspace/koch_control/install/interbotix_xs_sdk:/workspace/koch_control/install/interbotix_xs_driver:/workspace/koch_control/install/interbotix_xs_msgs:/workspace/koch_control/install/interbotix_common_modules:/workspace/koch_control/install/dynamixel_workbench_toolbox:${AMENT_PREFIX_PATH} CMAKE_PREFIX_PATH=/workspace/koch_control/install/interbotix_xsarm_descriptions:/workspace/koch_control/install/interbotix_xs_sdk:/workspace/koch_control/install/interbotix_xs_driver:/workspace/koch_control/install/interbotix_xs_msgs:/workspace/koch_control/install/dynamixel_workbench_toolbox:/opt/ros/humble LD_LIBRARY_PATH=/workspace/koch_control/install/interbotix_xs_driver/lib:/workspace/koch_control/install/interbotix_xs_msgs/lib:/workspace/koch_control/install/dynamixel_workbench_toolbox/lib:${LD_LIBRARY_PATH} PYTHONPATH=/workspace/koch_control/build/interbotix_xs_modules:/workspace/koch_control/install/interbotix_xs_modules/lib/python3.10/site-packages:/workspace/koch_control/install/interbotix_xs_msgs/local/lib/python3.10/dist-packages:/workspace/koch_control/build/interbotix_common_modules:/workspace/koch_control/install/interbotix_common_modules/lib/python3.10/site-packages:${PYTHONPATH} /usr/bin/cmake --install /workspace/koch_control/build/interbotix_xsarm_dual
