[0.013s] Invoking command in '/workspace/koch_control/build/interbotix_ros_xseries': AMENT_PREFIX_PATH=/workspace/koch_control/install/interbotix_xs_sdk:/workspace/koch_control/install/interbotix_xs_driver:/workspace/koch_control/install/interbotix_xs_msgs:/workspace/koch_control/install/dynamixel_workbench_toolbox:${AMENT_PREFIX_PATH} CMAKE_PREFIX_PATH=/workspace/koch_control/install/interbotix_xs_sdk:/workspace/koch_control/install/interbotix_xs_driver:/workspace/koch_control/install/interbotix_xs_msgs:/workspace/koch_control/install/dynamixel_workbench_toolbox:/opt/ros/humble LD_LIBRARY_PATH=/workspace/koch_control/install/interbotix_xs_driver/lib:/workspace/koch_control/install/interbotix_xs_msgs/lib:/workspace/koch_control/install/dynamixel_workbench_toolbox/lib:${LD_LIBRARY_PATH} PYTHONPATH=/workspace/koch_control/install/interbotix_xs_msgs/local/lib/python3.10/dist-packages:${PYTHONPATH} /usr/bin/cmake --build /workspace/koch_control/build/interbotix_ros_xseries -- -j32 -l32
[0.029s] Invoked command in '/workspace/koch_control/build/interbotix_ros_xseries' returned '0': AMENT_PREFIX_PATH=/workspace/koch_control/install/interbotix_xs_sdk:/workspace/koch_control/install/interbotix_xs_driver:/workspace/koch_control/install/interbotix_xs_msgs:/workspace/koch_control/install/dynamixel_workbench_toolbox:${AMENT_PREFIX_PATH} CMAKE_PREFIX_PATH=/workspace/koch_control/install/interbotix_xs_sdk:/workspace/koch_control/install/interbotix_xs_driver:/workspace/koch_control/install/interbotix_xs_msgs:/workspace/koch_control/install/dynamixel_workbench_toolbox:/opt/ros/humble LD_LIBRARY_PATH=/workspace/koch_control/install/interbotix_xs_driver/lib:/workspace/koch_control/install/interbotix_xs_msgs/lib:/workspace/koch_control/install/dynamixel_workbench_toolbox/lib:${LD_LIBRARY_PATH} PYTHONPATH=/workspace/koch_control/install/interbotix_xs_msgs/local/lib/python3.10/dist-packages:${PYTHONPATH} /usr/bin/cmake --build /workspace/koch_control/build/interbotix_ros_xseries -- -j32 -l32
[0.030s] Invoking command in '/workspace/koch_control/build/interbotix_ros_xseries': AMENT_PREFIX_PATH=/workspace/koch_control/install/interbotix_xs_sdk:/workspace/koch_control/install/interbotix_xs_driver:/workspace/koch_control/install/interbotix_xs_msgs:/workspace/koch_control/install/dynamixel_workbench_toolbox:${AMENT_PREFIX_PATH} CMAKE_PREFIX_PATH=/workspace/koch_control/install/interbotix_xs_sdk:/workspace/koch_control/install/interbotix_xs_driver:/workspace/koch_control/install/interbotix_xs_msgs:/workspace/koch_control/install/dynamixel_workbench_toolbox:/opt/ros/humble LD_LIBRARY_PATH=/workspace/koch_control/install/interbotix_xs_driver/lib:/workspace/koch_control/install/interbotix_xs_msgs/lib:/workspace/koch_control/install/dynamixel_workbench_toolbox/lib:${LD_LIBRARY_PATH} PYTHONPATH=/workspace/koch_control/install/interbotix_xs_msgs/local/lib/python3.10/dist-packages:${PYTHONPATH} /usr/bin/cmake --install /workspace/koch_control/build/interbotix_ros_xseries
[0.033s] -- Install configuration: ""
[0.033s] -- Execute custom install script
[0.033s] -- Up-to-date symlink: /workspace/koch_control/install/interbotix_ros_xseries/share/ament_index/resource_index/package_run_dependencies/interbotix_ros_xseries
[0.033s] -- Up-to-date symlink: /workspace/koch_control/install/interbotix_ros_xseries/share/ament_index/resource_index/parent_prefix_path/interbotix_ros_xseries
[0.033s] -- Up-to-date symlink: /workspace/koch_control/install/interbotix_ros_xseries/share/interbotix_ros_xseries/environment/ament_prefix_path.sh
[0.033s] -- Up-to-date symlink: /workspace/koch_control/install/interbotix_ros_xseries/share/interbotix_ros_xseries/environment/ament_prefix_path.dsv
[0.033s] -- Up-to-date symlink: /workspace/koch_control/install/interbotix_ros_xseries/share/interbotix_ros_xseries/environment/path.sh
[0.033s] -- Up-to-date symlink: /workspace/koch_control/install/interbotix_ros_xseries/share/interbotix_ros_xseries/environment/path.dsv
[0.033s] -- Up-to-date symlink: /workspace/koch_control/install/interbotix_ros_xseries/share/interbotix_ros_xseries/local_setup.bash
[0.033s] -- Up-to-date symlink: /workspace/koch_control/install/interbotix_ros_xseries/share/interbotix_ros_xseries/local_setup.sh
[0.033s] -- Up-to-date symlink: /workspace/koch_control/install/interbotix_ros_xseries/share/interbotix_ros_xseries/local_setup.zsh
[0.033s] -- Up-to-date symlink: /workspace/koch_control/install/interbotix_ros_xseries/share/interbotix_ros_xseries/local_setup.dsv
[0.034s] -- Symlinking: /workspace/koch_control/install/interbotix_ros_xseries/share/interbotix_ros_xseries/package.dsv
[0.037s] -- Up-to-date symlink: /workspace/koch_control/install/interbotix_ros_xseries/share/ament_index/resource_index/packages/interbotix_ros_xseries
[0.037s] -- Up-to-date symlink: /workspace/koch_control/install/interbotix_ros_xseries/share/interbotix_ros_xseries/cmake/interbotix_ros_xseriesConfig.cmake
[0.037s] -- Up-to-date symlink: /workspace/koch_control/install/interbotix_ros_xseries/share/interbotix_ros_xseries/cmake/interbotix_ros_xseriesConfig-version.cmake
[0.037s] -- Up-to-date symlink: /workspace/koch_control/install/interbotix_ros_xseries/share/interbotix_ros_xseries/package.xml
[0.038s] Invoked command in '/workspace/koch_control/build/interbotix_ros_xseries' returned '0': AMENT_PREFIX_PATH=/workspace/koch_control/install/interbotix_xs_sdk:/workspace/koch_control/install/interbotix_xs_driver:/workspace/koch_control/install/interbotix_xs_msgs:/workspace/koch_control/install/dynamixel_workbench_toolbox:${AMENT_PREFIX_PATH} CMAKE_PREFIX_PATH=/workspace/koch_control/install/interbotix_xs_sdk:/workspace/koch_control/install/interbotix_xs_driver:/workspace/koch_control/install/interbotix_xs_msgs:/workspace/koch_control/install/dynamixel_workbench_toolbox:/opt/ros/humble LD_LIBRARY_PATH=/workspace/koch_control/install/interbotix_xs_driver/lib:/workspace/koch_control/install/interbotix_xs_msgs/lib:/workspace/koch_control/install/dynamixel_workbench_toolbox/lib:${LD_LIBRARY_PATH} PYTHONPATH=/workspace/koch_control/install/interbotix_xs_msgs/local/lib/python3.10/dist-packages:${PYTHONPATH} /usr/bin/cmake --install /workspace/koch_control/build/interbotix_ros_xseries
