[0.104s] Invoking command in '/workspace/koch_control/build/interbotix_tf_tools': CMAKE_PREFIX_PATH=/opt/ros/humble /usr/bin/cmake /workspace/koch_control/interbotix_ros_toolboxes/interbotix_common_toolbox/interbotix_tf_tools -DAMENT_CMAKE_SYMLINK_INSTALL=1 -DCMAKE_INSTALL_PREFIX=/workspace/koch_control/install/interbotix_tf_tools
[0.127s] -- The C compiler identification is GNU 11.4.0
[0.154s] -- The CXX compiler identification is GNU 11.4.0
[0.159s] -- Detecting C compiler ABI info
[0.196s] -- Detecting C compiler ABI info - done
[0.199s] -- Check for working C compiler: /usr/bin/cc - skipped
[0.199s] -- Detecting C compile features
[0.200s] -- Detecting C compile features - done
[0.201s] -- Detecting CXX compiler ABI info
[0.241s] -- Detecting CXX compiler ABI info - done
[0.244s] -- Check for working CXX compiler: /usr/bin/c++ - skipped
[0.244s] -- Detecting CXX compile features
[0.244s] -- Detecting CXX compile features - done
[0.247s] -- Found ament_cmake: 1.3.12 (/opt/ros/humble/share/ament_cmake/cmake)
[0.322s] -- Found Python3: /usr/bin/python3 (found version "3.10.12") found components: Interpreter 
[0.355s] -- Override CMake install command with custom implementation using symlinks instead of copying resources
[0.376s] -- Found geometry_msgs: 4.9.0 (/opt/ros/humble/share/geometry_msgs/cmake)
[0.395s] -- Found rosidl_generator_c: 3.1.7 (/opt/ros/humble/share/rosidl_generator_c/cmake)
[0.397s] -- Found rosidl_adapter: 3.1.7 (/opt/ros/humble/share/rosidl_adapter/cmake)
[0.400s] -- Found rosidl_generator_cpp: 3.1.7 (/opt/ros/humble/share/rosidl_generator_cpp/cmake)
[0.408s] -- Using all available rosidl_typesupport_c: rosidl_typesupport_fastrtps_c;rosidl_typesupport_introspection_c
[0.414s] -- Using all available rosidl_typesupport_cpp: rosidl_typesupport_fastrtps_cpp;rosidl_typesupport_introspection_cpp
[0.435s] -- Found rclcpp: 16.0.16 (/opt/ros/humble/share/rclcpp/cmake)
[0.448s] -- Found rmw_implementation_cmake: 6.1.2 (/opt/ros/humble/share/rmw_implementation_cmake/cmake)
[0.449s] -- Found rmw_fastrtps_cpp: 6.2.9 (/opt/ros/humble/share/rmw_fastrtps_cpp/cmake)
[0.488s] -- Found OpenSSL: /usr/lib/x86_64-linux-gnu/libcrypto.so (found version "3.0.2")  
[0.500s] -- Found FastRTPS: /opt/ros/humble/include  
[0.520s] -- Using RMW implementation 'rmw_fastrtps_cpp' as default
[0.526s] -- Looking for pthread.h
[0.562s] -- Looking for pthread.h - found
[0.562s] -- Performing Test CMAKE_HAVE_LIBC_PTHREAD
[0.594s] -- Performing Test CMAKE_HAVE_LIBC_PTHREAD - Success
[0.594s] -- Found Threads: TRUE  
[0.615s] -- Found rclcpp_components: 16.0.16 (/opt/ros/humble/share/rclcpp_components/cmake)
[0.631s] -- Found tf2_msgs: 0.25.17 (/opt/ros/humble/share/tf2_msgs/cmake)
[0.655s] -- Found tf2_ros: 0.25.17 (/opt/ros/humble/share/tf2_ros/cmake)
[0.671s] -- Found ament_lint_auto: 0.12.14 (/opt/ros/humble/share/ament_lint_auto/cmake)
[0.719s] -- Added test 'copyright' to check source files copyright and LICENSE
[0.720s] -- Added test 'cppcheck' to perform static code analysis on C / C++ code
[0.720s] -- Configured cppcheck include dirs: /workspace/koch_control/interbotix_ros_toolboxes/interbotix_common_toolbox/interbotix_tf_tools/include
[0.720s] -- Configured cppcheck exclude dirs and/or files: 
[0.720s] -- Added test 'cpplint' to check C / C++ code against the Google style
[0.720s] -- Configured cpplint exclude dirs and/or files: 
[0.720s] -- Added test 'flake8' to check Python code syntax and style conventions
[0.721s] -- Added test 'lint_cmake' to check CMake code style
[0.721s] -- Added test 'pep257' to check Python code against some of the docstring style conventions in PEP 257
[0.721s] -- Added test 'uncrustify' to check C / C++ code style
[0.721s] -- Configured uncrustify additional arguments: 
[0.722s] -- Added test 'xmllint' to check XML markup files
[0.722s] -- Configuring done
[0.728s] -- Generating done
[0.729s] -- Build files have been written to: /workspace/koch_control/build/interbotix_tf_tools
