[0.114s] Invoking command in '/workspace/koch_control/build/interbotix_tf_tools': CMAKE_PREFIX_PATH=/opt/ros/humble /usr/bin/cmake --build /workspace/koch_control/build/interbotix_tf_tools -- -j32 -l32
[0.134s] [35m[1mConsolidate compiler generated dependencies of target tf_rebroadcaster[0m
[0.143s] [100%] Built target tf_rebroadcaster
[0.150s] Invoked command in '/workspace/koch_control/build/interbotix_tf_tools' returned '0': CMAKE_PREFIX_PATH=/opt/ros/humble /usr/bin/cmake --build /workspace/koch_control/build/interbotix_tf_tools -- -j32 -l32
[0.151s] Invoking command in '/workspace/koch_control/build/interbotix_tf_tools': CMAKE_PREFIX_PATH=/opt/ros/humble /usr/bin/cmake --install /workspace/koch_control/build/interbotix_tf_tools
[0.153s] -- Install configuration: ""
[0.154s] -- Execute custom install script
[0.154s] -- Up-to-date symlink: /workspace/koch_control/install/interbotix_tf_tools/lib/libtf_rebroadcaster.so
[0.154s] -- Up-to-date symlink: /workspace/koch_control/install/interbotix_tf_tools/lib/interbotix_tf_tools/static_trans_pub.py
[0.154s] -- Up-to-date symlink: /workspace/koch_control/install/interbotix_tf_tools/share/interbotix_tf_tools//config/tf_rebroadcaster.yaml
[0.154s] -- Up-to-date symlink: /workspace/koch_control/install/interbotix_tf_tools/share/interbotix_tf_tools//launch/static_transform_pub.launch.py
[0.154s] -- Up-to-date symlink: /workspace/koch_control/install/interbotix_tf_tools/share/interbotix_tf_tools//launch/tf_rebroadcaster.launch.py
[0.155s] -- Up-to-date symlink: /workspace/koch_control/install/interbotix_tf_tools/share/ament_index/resource_index/package_run_dependencies/interbotix_tf_tools
[0.155s] -- Up-to-date symlink: /workspace/koch_control/install/interbotix_tf_tools/share/ament_index/resource_index/parent_prefix_path/interbotix_tf_tools
[0.155s] -- Up-to-date symlink: /workspace/koch_control/install/interbotix_tf_tools/share/interbotix_tf_tools/environment/ament_prefix_path.sh
[0.155s] -- Up-to-date symlink: /workspace/koch_control/install/interbotix_tf_tools/share/interbotix_tf_tools/environment/ament_prefix_path.dsv
[0.155s] -- Up-to-date symlink: /workspace/koch_control/install/interbotix_tf_tools/share/interbotix_tf_tools/environment/path.sh
[0.155s] -- Up-to-date symlink: /workspace/koch_control/install/interbotix_tf_tools/share/interbotix_tf_tools/environment/path.dsv
[0.155s] -- Up-to-date symlink: /workspace/koch_control/install/interbotix_tf_tools/share/interbotix_tf_tools/local_setup.bash
[0.155s] -- Up-to-date symlink: /workspace/koch_control/install/interbotix_tf_tools/share/interbotix_tf_tools/local_setup.sh
[0.155s] -- Up-to-date symlink: /workspace/koch_control/install/interbotix_tf_tools/share/interbotix_tf_tools/local_setup.zsh
[0.155s] -- Up-to-date symlink: /workspace/koch_control/install/interbotix_tf_tools/share/interbotix_tf_tools/local_setup.dsv
[0.155s] -- Symlinking: /workspace/koch_control/install/interbotix_tf_tools/share/interbotix_tf_tools/package.dsv
[0.159s] -- Up-to-date symlink: /workspace/koch_control/install/interbotix_tf_tools/share/ament_index/resource_index/packages/interbotix_tf_tools
[0.159s] -- Up-to-date symlink: /workspace/koch_control/install/interbotix_tf_tools/share/ament_index/resource_index/rclcpp_components/interbotix_tf_tools
[0.159s] -- Up-to-date symlink: /workspace/koch_control/install/interbotix_tf_tools/share/interbotix_tf_tools/cmake/interbotix_tf_toolsConfig.cmake
[0.159s] -- Up-to-date symlink: /workspace/koch_control/install/interbotix_tf_tools/share/interbotix_tf_tools/cmake/interbotix_tf_toolsConfig-version.cmake
[0.159s] -- Up-to-date symlink: /workspace/koch_control/install/interbotix_tf_tools/share/interbotix_tf_tools/package.xml
[0.160s] Invoked command in '/workspace/koch_control/build/interbotix_tf_tools' returned '0': CMAKE_PREFIX_PATH=/opt/ros/humble /usr/bin/cmake --install /workspace/koch_control/build/interbotix_tf_tools
