[0.005s] Invoking command in '/workspace/koch_control/build/interbotix_gravity_compensation': AMENT_PREFIX_PATH=/workspace/koch_control/install/interbotix_xs_msgs:${AMENT_PREFIX_PATH} CMAKE_PREFIX_PATH=/workspace/koch_control/install/interbotix_xs_msgs:/opt/ros/humble LD_LIBRARY_PATH=/workspace/koch_control/install/interbotix_xs_msgs/lib:${LD_LIBRARY_PATH} PYTHONPATH=/workspace/koch_control/install/interbotix_xs_msgs/local/lib/python3.10/dist-packages:${PYTHONPATH} /usr/bin/cmake /workspace/koch_control/interbotix_ros_toolboxes/interbotix_common_toolbox/interbotix_gravity_compensation -DAMENT_CMAKE_SYMLINK_INSTALL=1 -DCMAKE_INSTALL_PREFIX=/workspace/koch_control/install/interbotix_gravity_compensation
[0.027s] -- The C compiler identification is GNU 11.4.0
[0.050s] -- The CXX compiler identification is GNU 11.4.0
[0.054s] -- Detecting C compiler ABI info
[0.084s] -- Detecting C compiler ABI info - done
[0.087s] -- Check for working C compiler: /usr/bin/cc - skipped
[0.087s] -- Detecting C compile features
[0.087s] -- Detecting C compile features - done
[0.088s] -- Detecting CXX compiler ABI info
[0.123s] -- Detecting CXX compiler ABI info - done
[0.126s] -- Check for working CXX compiler: /usr/bin/c++ - skipped
[0.127s] -- Detecting CXX compile features
[0.127s] -- Detecting CXX compile features - done
[0.130s] -- Found ament_cmake: 1.3.12 (/opt/ros/humble/share/ament_cmake/cmake)
[0.198s] -- Found Python3: /usr/bin/python3 (found version "3.10.12") found components: Interpreter 
[0.227s] -- Override CMake install command with custom implementation using symlinks instead of copying resources
[0.238s] -- Found interbotix_xs_msgs: 0.0.0 (/workspace/koch_control/install/interbotix_xs_msgs/share/interbotix_xs_msgs/cmake)
[0.254s] -- Found rosidl_generator_c: 3.1.7 (/opt/ros/humble/share/rosidl_generator_c/cmake)
[0.257s] -- Found rosidl_adapter: 3.1.7 (/opt/ros/humble/share/rosidl_adapter/cmake)
[0.260s] -- Found rosidl_generator_cpp: 3.1.7 (/opt/ros/humble/share/rosidl_generator_cpp/cmake)
[0.265s] -- Using all available rosidl_typesupport_c: rosidl_typesupport_fastrtps_c;rosidl_typesupport_introspection_c
[0.271s] -- Using all available rosidl_typesupport_cpp: rosidl_typesupport_fastrtps_cpp;rosidl_typesupport_introspection_cpp
[0.299s] -- Found kdl_parser: 2.6.4 (/opt/ros/humble/share/kdl_parser/cmake)
[0.308s] -- Found eigen3_cmake_module: 0.1.1 (/opt/ros/humble/share/eigen3_cmake_module/cmake)
[0.309s] -- Found Eigen3: TRUE (found version "3.4.0") 
[0.309s] -- Ensuring Eigen3 include directory is part of orocos-kdl CMake target
[0.311s] -- Found rclcpp: 16.0.16 (/opt/ros/humble/share/rclcpp/cmake)
[0.324s] -- Found rmw_implementation_cmake: 6.1.2 (/opt/ros/humble/share/rmw_implementation_cmake/cmake)
[0.325s] -- Found rmw_fastrtps_cpp: 6.2.9 (/opt/ros/humble/share/rmw_fastrtps_cpp/cmake)
[0.364s] -- Found OpenSSL: /usr/lib/x86_64-linux-gnu/libcrypto.so (found version "3.0.2")  
[0.376s] -- Found FastRTPS: /opt/ros/humble/include  
[0.395s] -- Using RMW implementation 'rmw_fastrtps_cpp' as default
[0.398s] -- Looking for pthread.h
[0.430s] -- Looking for pthread.h - found
[0.430s] -- Performing Test CMAKE_HAVE_LIBC_PTHREAD
[0.462s] -- Performing Test CMAKE_HAVE_LIBC_PTHREAD - Success
[0.462s] -- Found Threads: TRUE  
[0.477s] -- Found sensor_msgs: 4.9.0 (/opt/ros/humble/share/sensor_msgs/cmake)
[0.485s] -- Found std_srvs: 4.9.0 (/opt/ros/humble/share/std_srvs/cmake)
[0.490s] -- Found yaml_cpp_vendor: 8.0.2 (/opt/ros/humble/share/yaml_cpp_vendor/cmake)
[0.493s] -- Found ament_lint_auto: 0.12.14 (/opt/ros/humble/share/ament_lint_auto/cmake)
[0.537s] -- Added test 'copyright' to check source files copyright and LICENSE
[0.538s] -- Added test 'cppcheck' to perform static code analysis on C / C++ code
[0.538s] -- Configured cppcheck include dirs: /workspace/koch_control/interbotix_ros_toolboxes/interbotix_common_toolbox/interbotix_gravity_compensation/include
[0.538s] -- Configured cppcheck exclude dirs and/or files: 
[0.538s] -- Added test 'cpplint' to check C / C++ code against the Google style
[0.538s] -- Configured cpplint exclude dirs and/or files: 
[0.538s] -- Added test 'lint_cmake' to check CMake code style
[0.539s] -- Added test 'uncrustify' to check C / C++ code style
[0.539s] -- Configured uncrustify additional arguments: 
[0.539s] -- Added test 'xmllint' to check XML markup files
[0.539s] -- Configuring done
[0.545s] -- Generating done
[0.547s] -- Build files have been written to: /workspace/koch_control/build/interbotix_gravity_compensation
[0.553s] Invoked command in '/workspace/koch_control/build/interbotix_gravity_compensation' returned '0': AMENT_PREFIX_PATH=/workspace/koch_control/install/interbotix_xs_msgs:${AMENT_PREFIX_PATH} CMAKE_PREFIX_PATH=/workspace/koch_control/install/interbotix_xs_msgs:/opt/ros/humble LD_LIBRARY_PATH=/workspace/koch_control/install/interbotix_xs_msgs/lib:${LD_LIBRARY_PATH} PYTHONPATH=/workspace/koch_control/install/interbotix_xs_msgs/local/lib/python3.10/dist-packages:${PYTHONPATH} /usr/bin/cmake /workspace/koch_control/interbotix_ros_toolboxes/interbotix_common_toolbox/interbotix_gravity_compensation -DAMENT_CMAKE_SYMLINK_INSTALL=1 -DCMAKE_INSTALL_PREFIX=/workspace/koch_control/install/interbotix_gravity_compensation
[0.554s] Invoking command in '/workspace/koch_control/build/interbotix_gravity_compensation': AMENT_PREFIX_PATH=/workspace/koch_control/install/interbotix_xs_msgs:${AMENT_PREFIX_PATH} CMAKE_PREFIX_PATH=/workspace/koch_control/install/interbotix_xs_msgs:/opt/ros/humble LD_LIBRARY_PATH=/workspace/koch_control/install/interbotix_xs_msgs/lib:${LD_LIBRARY_PATH} PYTHONPATH=/workspace/koch_control/install/interbotix_xs_msgs/local/lib/python3.10/dist-packages:${PYTHONPATH} /usr/bin/cmake --build /workspace/koch_control/build/interbotix_gravity_compensation -- -j32 -l32
[0.578s] [ 33%] [32mBuilding CXX object CMakeFiles/interbotix_gravity_compensation.dir/src/interbotix_gravity_compensation_node.cpp.o[0m
[0.578s] [ 66%] [32mBuilding CXX object CMakeFiles/interbotix_gravity_compensation.dir/src/interbotix_gravity_compensation.cpp.o[0m
[6.623s] [100%] [32m[1mLinking CXX executable interbotix_gravity_compensation[0m
[6.875s] [100%] Built target interbotix_gravity_compensation
[6.880s] Invoked command in '/workspace/koch_control/build/interbotix_gravity_compensation' returned '0': AMENT_PREFIX_PATH=/workspace/koch_control/install/interbotix_xs_msgs:${AMENT_PREFIX_PATH} CMAKE_PREFIX_PATH=/workspace/koch_control/install/interbotix_xs_msgs:/opt/ros/humble LD_LIBRARY_PATH=/workspace/koch_control/install/interbotix_xs_msgs/lib:${LD_LIBRARY_PATH} PYTHONPATH=/workspace/koch_control/install/interbotix_xs_msgs/local/lib/python3.10/dist-packages:${PYTHONPATH} /usr/bin/cmake --build /workspace/koch_control/build/interbotix_gravity_compensation -- -j32 -l32
[6.881s] Invoking command in '/workspace/koch_control/build/interbotix_gravity_compensation': AMENT_PREFIX_PATH=/workspace/koch_control/install/interbotix_xs_msgs:${AMENT_PREFIX_PATH} CMAKE_PREFIX_PATH=/workspace/koch_control/install/interbotix_xs_msgs:/opt/ros/humble LD_LIBRARY_PATH=/workspace/koch_control/install/interbotix_xs_msgs/lib:${LD_LIBRARY_PATH} PYTHONPATH=/workspace/koch_control/install/interbotix_xs_msgs/local/lib/python3.10/dist-packages:${PYTHONPATH} /usr/bin/cmake --install /workspace/koch_control/build/interbotix_gravity_compensation
[6.883s] -- Install configuration: ""
[6.884s] -- Execute custom install script
[6.884s] -- Symlinking: /workspace/koch_control/install/interbotix_gravity_compensation/lib/interbotix_gravity_compensation/interbotix_gravity_compensation
[6.888s] -- Symlinking: /workspace/koch_control/install/interbotix_gravity_compensation/share/interbotix_gravity_compensation/config/motor_specs_example.yaml
[6.892s] -- Symlinking: /workspace/koch_control/install/interbotix_gravity_compensation/share/ament_index/resource_index/package_run_dependencies/interbotix_gravity_compensation
[6.895s] -- Symlinking: /workspace/koch_control/install/interbotix_gravity_compensation/share/ament_index/resource_index/parent_prefix_path/interbotix_gravity_compensation
[6.898s] -- Symlinking: /workspace/koch_control/install/interbotix_gravity_compensation/share/interbotix_gravity_compensation/environment/ament_prefix_path.sh
[6.902s] -- Symlinking: /workspace/koch_control/install/interbotix_gravity_compensation/share/interbotix_gravity_compensation/environment/ament_prefix_path.dsv
[6.905s] -- Symlinking: /workspace/koch_control/install/interbotix_gravity_compensation/share/interbotix_gravity_compensation/environment/path.sh
[6.909s] -- Symlinking: /workspace/koch_control/install/interbotix_gravity_compensation/share/interbotix_gravity_compensation/environment/path.dsv
[6.912s] -- Symlinking: /workspace/koch_control/install/interbotix_gravity_compensation/share/interbotix_gravity_compensation/local_setup.bash
[6.915s] -- Symlinking: /workspace/koch_control/install/interbotix_gravity_compensation/share/interbotix_gravity_compensation/local_setup.sh
[6.918s] -- Symlinking: /workspace/koch_control/install/interbotix_gravity_compensation/share/interbotix_gravity_compensation/local_setup.zsh
[6.922s] -- Symlinking: /workspace/koch_control/install/interbotix_gravity_compensation/share/interbotix_gravity_compensation/local_setup.dsv
[6.925s] -- Symlinking: /workspace/koch_control/install/interbotix_gravity_compensation/share/interbotix_gravity_compensation/package.dsv
[6.930s] -- Symlinking: /workspace/koch_control/install/interbotix_gravity_compensation/share/ament_index/resource_index/packages/interbotix_gravity_compensation
[6.933s] -- Symlinking: /workspace/koch_control/install/interbotix_gravity_compensation/share/interbotix_gravity_compensation/cmake/interbotix_gravity_compensationConfig.cmake
[6.937s] -- Symlinking: /workspace/koch_control/install/interbotix_gravity_compensation/share/interbotix_gravity_compensation/cmake/interbotix_gravity_compensationConfig-version.cmake
[6.940s] -- Symlinking: /workspace/koch_control/install/interbotix_gravity_compensation/share/interbotix_gravity_compensation/package.xml
[6.945s] Invoked command in '/workspace/koch_control/build/interbotix_gravity_compensation' returned '0': AMENT_PREFIX_PATH=/workspace/koch_control/install/interbotix_xs_msgs:${AMENT_PREFIX_PATH} CMAKE_PREFIX_PATH=/workspace/koch_control/install/interbotix_xs_msgs:/opt/ros/humble LD_LIBRARY_PATH=/workspace/koch_control/install/interbotix_xs_msgs/lib:${LD_LIBRARY_PATH} PYTHONPATH=/workspace/koch_control/install/interbotix_xs_msgs/local/lib/python3.10/dist-packages:${PYTHONPATH} /usr/bin/cmake --install /workspace/koch_control/build/interbotix_gravity_compensation
