[0.004s] Invoking command in '/workspace/koch_control/build/interbotix_xs_driver': AMENT_PREFIX_PATH=/workspace/koch_control/install/dynamixel_workbench_toolbox:${AMENT_PREFIX_PATH} CMAKE_PREFIX_PATH=/workspace/koch_control/install/dynamixel_workbench_toolbox:/opt/ros/humble LD_LIBRARY_PATH=/workspace/koch_control/install/dynamixel_workbench_toolbox/lib:${LD_LIBRARY_PATH} /usr/bin/cmake /workspace/koch_control/interbotix_ros_core/interbotix_ros_xseries/interbotix_xs_driver -DAMENT_CMAKE_SYMLINK_INSTALL=1 -DCMAKE_INSTALL_PREFIX=/workspace/koch_control/install/interbotix_xs_driver
[0.032s] -- The CXX compiler identification is GNU 11.4.0
[0.035s] -- Detecting CXX compiler ABI info
[0.071s] -- Detecting CXX compiler ABI info - done
[0.074s] -- Check for working CXX compiler: /usr/bin/c++ - skipped
[0.074s] -- Detecting CXX compile features
[0.074s] -- Detecting CXX compile features - done
[0.075s] -- Found dynamixel_workbench_toolbox: 2.2.2 (/workspace/koch_control/install/dynamixel_workbench_toolbox/share/dynamixel_workbench_toolbox/cmake)
[0.140s] -- Found Python3: /usr/bin/python3 (found version "3.10.12") found components: Interpreter 
[0.169s] -- Override CMake install command with custom implementation using symlinks instead of copying resources
[0.196s] -- Found rosidl_generator_c: 3.1.7 (/opt/ros/humble/share/rosidl_generator_c/cmake)
[0.197s] -- Found rosidl_adapter: 3.1.7 (/opt/ros/humble/share/rosidl_adapter/cmake)
[0.200s] -- Found rosidl_generator_cpp: 3.1.7 (/opt/ros/humble/share/rosidl_generator_cpp/cmake)
[0.206s] -- Using all available rosidl_typesupport_c: rosidl_typesupport_fastrtps_c;rosidl_typesupport_introspection_c
[0.212s] -- Using all available rosidl_typesupport_cpp: rosidl_typesupport_fastrtps_cpp;rosidl_typesupport_introspection_cpp
[0.228s] -- Found rmw_implementation_cmake: 6.1.2 (/opt/ros/humble/share/rmw_implementation_cmake/cmake)
[0.229s] -- Found rmw_fastrtps_cpp: 6.2.9 (/opt/ros/humble/share/rmw_fastrtps_cpp/cmake)
[0.268s] -- Found OpenSSL: /usr/lib/x86_64-linux-gnu/libcrypto.so (found version "3.0.2")  
[0.281s] -- Found FastRTPS: /opt/ros/humble/include  
[0.302s] -- Using RMW implementation 'rmw_fastrtps_cpp' as default
[0.306s] -- Looking for C++ include pthread.h
[0.345s] -- Looking for C++ include pthread.h - found
[0.345s] -- Performing Test CMAKE_HAVE_LIBC_PTHREAD
[0.383s] -- Performing Test CMAKE_HAVE_LIBC_PTHREAD - Success
[0.384s] -- Found Threads: TRUE  
[0.407s] -- Found ament_lint_auto: 0.12.14 (/opt/ros/humble/share/ament_lint_auto/cmake)
[0.457s] -- Added test 'copyright' to check source files copyright and LICENSE
[0.457s] -- Added test 'cppcheck' to perform static code analysis on C / C++ code
[0.457s] -- Configured cppcheck include dirs: /workspace/koch_control/interbotix_ros_core/interbotix_ros_xseries/interbotix_xs_driver/include;$<BUILD_INTERFACE:/workspace/koch_control/interbotix_ros_core/interbotix_ros_xseries/interbotix_xs_driver/include>
[0.457s] -- Configured cppcheck exclude dirs and/or files: 
[0.458s] -- Added test 'cpplint' to check C / C++ code against the Google style
[0.458s] -- Configured cpplint exclude dirs and/or files: 
[0.458s] -- Added test 'lint_cmake' to check CMake code style
[0.459s] -- Added test 'uncrustify' to check C / C++ code style
[0.459s] -- Configured uncrustify additional arguments: 
[0.459s] -- Added test 'xmllint' to check XML markup files
[0.460s] -- Configuring done
[0.468s] -- Generating done
[0.469s] -- Build files have been written to: /workspace/koch_control/build/interbotix_xs_driver
[0.478s] Invoked command in '/workspace/koch_control/build/interbotix_xs_driver' returned '0': AMENT_PREFIX_PATH=/workspace/koch_control/install/dynamixel_workbench_toolbox:${AMENT_PREFIX_PATH} CMAKE_PREFIX_PATH=/workspace/koch_control/install/dynamixel_workbench_toolbox:/opt/ros/humble LD_LIBRARY_PATH=/workspace/koch_control/install/dynamixel_workbench_toolbox/lib:${LD_LIBRARY_PATH} /usr/bin/cmake /workspace/koch_control/interbotix_ros_core/interbotix_ros_xseries/interbotix_xs_driver -DAMENT_CMAKE_SYMLINK_INSTALL=1 -DCMAKE_INSTALL_PREFIX=/workspace/koch_control/install/interbotix_xs_driver
[0.478s] Invoking command in '/workspace/koch_control/build/interbotix_xs_driver': AMENT_PREFIX_PATH=/workspace/koch_control/install/dynamixel_workbench_toolbox:${AMENT_PREFIX_PATH} CMAKE_PREFIX_PATH=/workspace/koch_control/install/dynamixel_workbench_toolbox:/opt/ros/humble LD_LIBRARY_PATH=/workspace/koch_control/install/dynamixel_workbench_toolbox/lib:${LD_LIBRARY_PATH} /usr/bin/cmake --build /workspace/koch_control/build/interbotix_xs_driver -- -j32 -l32
[0.501s] [ 66%] [32mBuilding CXX object CMakeFiles/interbotix_xs_driver.dir/src/xs_driver.cpp.o[0m
[0.501s] [ 66%] [32mBuilding CXX object CMakeFiles/interbotix_xs_driver.dir/src/xs_logging.cpp.o[0m
[1.625s] [100%] [32m[1mLinking CXX shared library libinterbotix_xs_driver.so[0m
[1.793s] [100%] Built target interbotix_xs_driver
[1.812s] Invoked command in '/workspace/koch_control/build/interbotix_xs_driver' returned '0': AMENT_PREFIX_PATH=/workspace/koch_control/install/dynamixel_workbench_toolbox:${AMENT_PREFIX_PATH} CMAKE_PREFIX_PATH=/workspace/koch_control/install/dynamixel_workbench_toolbox:/opt/ros/humble LD_LIBRARY_PATH=/workspace/koch_control/install/dynamixel_workbench_toolbox/lib:${LD_LIBRARY_PATH} /usr/bin/cmake --build /workspace/koch_control/build/interbotix_xs_driver -- -j32 -l32
[1.812s] Invoking command in '/workspace/koch_control/build/interbotix_xs_driver': AMENT_PREFIX_PATH=/workspace/koch_control/install/dynamixel_workbench_toolbox:${AMENT_PREFIX_PATH} CMAKE_PREFIX_PATH=/workspace/koch_control/install/dynamixel_workbench_toolbox:/opt/ros/humble LD_LIBRARY_PATH=/workspace/koch_control/install/dynamixel_workbench_toolbox/lib:${LD_LIBRARY_PATH} /usr/bin/cmake --install /workspace/koch_control/build/interbotix_xs_driver
[1.814s] -- Install configuration: ""
[1.815s] -- Execute custom install script
[1.815s] -- Symlinking: /workspace/koch_control/install/interbotix_xs_driver/include/interbotix_xs_driver/version.hpp
[1.823s] -- Symlinking: /workspace/koch_control/install/interbotix_xs_driver/include/interbotix_xs_driver/xs_common.hpp
[1.830s] -- Symlinking: /workspace/koch_control/install/interbotix_xs_driver/include/interbotix_xs_driver/xs_driver.hpp
[1.839s] -- Symlinking: /workspace/koch_control/install/interbotix_xs_driver/include/interbotix_xs_driver/xs_logging.hpp
[1.847s] -- Symlinking: /workspace/koch_control/install/interbotix_xs_driver/share/interbotix_xs_driver/package.xml
[1.858s] -- Symlinking: /workspace/koch_control/install/interbotix_xs_driver/share/ament_index/resource_index/package_run_dependencies/interbotix_xs_driver
[1.864s] -- Symlinking: /workspace/koch_control/install/interbotix_xs_driver/share/ament_index/resource_index/parent_prefix_path/interbotix_xs_driver
[1.873s] -- Symlinking: /workspace/koch_control/install/interbotix_xs_driver/share/interbotix_xs_driver/environment/ament_prefix_path.sh
[1.883s] -- Symlinking: /workspace/koch_control/install/interbotix_xs_driver/share/interbotix_xs_driver/environment/ament_prefix_path.dsv
[1.893s] -- Symlinking: /workspace/koch_control/install/interbotix_xs_driver/share/interbotix_xs_driver/environment/path.sh
[1.925s] -- Symlinking: /workspace/koch_control/install/interbotix_xs_driver/share/interbotix_xs_driver/environment/path.dsv
[1.946s] -- Symlinking: /workspace/koch_control/install/interbotix_xs_driver/share/interbotix_xs_driver/local_setup.bash
[1.970s] -- Symlinking: /workspace/koch_control/install/interbotix_xs_driver/share/interbotix_xs_driver/local_setup.sh
[1.988s] -- Symlinking: /workspace/koch_control/install/interbotix_xs_driver/share/interbotix_xs_driver/local_setup.zsh
[2.003s] -- Symlinking: /workspace/koch_control/install/interbotix_xs_driver/share/interbotix_xs_driver/local_setup.dsv
[2.019s] -- Symlinking: /workspace/koch_control/install/interbotix_xs_driver/share/interbotix_xs_driver/package.dsv
[2.029s] -- Symlinking: /workspace/koch_control/install/interbotix_xs_driver/share/ament_index/resource_index/packages/interbotix_xs_driver
[2.037s] -- Symlinking: /workspace/koch_control/install/interbotix_xs_driver/share/interbotix_xs_driver/cmake/ament_cmake_export_dependencies-extras.cmake
[2.048s] -- Symlinking: /workspace/koch_control/install/interbotix_xs_driver/share/interbotix_xs_driver/cmake/ament_cmake_export_targets-extras.cmake
[2.067s] -- Symlinking: /workspace/koch_control/install/interbotix_xs_driver/share/interbotix_xs_driver/cmake/interbotix_xs_driverConfig.cmake
[2.075s] -- Symlinking: /workspace/koch_control/install/interbotix_xs_driver/share/interbotix_xs_driver/cmake/interbotix_xs_driverConfig-version.cmake
[2.085s] -- Up-to-date symlink: /workspace/koch_control/install/interbotix_xs_driver/share/interbotix_xs_driver/package.xml
[2.087s] -- Installing: /workspace/koch_control/install/interbotix_xs_driver/lib/libinterbotix_xs_driver.so
[2.087s] -- Set runtime path of "/workspace/koch_control/install/interbotix_xs_driver/lib/libinterbotix_xs_driver.so" to ""
[2.087s] -- Installing: /workspace/koch_control/install/interbotix_xs_driver/share/interbotix_xs_driver/cmake/export_interbotix_xs_driverExport.cmake
[2.087s] -- Installing: /workspace/koch_control/install/interbotix_xs_driver/share/interbotix_xs_driver/cmake/export_interbotix_xs_driverExport-noconfig.cmake
[2.090s] Invoked command in '/workspace/koch_control/build/interbotix_xs_driver' returned '0': AMENT_PREFIX_PATH=/workspace/koch_control/install/dynamixel_workbench_toolbox:${AMENT_PREFIX_PATH} CMAKE_PREFIX_PATH=/workspace/koch_control/install/dynamixel_workbench_toolbox:/opt/ros/humble LD_LIBRARY_PATH=/workspace/koch_control/install/dynamixel_workbench_toolbox/lib:${LD_LIBRARY_PATH} /usr/bin/cmake --install /workspace/koch_control/build/interbotix_xs_driver
