[0.010s] Invoking command in '/workspace/koch_control/build/interbotix_xsarm_joy': AMENT_PREFIX_PATH=/workspace/koch_control/install/interbotix_xsarm_descriptions:/workspace/koch_control/install/interbotix_xs_modules:/workspace/koch_control/install/interbotix_xs_sdk:/workspace/koch_control/install/interbotix_xs_driver:/workspace/koch_control/install/interbotix_xs_msgs:/workspace/koch_control/install/interbotix_common_modules:/workspace/koch_control/install/dynamixel_workbench_toolbox:${AMENT_PREFIX_PATH} CMAKE_PREFIX_PATH=/workspace/koch_control/install/interbotix_xsarm_descriptions:/workspace/koch_control/install/interbotix_xs_sdk:/workspace/koch_control/install/interbotix_xs_driver:/workspace/koch_control/install/interbotix_xs_msgs:/workspace/koch_control/install/dynamixel_workbench_toolbox:/opt/ros/humble LD_LIBRARY_PATH=/workspace/koch_control/install/interbotix_xs_driver/lib:/workspace/koch_control/install/interbotix_xs_msgs/lib:/workspace/koch_control/install/dynamixel_workbench_toolbox/lib:${LD_LIBRARY_PATH} PYTHONPATH=/workspace/koch_control/build/interbotix_xs_modules:/workspace/koch_control/install/interbotix_xs_modules/lib/python3.10/site-packages:/workspace/koch_control/install/interbotix_xs_msgs/local/lib/python3.10/dist-packages:/workspace/koch_control/build/interbotix_common_modules:/workspace/koch_control/install/interbotix_common_modules/lib/python3.10/site-packages:${PYTHONPATH} /usr/bin/cmake /workspace/koch_control/interbotix_ros_manipulators/interbotix_ros_xsarms/examples/interbotix_xsarm_joy -DAMENT_CMAKE_SYMLINK_INSTALL=1 -DCMAKE_INSTALL_PREFIX=/workspace/koch_control/install/interbotix_xsarm_joy
[0.034s] -- The C compiler identification is GNU 11.4.0
[0.059s] -- The CXX compiler identification is GNU 11.4.0
[0.062s] -- Detecting C compiler ABI info
[0.096s] -- Detecting C compiler ABI info - done
[0.098s] -- Check for working C compiler: /usr/bin/cc - skipped
[0.098s] -- Detecting C compile features
[0.098s] -- Detecting C compile features - done
[0.100s] -- Detecting CXX compiler ABI info
[0.137s] -- Detecting CXX compiler ABI info - done
[0.140s] -- Check for working CXX compiler: /usr/bin/c++ - skipped
[0.140s] -- Detecting CXX compile features
[0.140s] -- Detecting CXX compile features - done
[0.142s] -- Found ament_cmake: 1.3.12 (/opt/ros/humble/share/ament_cmake/cmake)
[0.213s] -- Found Python3: /usr/bin/python3 (found version "3.10.12") found components: Interpreter 
[0.245s] -- Override CMake install command with custom implementation using symlinks instead of copying resources
[0.259s] -- Found interbotix_xs_msgs: 0.0.0 (/workspace/koch_control/install/interbotix_xs_msgs/share/interbotix_xs_msgs/cmake)
[0.275s] -- Found rosidl_generator_c: 3.1.7 (/opt/ros/humble/share/rosidl_generator_c/cmake)
[0.277s] -- Found rosidl_adapter: 3.1.7 (/opt/ros/humble/share/rosidl_adapter/cmake)
[0.280s] -- Found rosidl_generator_cpp: 3.1.7 (/opt/ros/humble/share/rosidl_generator_cpp/cmake)
[0.285s] -- Using all available rosidl_typesupport_c: rosidl_typesupport_fastrtps_c;rosidl_typesupport_introspection_c
[0.293s] -- Using all available rosidl_typesupport_cpp: rosidl_typesupport_fastrtps_cpp;rosidl_typesupport_introspection_cpp
[0.322s] -- Found rclcpp: 16.0.16 (/opt/ros/humble/share/rclcpp/cmake)
[0.338s] -- Found rmw_implementation_cmake: 6.1.2 (/opt/ros/humble/share/rmw_implementation_cmake/cmake)
[0.339s] -- Found rmw_fastrtps_cpp: 6.2.9 (/opt/ros/humble/share/rmw_fastrtps_cpp/cmake)
[0.378s] -- Found OpenSSL: /usr/lib/x86_64-linux-gnu/libcrypto.so (found version "3.0.2")  
[0.392s] -- Found FastRTPS: /opt/ros/humble/include  
[0.412s] -- Using RMW implementation 'rmw_fastrtps_cpp' as default
[0.416s] -- Looking for pthread.h
[0.448s] -- Looking for pthread.h - found
[0.448s] -- Performing Test CMAKE_HAVE_LIBC_PTHREAD
[0.480s] -- Performing Test CMAKE_HAVE_LIBC_PTHREAD - Success
[0.480s] -- Found Threads: TRUE  
[0.496s] -- Found sensor_msgs: 4.9.0 (/opt/ros/humble/share/sensor_msgs/cmake)
[0.504s] -- Found ament_lint_auto: 0.12.14 (/opt/ros/humble/share/ament_lint_auto/cmake)
[0.551s] -- Added test 'copyright' to check source files copyright and LICENSE
[0.551s] -- Added test 'cppcheck' to perform static code analysis on C / C++ code
[0.551s] -- Configured cppcheck include dirs: 
[0.552s] -- Configured cppcheck exclude dirs and/or files: 
[0.552s] -- Added test 'cpplint' to check C / C++ code against the Google style
[0.552s] -- Configured cpplint exclude dirs and/or files: 
[0.552s] -- Added test 'flake8' to check Python code syntax and style conventions
[0.552s] -- Added test 'lint_cmake' to check CMake code style
[0.552s] -- Added test 'pep257' to check Python code against some of the docstring style conventions in PEP 257
[0.553s] -- Added test 'uncrustify' to check C / C++ code style
[0.553s] -- Configured uncrustify additional arguments: 
[0.553s] -- Added test 'xmllint' to check XML markup files
[0.553s] -- Configuring done
[0.558s] -- Generating done
[0.560s] -- Build files have been written to: /workspace/koch_control/build/interbotix_xsarm_joy
