[0.012s] Invoking command in '/workspace/koch_control/build/interbotix_common_toolbox': AMENT_PREFIX_PATH=/workspace/koch_control/install/interbotix_gravity_compensation:/workspace/koch_control/install/interbotix_xs_msgs:/workspace/koch_control/install/interbotix_common_sim:/workspace/koch_control/install/interbotix_common_modules:${AMENT_PREFIX_PATH} CMAKE_PREFIX_PATH=/workspace/koch_control/install/interbotix_gravity_compensation:/workspace/koch_control/install/interbotix_xs_msgs:/workspace/koch_control/install/interbotix_common_sim:/opt/ros/humble LD_LIBRARY_PATH=/workspace/koch_control/install/interbotix_xs_msgs/lib:${LD_LIBRARY_PATH} PYTHONPATH=/workspace/koch_control/install/interbotix_xs_msgs/local/lib/python3.10/dist-packages:/workspace/koch_control/build/interbotix_common_modules:/workspace/koch_control/install/interbotix_common_modules/lib/python3.10/site-packages:${PYTHONPATH} /usr/bin/cmake /workspace/koch_control/interbotix_ros_toolboxes/interbotix_common_toolbox/interbotix_common_toolbox -DAMENT_CMAKE_SYMLINK_INSTALL=1 -DCMAKE_INSTALL_PREFIX=/workspace/koch_control/install/interbotix_common_toolbox
[0.040s] -- The C compiler identification is GNU 11.4.0
[0.066s] -- The CXX compiler identification is GNU 11.4.0
[0.071s] -- Detecting C compiler ABI info
[0.101s] -- Detecting C compiler ABI info - done
[0.104s] -- Check for working C compiler: /usr/bin/cc - skipped
[0.104s] -- Detecting C compile features
[0.105s] -- Detecting C compile features - done
[0.106s] -- Detecting CXX compiler ABI info
[0.139s] -- Detecting CXX compiler ABI info - done
[0.142s] -- Check for working CXX compiler: /usr/bin/c++ - skipped
[0.142s] -- Detecting CXX compile features
[0.142s] -- Detecting CXX compile features - done
[0.147s] -- Found ament_cmake: 1.3.12 (/opt/ros/humble/share/ament_cmake/cmake)
[0.231s] -- Found Python3: /usr/bin/python3 (found version "3.10.12") found components: Interpreter 
[0.269s] -- Override CMake install command with custom implementation using symlinks instead of copying resources
[0.286s] -- Found ament_lint_auto: 0.12.14 (/opt/ros/humble/share/ament_lint_auto/cmake)
[0.343s] -- Added test 'copyright' to check source files copyright and LICENSE
[0.344s] -- Added test 'lint_cmake' to check CMake code style
[0.344s] -- Added test 'xmllint' to check XML markup files
[0.345s] -- Configuring done
[0.347s] -- Generating done
[0.347s] -- Build files have been written to: /workspace/koch_control/build/interbotix_common_toolbox
[0.350s] Invoked command in '/workspace/koch_control/build/interbotix_common_toolbox' returned '0': AMENT_PREFIX_PATH=/workspace/koch_control/install/interbotix_gravity_compensation:/workspace/koch_control/install/interbotix_xs_msgs:/workspace/koch_control/install/interbotix_common_sim:/workspace/koch_control/install/interbotix_common_modules:${AMENT_PREFIX_PATH} CMAKE_PREFIX_PATH=/workspace/koch_control/install/interbotix_gravity_compensation:/workspace/koch_control/install/interbotix_xs_msgs:/workspace/koch_control/install/interbotix_common_sim:/opt/ros/humble LD_LIBRARY_PATH=/workspace/koch_control/install/interbotix_xs_msgs/lib:${LD_LIBRARY_PATH} PYTHONPATH=/workspace/koch_control/install/interbotix_xs_msgs/local/lib/python3.10/dist-packages:/workspace/koch_control/build/interbotix_common_modules:/workspace/koch_control/install/interbotix_common_modules/lib/python3.10/site-packages:${PYTHONPATH} /usr/bin/cmake /workspace/koch_control/interbotix_ros_toolboxes/interbotix_common_toolbox/interbotix_common_toolbox -DAMENT_CMAKE_SYMLINK_INSTALL=1 -DCMAKE_INSTALL_PREFIX=/workspace/koch_control/install/interbotix_common_toolbox
[0.351s] Invoking command in '/workspace/koch_control/build/interbotix_common_toolbox': AMENT_PREFIX_PATH=/workspace/koch_control/install/interbotix_gravity_compensation:/workspace/koch_control/install/interbotix_xs_msgs:/workspace/koch_control/install/interbotix_common_sim:/workspace/koch_control/install/interbotix_common_modules:${AMENT_PREFIX_PATH} CMAKE_PREFIX_PATH=/workspace/koch_control/install/interbotix_gravity_compensation:/workspace/koch_control/install/interbotix_xs_msgs:/workspace/koch_control/install/interbotix_common_sim:/opt/ros/humble LD_LIBRARY_PATH=/workspace/koch_control/install/interbotix_xs_msgs/lib:${LD_LIBRARY_PATH} PYTHONPATH=/workspace/koch_control/install/interbotix_xs_msgs/local/lib/python3.10/dist-packages:/workspace/koch_control/build/interbotix_common_modules:/workspace/koch_control/install/interbotix_common_modules/lib/python3.10/site-packages:${PYTHONPATH} /usr/bin/cmake --build /workspace/koch_control/build/interbotix_common_toolbox -- -j32 -l32
[0.366s] Invoked command in '/workspace/koch_control/build/interbotix_common_toolbox' returned '0': AMENT_PREFIX_PATH=/workspace/koch_control/install/interbotix_gravity_compensation:/workspace/koch_control/install/interbotix_xs_msgs:/workspace/koch_control/install/interbotix_common_sim:/workspace/koch_control/install/interbotix_common_modules:${AMENT_PREFIX_PATH} CMAKE_PREFIX_PATH=/workspace/koch_control/install/interbotix_gravity_compensation:/workspace/koch_control/install/interbotix_xs_msgs:/workspace/koch_control/install/interbotix_common_sim:/opt/ros/humble LD_LIBRARY_PATH=/workspace/koch_control/install/interbotix_xs_msgs/lib:${LD_LIBRARY_PATH} PYTHONPATH=/workspace/koch_control/install/interbotix_xs_msgs/local/lib/python3.10/dist-packages:/workspace/koch_control/build/interbotix_common_modules:/workspace/koch_control/install/interbotix_common_modules/lib/python3.10/site-packages:${PYTHONPATH} /usr/bin/cmake --build /workspace/koch_control/build/interbotix_common_toolbox -- -j32 -l32
[0.367s] Invoking command in '/workspace/koch_control/build/interbotix_common_toolbox': AMENT_PREFIX_PATH=/workspace/koch_control/install/interbotix_gravity_compensation:/workspace/koch_control/install/interbotix_xs_msgs:/workspace/koch_control/install/interbotix_common_sim:/workspace/koch_control/install/interbotix_common_modules:${AMENT_PREFIX_PATH} CMAKE_PREFIX_PATH=/workspace/koch_control/install/interbotix_gravity_compensation:/workspace/koch_control/install/interbotix_xs_msgs:/workspace/koch_control/install/interbotix_common_sim:/opt/ros/humble LD_LIBRARY_PATH=/workspace/koch_control/install/interbotix_xs_msgs/lib:${LD_LIBRARY_PATH} PYTHONPATH=/workspace/koch_control/install/interbotix_xs_msgs/local/lib/python3.10/dist-packages:/workspace/koch_control/build/interbotix_common_modules:/workspace/koch_control/install/interbotix_common_modules/lib/python3.10/site-packages:${PYTHONPATH} /usr/bin/cmake --install /workspace/koch_control/build/interbotix_common_toolbox
[0.369s] -- Install configuration: ""
[0.369s] -- Execute custom install script
[0.369s] -- Symlinking: /workspace/koch_control/install/interbotix_common_toolbox/share/ament_index/resource_index/package_run_dependencies/interbotix_common_toolbox
[0.373s] -- Symlinking: /workspace/koch_control/install/interbotix_common_toolbox/share/ament_index/resource_index/parent_prefix_path/interbotix_common_toolbox
[0.376s] -- Symlinking: /workspace/koch_control/install/interbotix_common_toolbox/share/interbotix_common_toolbox/environment/ament_prefix_path.sh
[0.379s] -- Symlinking: /workspace/koch_control/install/interbotix_common_toolbox/share/interbotix_common_toolbox/environment/ament_prefix_path.dsv
[0.383s] -- Symlinking: /workspace/koch_control/install/interbotix_common_toolbox/share/interbotix_common_toolbox/environment/path.sh
[0.386s] -- Symlinking: /workspace/koch_control/install/interbotix_common_toolbox/share/interbotix_common_toolbox/environment/path.dsv
[0.389s] -- Symlinking: /workspace/koch_control/install/interbotix_common_toolbox/share/interbotix_common_toolbox/local_setup.bash
[0.391s] -- Symlinking: /workspace/koch_control/install/interbotix_common_toolbox/share/interbotix_common_toolbox/local_setup.sh
[0.394s] -- Symlinking: /workspace/koch_control/install/interbotix_common_toolbox/share/interbotix_common_toolbox/local_setup.zsh
[0.397s] -- Symlinking: /workspace/koch_control/install/interbotix_common_toolbox/share/interbotix_common_toolbox/local_setup.dsv
[0.401s] -- Symlinking: /workspace/koch_control/install/interbotix_common_toolbox/share/interbotix_common_toolbox/package.dsv
[0.404s] -- Symlinking: /workspace/koch_control/install/interbotix_common_toolbox/share/ament_index/resource_index/packages/interbotix_common_toolbox
[0.407s] -- Symlinking: /workspace/koch_control/install/interbotix_common_toolbox/share/interbotix_common_toolbox/cmake/interbotix_common_toolboxConfig.cmake
[0.410s] -- Symlinking: /workspace/koch_control/install/interbotix_common_toolbox/share/interbotix_common_toolbox/cmake/interbotix_common_toolboxConfig-version.cmake
[0.414s] -- Symlinking: /workspace/koch_control/install/interbotix_common_toolbox/share/interbotix_common_toolbox/package.xml
[0.418s] Invoked command in '/workspace/koch_control/build/interbotix_common_toolbox' returned '0': AMENT_PREFIX_PATH=/workspace/koch_control/install/interbotix_gravity_compensation:/workspace/koch_control/install/interbotix_xs_msgs:/workspace/koch_control/install/interbotix_common_sim:/workspace/koch_control/install/interbotix_common_modules:${AMENT_PREFIX_PATH} CMAKE_PREFIX_PATH=/workspace/koch_control/install/interbotix_gravity_compensation:/workspace/koch_control/install/interbotix_xs_msgs:/workspace/koch_control/install/interbotix_common_sim:/opt/ros/humble LD_LIBRARY_PATH=/workspace/koch_control/install/interbotix_xs_msgs/lib:${LD_LIBRARY_PATH} PYTHONPATH=/workspace/koch_control/install/interbotix_xs_msgs/local/lib/python3.10/dist-packages:/workspace/koch_control/build/interbotix_common_modules:/workspace/koch_control/install/interbotix_common_modules/lib/python3.10/site-packages:${PYTHONPATH} /usr/bin/cmake --install /workspace/koch_control/build/interbotix_common_toolbox
