[0.007s] Invoking command in '/workspace/koch_control/build/interbotix_xsarm_control': AMENT_PREFIX_PATH=/workspace/koch_control/install/interbotix_xsarm_descriptions:/workspace/koch_control/install/interbotix_xs_modules:/workspace/koch_control/install/interbotix_xs_sdk:/workspace/koch_control/install/interbotix_xs_driver:/workspace/koch_control/install/interbotix_xs_msgs:/workspace/koch_control/install/interbotix_common_modules:/workspace/koch_control/install/dynamixel_workbench_toolbox:${AMENT_PREFIX_PATH} CMAKE_PREFIX_PATH=/workspace/koch_control/install/interbotix_xsarm_descriptions:/workspace/koch_control/install/interbotix_xs_sdk:/workspace/koch_control/install/interbotix_xs_driver:/workspace/koch_control/install/interbotix_xs_msgs:/workspace/koch_control/install/dynamixel_workbench_toolbox:/opt/ros/humble LD_LIBRARY_PATH=/workspace/koch_control/install/interbotix_xs_driver/lib:/workspace/koch_control/install/interbotix_xs_msgs/lib:/workspace/koch_control/install/dynamixel_workbench_toolbox/lib:${LD_LIBRARY_PATH} PYTHONPATH=/workspace/koch_control/build/interbotix_xs_modules:/workspace/koch_control/install/interbotix_xs_modules/lib/python3.10/site-packages:/workspace/koch_control/install/interbotix_xs_msgs/local/lib/python3.10/dist-packages:/workspace/koch_control/build/interbotix_common_modules:/workspace/koch_control/install/interbotix_common_modules/lib/python3.10/site-packages:${PYTHONPATH} /usr/bin/cmake /workspace/koch_control/interbotix_ros_manipulators/interbotix_ros_xsarms/interbotix_xsarm_control -DAMENT_CMAKE_SYMLINK_INSTALL=1 -DCMAKE_INSTALL_PREFIX=/workspace/koch_control/install/interbotix_xsarm_control
[0.033s] -- The C compiler identification is GNU 11.4.0
[0.057s] -- The CXX compiler identification is GNU 11.4.0
[0.060s] -- Detecting C compiler ABI info
[0.091s] -- Detecting C compiler ABI info - done
[0.094s] -- Check for working C compiler: /usr/bin/cc - skipped
[0.094s] -- Detecting C compile features
[0.094s] -- Detecting C compile features - done
[0.095s] -- Detecting CXX compiler ABI info
[0.130s] -- Detecting CXX compiler ABI info - done
[0.133s] -- Check for working CXX compiler: /usr/bin/c++ - skipped
[0.133s] -- Detecting CXX compile features
[0.133s] -- Detecting CXX compile features - done
[0.134s] -- Found ament_cmake: 1.3.12 (/opt/ros/humble/share/ament_cmake/cmake)
[0.208s] -- Found Python3: /usr/bin/python3 (found version "3.10.12") found components: Interpreter 
[0.241s] -- Override CMake install command with custom implementation using symlinks instead of copying resources
[0.254s] -- Found rclcpp: 16.0.16 (/opt/ros/humble/share/rclcpp/cmake)
[0.270s] -- Found rosidl_generator_c: 3.1.7 (/opt/ros/humble/share/rosidl_generator_c/cmake)
[0.272s] -- Found rosidl_adapter: 3.1.7 (/opt/ros/humble/share/rosidl_adapter/cmake)
[0.276s] -- Found rosidl_generator_cpp: 3.1.7 (/opt/ros/humble/share/rosidl_generator_cpp/cmake)
[0.281s] -- Using all available rosidl_typesupport_c: rosidl_typesupport_fastrtps_c;rosidl_typesupport_introspection_c
[0.287s] -- Using all available rosidl_typesupport_cpp: rosidl_typesupport_fastrtps_cpp;rosidl_typesupport_introspection_cpp
[0.304s] -- Found rmw_implementation_cmake: 6.1.2 (/opt/ros/humble/share/rmw_implementation_cmake/cmake)
[0.305s] -- Found rmw_fastrtps_cpp: 6.2.9 (/opt/ros/humble/share/rmw_fastrtps_cpp/cmake)
[0.345s] -- Found OpenSSL: /usr/lib/x86_64-linux-gnu/libcrypto.so (found version "3.0.2")  
[0.358s] -- Found FastRTPS: /opt/ros/humble/include  
[0.379s] -- Using RMW implementation 'rmw_fastrtps_cpp' as default
[0.382s] -- Looking for pthread.h
[0.414s] -- Looking for pthread.h - found
[0.414s] -- Performing Test CMAKE_HAVE_LIBC_PTHREAD
[0.446s] -- Performing Test CMAKE_HAVE_LIBC_PTHREAD - Success
[0.447s] -- Found Threads: TRUE  
[0.472s] [31mCMake Error at CMakeLists.txt:20 (find_package):
[0.472s]   By not providing "Findmoveit_ros_planning_interface.cmake" in
[0.472s]   CMAKE_MODULE_PATH this project has asked CMake to find a package
[0.472s]   configuration file provided by "moveit_ros_planning_interface", but CMake
[0.472s]   did not find one.
[0.472s] 
[0.472s]   Could not find a package configuration file provided by
[0.472s]   "moveit_ros_planning_interface" with any of the following names:
[0.472s] 
[0.472s]     moveit_ros_planning_interfaceConfig.cmake
[0.472s]     moveit_ros_planning_interface-config.cmake
[0.472s] 
[0.472s]   Add the installation prefix of "moveit_ros_planning_interface" to
[0.472s]   CMAKE_PREFIX_PATH or set "moveit_ros_planning_interface_DIR" to a directory
[0.472s]   containing one of the above files.  If "moveit_ros_planning_interface"
[0.472s]   provides a separate development package or SDK, be sure it has been
[0.472s]   installed.
[0.472s] 
[0.472s] [0m
[0.472s] -- Configuring incomplete, errors occurred!
[0.472s] See also "/workspace/koch_control/build/interbotix_xsarm_control/CMakeFiles/CMakeOutput.log".
[0.477s] Invoked command in '/workspace/koch_control/build/interbotix_xsarm_control' returned '1': AMENT_PREFIX_PATH=/workspace/koch_control/install/interbotix_xsarm_descriptions:/workspace/koch_control/install/interbotix_xs_modules:/workspace/koch_control/install/interbotix_xs_sdk:/workspace/koch_control/install/interbotix_xs_driver:/workspace/koch_control/install/interbotix_xs_msgs:/workspace/koch_control/install/interbotix_common_modules:/workspace/koch_control/install/dynamixel_workbench_toolbox:${AMENT_PREFIX_PATH} CMAKE_PREFIX_PATH=/workspace/koch_control/install/interbotix_xsarm_descriptions:/workspace/koch_control/install/interbotix_xs_sdk:/workspace/koch_control/install/interbotix_xs_driver:/workspace/koch_control/install/interbotix_xs_msgs:/workspace/koch_control/install/dynamixel_workbench_toolbox:/opt/ros/humble LD_LIBRARY_PATH=/workspace/koch_control/install/interbotix_xs_driver/lib:/workspace/koch_control/install/interbotix_xs_msgs/lib:/workspace/koch_control/install/dynamixel_workbench_toolbox/lib:${LD_LIBRARY_PATH} PYTHONPATH=/workspace/koch_control/build/interbotix_xs_modules:/workspace/koch_control/install/interbotix_xs_modules/lib/python3.10/site-packages:/workspace/koch_control/install/interbotix_xs_msgs/local/lib/python3.10/dist-packages:/workspace/koch_control/build/interbotix_common_modules:/workspace/koch_control/install/interbotix_common_modules/lib/python3.10/site-packages:${PYTHONPATH} /usr/bin/cmake /workspace/koch_control/interbotix_ros_manipulators/interbotix_ros_xsarms/interbotix_xsarm_control -DAMENT_CMAKE_SYMLINK_INSTALL=1 -DCMAKE_INSTALL_PREFIX=/workspace/koch_control/install/interbotix_xsarm_control
