[ 50%] [32mBuilding CXX object CMakeFiles/tf_rebroadcaster.dir/src/tf_rebroadcaster.cpp.o[0m
[100%] [32m[1mLinking CXX shared library libtf_rebroadcaster.so[0m
[100%] Built target tf_rebroadcaster
-- Install configuration: ""
-- Execute custom install script
-- Symlinking: /workspace/koch_control/install/interbotix_tf_tools/lib/libtf_rebroadcaster.so
-- Symlinking: /workspace/koch_control/install/interbotix_tf_tools/lib/interbotix_tf_tools/static_trans_pub.py
-- Symlinking: /workspace/koch_control/install/interbotix_tf_tools/share/interbotix_tf_tools//config/tf_rebroadcaster.yaml
-- Symlinking: /workspace/koch_control/install/interbotix_tf_tools/share/interbotix_tf_tools//launch/static_transform_pub.launch.py
-- Symlinking: /workspace/koch_control/install/interbotix_tf_tools/share/interbotix_tf_tools//launch/tf_rebroadcaster.launch.py
-- Symlinking: /workspace/koch_control/install/interbotix_tf_tools/share/ament_index/resource_index/package_run_dependencies/interbotix_tf_tools
-- Symlinking: /workspace/koch_control/install/interbotix_tf_tools/share/ament_index/resource_index/parent_prefix_path/interbotix_tf_tools
-- Symlinking: /workspace/koch_control/install/interbotix_tf_tools/share/interbotix_tf_tools/environment/ament_prefix_path.sh
-- Symlinking: /workspace/koch_control/install/interbotix_tf_tools/share/interbotix_tf_tools/environment/ament_prefix_path.dsv
-- Symlinking: /workspace/koch_control/install/interbotix_tf_tools/share/interbotix_tf_tools/environment/path.sh
-- Symlinking: /workspace/koch_control/install/interbotix_tf_tools/share/interbotix_tf_tools/environment/path.dsv
-- Symlinking: /workspace/koch_control/install/interbotix_tf_tools/share/interbotix_tf_tools/local_setup.bash
-- Symlinking: /workspace/koch_control/install/interbotix_tf_tools/share/interbotix_tf_tools/local_setup.sh
-- Symlinking: /workspace/koch_control/install/interbotix_tf_tools/share/interbotix_tf_tools/local_setup.zsh
-- Symlinking: /workspace/koch_control/install/interbotix_tf_tools/share/interbotix_tf_tools/local_setup.dsv
-- Symlinking: /workspace/koch_control/install/interbotix_tf_tools/share/interbotix_tf_tools/package.dsv
-- Symlinking: /workspace/koch_control/install/interbotix_tf_tools/share/ament_index/resource_index/packages/interbotix_tf_tools
-- Symlinking: /workspace/koch_control/install/interbotix_tf_tools/share/ament_index/resource_index/rclcpp_components/interbotix_tf_tools
-- Symlinking: /workspace/koch_control/install/interbotix_tf_tools/share/interbotix_tf_tools/cmake/interbotix_tf_toolsConfig.cmake
-- Symlinking: /workspace/koch_control/install/interbotix_tf_tools/share/interbotix_tf_tools/cmake/interbotix_tf_toolsConfig-version.cmake
-- Symlinking: /workspace/koch_control/install/interbotix_tf_tools/share/interbotix_tf_tools/package.xml
