[0.006s] Invoking command in '/workspace/koch_control/build/interbotix_xs_sdk': AMENT_PREFIX_PATH=/workspace/koch_control/install/interbotix_xs_driver:/workspace/koch_control/install/interbotix_xs_msgs:/workspace/koch_control/install/dynamixel_workbench_toolbox:${AMENT_PREFIX_PATH} CMAKE_PREFIX_PATH=/workspace/koch_control/install/interbotix_xs_driver:/workspace/koch_control/install/interbotix_xs_msgs:/workspace/koch_control/install/dynamixel_workbench_toolbox:/opt/ros/humble LD_LIBRARY_PATH=/workspace/koch_control/install/interbotix_xs_driver/lib:/workspace/koch_control/install/interbotix_xs_msgs/lib:/workspace/koch_control/install/dynamixel_workbench_toolbox/lib:${LD_LIBRARY_PATH} PYTHONPATH=/workspace/koch_control/install/interbotix_xs_msgs/local/lib/python3.10/dist-packages:${PYTHONPATH} /usr/bin/cmake --build /workspace/koch_control/build/interbotix_xs_sdk -- -j32 -l32
[0.023s] [35m[1mConsolidate compiler generated dependencies of target xs_sdk[0m
[0.033s] [100%] Built target xs_sdk
[0.038s] Invoked command in '/workspace/koch_control/build/interbotix_xs_sdk' returned '0': AMENT_PREFIX_PATH=/workspace/koch_control/install/interbotix_xs_driver:/workspace/koch_control/install/interbotix_xs_msgs:/workspace/koch_control/install/dynamixel_workbench_toolbox:${AMENT_PREFIX_PATH} CMAKE_PREFIX_PATH=/workspace/koch_control/install/interbotix_xs_driver:/workspace/koch_control/install/interbotix_xs_msgs:/workspace/koch_control/install/dynamixel_workbench_toolbox:/opt/ros/humble LD_LIBRARY_PATH=/workspace/koch_control/install/interbotix_xs_driver/lib:/workspace/koch_control/install/interbotix_xs_msgs/lib:/workspace/koch_control/install/dynamixel_workbench_toolbox/lib:${LD_LIBRARY_PATH} PYTHONPATH=/workspace/koch_control/install/interbotix_xs_msgs/local/lib/python3.10/dist-packages:${PYTHONPATH} /usr/bin/cmake --build /workspace/koch_control/build/interbotix_xs_sdk -- -j32 -l32
[0.038s] Invoking command in '/workspace/koch_control/build/interbotix_xs_sdk': AMENT_PREFIX_PATH=/workspace/koch_control/install/interbotix_xs_driver:/workspace/koch_control/install/interbotix_xs_msgs:/workspace/koch_control/install/dynamixel_workbench_toolbox:${AMENT_PREFIX_PATH} CMAKE_PREFIX_PATH=/workspace/koch_control/install/interbotix_xs_driver:/workspace/koch_control/install/interbotix_xs_msgs:/workspace/koch_control/install/dynamixel_workbench_toolbox:/opt/ros/humble LD_LIBRARY_PATH=/workspace/koch_control/install/interbotix_xs_driver/lib:/workspace/koch_control/install/interbotix_xs_msgs/lib:/workspace/koch_control/install/dynamixel_workbench_toolbox/lib:${LD_LIBRARY_PATH} PYTHONPATH=/workspace/koch_control/install/interbotix_xs_msgs/local/lib/python3.10/dist-packages:${PYTHONPATH} /usr/bin/cmake --install /workspace/koch_control/build/interbotix_xs_sdk
[0.042s] -- Install configuration: ""
[0.042s] -- Execute custom install script
[0.042s] -- Up-to-date symlink: /workspace/koch_control/install/interbotix_xs_sdk/lib/interbotix_xs_sdk/xs_sdk
[0.042s] -- Up-to-date symlink: /workspace/koch_control/install/interbotix_xs_sdk/lib/interbotix_xs_sdk/xs_sdk_sim.py
[0.042s] -- Up-to-date symlink: /workspace/koch_control/install/interbotix_xs_sdk/share/interbotix_xs_sdk//config/mode_configs_template.yaml
[0.042s] -- Up-to-date symlink: /workspace/koch_control/install/interbotix_xs_sdk/share/interbotix_xs_sdk//config/motor_configs_template.yaml
[0.042s] -- Up-to-date symlink: /workspace/koch_control/install/interbotix_xs_sdk/share/ament_index/resource_index/package_run_dependencies/interbotix_xs_sdk
[0.042s] -- Up-to-date symlink: /workspace/koch_control/install/interbotix_xs_sdk/share/ament_index/resource_index/parent_prefix_path/interbotix_xs_sdk
[0.042s] -- Up-to-date symlink: /workspace/koch_control/install/interbotix_xs_sdk/share/interbotix_xs_sdk/environment/ament_prefix_path.sh
[0.042s] -- Up-to-date symlink: /workspace/koch_control/install/interbotix_xs_sdk/share/interbotix_xs_sdk/environment/ament_prefix_path.dsv
[0.042s] -- Up-to-date symlink: /workspace/koch_control/install/interbotix_xs_sdk/share/interbotix_xs_sdk/environment/path.sh
[0.043s] -- Up-to-date symlink: /workspace/koch_control/install/interbotix_xs_sdk/share/interbotix_xs_sdk/environment/path.dsv
[0.043s] -- Up-to-date symlink: /workspace/koch_control/install/interbotix_xs_sdk/share/interbotix_xs_sdk/local_setup.bash
[0.043s] -- Up-to-date symlink: /workspace/koch_control/install/interbotix_xs_sdk/share/interbotix_xs_sdk/local_setup.sh
[0.043s] -- Up-to-date symlink: /workspace/koch_control/install/interbotix_xs_sdk/share/interbotix_xs_sdk/local_setup.zsh
[0.043s] -- Up-to-date symlink: /workspace/koch_control/install/interbotix_xs_sdk/share/interbotix_xs_sdk/local_setup.dsv
[0.043s] -- Symlinking: /workspace/koch_control/install/interbotix_xs_sdk/share/interbotix_xs_sdk/package.dsv
[0.046s] -- Up-to-date symlink: /workspace/koch_control/install/interbotix_xs_sdk/share/ament_index/resource_index/packages/interbotix_xs_sdk
[0.046s] -- Up-to-date symlink: /workspace/koch_control/install/interbotix_xs_sdk/share/interbotix_xs_sdk/cmake/interbotix_xs_sdkConfig.cmake
[0.046s] -- Up-to-date symlink: /workspace/koch_control/install/interbotix_xs_sdk/share/interbotix_xs_sdk/cmake/interbotix_xs_sdkConfig-version.cmake
[0.046s] -- Up-to-date symlink: /workspace/koch_control/install/interbotix_xs_sdk/share/interbotix_xs_sdk/package.xml
[0.049s] Invoked command in '/workspace/koch_control/build/interbotix_xs_sdk' returned '0': AMENT_PREFIX_PATH=/workspace/koch_control/install/interbotix_xs_driver:/workspace/koch_control/install/interbotix_xs_msgs:/workspace/koch_control/install/dynamixel_workbench_toolbox:${AMENT_PREFIX_PATH} CMAKE_PREFIX_PATH=/workspace/koch_control/install/interbotix_xs_driver:/workspace/koch_control/install/interbotix_xs_msgs:/workspace/koch_control/install/dynamixel_workbench_toolbox:/opt/ros/humble LD_LIBRARY_PATH=/workspace/koch_control/install/interbotix_xs_driver/lib:/workspace/koch_control/install/interbotix_xs_msgs/lib:/workspace/koch_control/install/dynamixel_workbench_toolbox/lib:${LD_LIBRARY_PATH} PYTHONPATH=/workspace/koch_control/install/interbotix_xs_msgs/local/lib/python3.10/dist-packages:${PYTHONPATH} /usr/bin/cmake --install /workspace/koch_control/build/interbotix_xs_sdk
