[0.005s] Invoking command in '/workspace/koch_control/build/interbotix_gravity_compensation': AMENT_PREFIX_PATH=/workspace/koch_control/install/interbotix_xs_msgs:${AMENT_PREFIX_PATH} CMAKE_PREFIX_PATH=/workspace/koch_control/install/interbotix_xs_msgs:/opt/ros/humble LD_LIBRARY_PATH=/workspace/koch_control/install/interbotix_xs_msgs/lib:${LD_LIBRARY_PATH} PYTHONPATH=/workspace/koch_control/install/interbotix_xs_msgs/local/lib/python3.10/dist-packages:${PYTHONPATH} /usr/bin/cmake --build /workspace/koch_control/build/interbotix_gravity_compensation -- -j32 -l32
[0.022s] [35m[1mConsolidate compiler generated dependencies of target interbotix_gravity_compensation[0m
[0.033s] [100%] Built target interbotix_gravity_compensation
[0.037s] Invoked command in '/workspace/koch_control/build/interbotix_gravity_compensation' returned '0': AMENT_PREFIX_PATH=/workspace/koch_control/install/interbotix_xs_msgs:${AMENT_PREFIX_PATH} CMAKE_PREFIX_PATH=/workspace/koch_control/install/interbotix_xs_msgs:/opt/ros/humble LD_LIBRARY_PATH=/workspace/koch_control/install/interbotix_xs_msgs/lib:${LD_LIBRARY_PATH} PYTHONPATH=/workspace/koch_control/install/interbotix_xs_msgs/local/lib/python3.10/dist-packages:${PYTHONPATH} /usr/bin/cmake --build /workspace/koch_control/build/interbotix_gravity_compensation -- -j32 -l32
[0.038s] Invoking command in '/workspace/koch_control/build/interbotix_gravity_compensation': AMENT_PREFIX_PATH=/workspace/koch_control/install/interbotix_xs_msgs:${AMENT_PREFIX_PATH} CMAKE_PREFIX_PATH=/workspace/koch_control/install/interbotix_xs_msgs:/opt/ros/humble LD_LIBRARY_PATH=/workspace/koch_control/install/interbotix_xs_msgs/lib:${LD_LIBRARY_PATH} PYTHONPATH=/workspace/koch_control/install/interbotix_xs_msgs/local/lib/python3.10/dist-packages:${PYTHONPATH} /usr/bin/cmake --install /workspace/koch_control/build/interbotix_gravity_compensation
[0.040s] -- Install configuration: ""
[0.040s] -- Execute custom install script
[0.040s] -- Up-to-date symlink: /workspace/koch_control/install/interbotix_gravity_compensation/lib/interbotix_gravity_compensation/interbotix_gravity_compensation
[0.041s] -- Up-to-date symlink: /workspace/koch_control/install/interbotix_gravity_compensation/share/interbotix_gravity_compensation/config/motor_specs_example.yaml
[0.041s] -- Up-to-date symlink: /workspace/koch_control/install/interbotix_gravity_compensation/share/ament_index/resource_index/package_run_dependencies/interbotix_gravity_compensation
[0.041s] -- Up-to-date symlink: /workspace/koch_control/install/interbotix_gravity_compensation/share/ament_index/resource_index/parent_prefix_path/interbotix_gravity_compensation
[0.041s] -- Up-to-date symlink: /workspace/koch_control/install/interbotix_gravity_compensation/share/interbotix_gravity_compensation/environment/ament_prefix_path.sh
[0.041s] -- Up-to-date symlink: /workspace/koch_control/install/interbotix_gravity_compensation/share/interbotix_gravity_compensation/environment/ament_prefix_path.dsv
[0.041s] -- Up-to-date symlink: /workspace/koch_control/install/interbotix_gravity_compensation/share/interbotix_gravity_compensation/environment/path.sh
[0.041s] -- Up-to-date symlink: /workspace/koch_control/install/interbotix_gravity_compensation/share/interbotix_gravity_compensation/environment/path.dsv
[0.041s] -- Up-to-date symlink: /workspace/koch_control/install/interbotix_gravity_compensation/share/interbotix_gravity_compensation/local_setup.bash
[0.041s] -- Up-to-date symlink: /workspace/koch_control/install/interbotix_gravity_compensation/share/interbotix_gravity_compensation/local_setup.sh
[0.041s] -- Up-to-date symlink: /workspace/koch_control/install/interbotix_gravity_compensation/share/interbotix_gravity_compensation/local_setup.zsh
[0.041s] -- Up-to-date symlink: /workspace/koch_control/install/interbotix_gravity_compensation/share/interbotix_gravity_compensation/local_setup.dsv
[0.041s] -- Symlinking: /workspace/koch_control/install/interbotix_gravity_compensation/share/interbotix_gravity_compensation/package.dsv
[0.045s] -- Up-to-date symlink: /workspace/koch_control/install/interbotix_gravity_compensation/share/ament_index/resource_index/packages/interbotix_gravity_compensation
[0.046s] -- Up-to-date symlink: /workspace/koch_control/install/interbotix_gravity_compensation/share/interbotix_gravity_compensation/cmake/interbotix_gravity_compensationConfig.cmake
[0.046s] -- Up-to-date symlink: /workspace/koch_control/install/interbotix_gravity_compensation/share/interbotix_gravity_compensation/cmake/interbotix_gravity_compensationConfig-version.cmake
[0.046s] -- Up-to-date symlink: /workspace/koch_control/install/interbotix_gravity_compensation/share/interbotix_gravity_compensation/package.xml
[0.055s] Invoked command in '/workspace/koch_control/build/interbotix_gravity_compensation' returned '0': AMENT_PREFIX_PATH=/workspace/koch_control/install/interbotix_xs_msgs:${AMENT_PREFIX_PATH} CMAKE_PREFIX_PATH=/workspace/koch_control/install/interbotix_xs_msgs:/opt/ros/humble LD_LIBRARY_PATH=/workspace/koch_control/install/interbotix_xs_msgs/lib:${LD_LIBRARY_PATH} PYTHONPATH=/workspace/koch_control/install/interbotix_xs_msgs/local/lib/python3.10/dist-packages:${PYTHONPATH} /usr/bin/cmake --install /workspace/koch_control/build/interbotix_gravity_compensation
