[0.264s] Invoking command in '/workspace/koch_control/build/interbotix_common_modules': PYTHONPATH=/workspace/koch_control/build/interbotix_common_modules/prefix_override:/usr/lib/python3/dist-packages/colcon_core/task/python/colcon_distutils_commands:/workspace/koch_control/install/interbotix_common_modules/lib/python3.10/site-packages:${PYTHONPATH} /usr/bin/python3 -W ignore:setup.py install is deprecated -W ignore:easy_install command is deprecated setup.py develop --editable --build-directory /workspace/koch_control/build/interbotix_common_modules/build --no-deps symlink_data
[0.364s] running develop
[0.419s] running egg_info
[0.419s] creating interbotix_common_modules.egg-info
[0.419s] writing interbotix_common_modules.egg-info/PKG-INFO
[0.419s] writing dependency_links to interbotix_common_modules.egg-info/dependency_links.txt
[0.419s] writing entry points to interbotix_common_modules.egg-info/entry_points.txt
[0.419s] writing requirements to interbotix_common_modules.egg-info/requires.txt
[0.419s] writing top-level names to interbotix_common_modules.egg-info/top_level.txt
[0.419s] writing manifest file 'interbotix_common_modules.egg-info/SOURCES.txt'
[0.420s] reading manifest file 'interbotix_common_modules.egg-info/SOURCES.txt'
[0.420s] writing manifest file 'interbotix_common_modules.egg-info/SOURCES.txt'
[0.421s] running build_ext
[0.421s] Creating /workspace/koch_control/install/interbotix_common_modules/lib/python3.10/site-packages/interbotix-common-modules.egg-link (link to .)
[0.422s] 
[0.422s] Installed /workspace/koch_control/build/interbotix_common_modules
[0.422s] running symlink_data
[0.422s] creating /workspace/koch_control/install/interbotix_common_modules/share/ament_index
[0.422s] creating /workspace/koch_control/install/interbotix_common_modules/share/ament_index/resource_index
[0.422s] creating /workspace/koch_control/install/interbotix_common_modules/share/ament_index/resource_index/packages
[0.422s] symbolically linking /workspace/koch_control/build/interbotix_common_modules/resource/interbotix_common_modules -> /workspace/koch_control/install/interbotix_common_modules/share/ament_index/resource_index/packages
[0.422s] symbolically linking /workspace/koch_control/build/interbotix_common_modules/package.xml -> /workspace/koch_control/install/interbotix_common_modules/share/interbotix_common_modules
[0.437s] Invoked command in '/workspace/koch_control/build/interbotix_common_modules' returned '0': PYTHONPATH=/workspace/koch_control/build/interbotix_common_modules/prefix_override:/usr/lib/python3/dist-packages/colcon_core/task/python/colcon_distutils_commands:/workspace/koch_control/install/interbotix_common_modules/lib/python3.10/site-packages:${PYTHONPATH} /usr/bin/python3 -W ignore:setup.py install is deprecated -W ignore:easy_install command is deprecated setup.py develop --editable --build-directory /workspace/koch_control/build/interbotix_common_modules/build --no-deps symlink_data
