[0.010s] Invoking command in '/workspace/koch_control/build/interbotix_xs_driver': AMENT_PREFIX_PATH=/workspace/koch_control/install/dynamixel_workbench_toolbox:${AMENT_PREFIX_PATH} CMAKE_PREFIX_PATH=/workspace/koch_control/install/dynamixel_workbench_toolbox:/opt/ros/humble LD_LIBRARY_PATH=/workspace/koch_control/install/dynamixel_workbench_toolbox/lib:${LD_LIBRARY_PATH} /usr/bin/cmake --build /workspace/koch_control/build/interbotix_xs_driver -- -j32 -l32
[0.029s] [35m[1mConsolidate compiler generated dependencies of target interbotix_xs_driver[0m
[0.035s] [100%] Built target interbotix_xs_driver
[0.040s] Invoked command in '/workspace/koch_control/build/interbotix_xs_driver' returned '0': AMENT_PREFIX_PATH=/workspace/koch_control/install/dynamixel_workbench_toolbox:${AMENT_PREFIX_PATH} CMAKE_PREFIX_PATH=/workspace/koch_control/install/dynamixel_workbench_toolbox:/opt/ros/humble LD_LIBRARY_PATH=/workspace/koch_control/install/dynamixel_workbench_toolbox/lib:${LD_LIBRARY_PATH} /usr/bin/cmake --build /workspace/koch_control/build/interbotix_xs_driver -- -j32 -l32
[0.040s] Invoking command in '/workspace/koch_control/build/interbotix_xs_driver': AMENT_PREFIX_PATH=/workspace/koch_control/install/dynamixel_workbench_toolbox:${AMENT_PREFIX_PATH} CMAKE_PREFIX_PATH=/workspace/koch_control/install/dynamixel_workbench_toolbox:/opt/ros/humble LD_LIBRARY_PATH=/workspace/koch_control/install/dynamixel_workbench_toolbox/lib:${LD_LIBRARY_PATH} /usr/bin/cmake --install /workspace/koch_control/build/interbotix_xs_driver
[0.043s] -- Install configuration: ""
[0.043s] -- Execute custom install script
[0.043s] -- Up-to-date symlink: /workspace/koch_control/install/interbotix_xs_driver/include/interbotix_xs_driver/version.hpp
[0.044s] -- Up-to-date symlink: /workspace/koch_control/install/interbotix_xs_driver/include/interbotix_xs_driver/xs_common.hpp
[0.044s] -- Up-to-date symlink: /workspace/koch_control/install/interbotix_xs_driver/include/interbotix_xs_driver/xs_driver.hpp
[0.044s] -- Up-to-date symlink: /workspace/koch_control/install/interbotix_xs_driver/include/interbotix_xs_driver/xs_logging.hpp
[0.044s] -- Up-to-date symlink: /workspace/koch_control/install/interbotix_xs_driver/share/interbotix_xs_driver/package.xml
[0.044s] -- Up-to-date symlink: /workspace/koch_control/install/interbotix_xs_driver/share/ament_index/resource_index/package_run_dependencies/interbotix_xs_driver
[0.044s] -- Up-to-date symlink: /workspace/koch_control/install/interbotix_xs_driver/share/ament_index/resource_index/parent_prefix_path/interbotix_xs_driver
[0.044s] -- Up-to-date symlink: /workspace/koch_control/install/interbotix_xs_driver/share/interbotix_xs_driver/environment/ament_prefix_path.sh
[0.045s] -- Up-to-date symlink: /workspace/koch_control/install/interbotix_xs_driver/share/interbotix_xs_driver/environment/ament_prefix_path.dsv
[0.045s] -- Up-to-date symlink: /workspace/koch_control/install/interbotix_xs_driver/share/interbotix_xs_driver/environment/path.sh
[0.045s] -- Up-to-date symlink: /workspace/koch_control/install/interbotix_xs_driver/share/interbotix_xs_driver/environment/path.dsv
[0.045s] -- Up-to-date symlink: /workspace/koch_control/install/interbotix_xs_driver/share/interbotix_xs_driver/local_setup.bash
[0.045s] -- Up-to-date symlink: /workspace/koch_control/install/interbotix_xs_driver/share/interbotix_xs_driver/local_setup.sh
[0.045s] -- Up-to-date symlink: /workspace/koch_control/install/interbotix_xs_driver/share/interbotix_xs_driver/local_setup.zsh
[0.045s] -- Up-to-date symlink: /workspace/koch_control/install/interbotix_xs_driver/share/interbotix_xs_driver/local_setup.dsv
[0.045s] -- Symlinking: /workspace/koch_control/install/interbotix_xs_driver/share/interbotix_xs_driver/package.dsv
[0.049s] -- Up-to-date symlink: /workspace/koch_control/install/interbotix_xs_driver/share/ament_index/resource_index/packages/interbotix_xs_driver
[0.049s] -- Up-to-date symlink: /workspace/koch_control/install/interbotix_xs_driver/share/interbotix_xs_driver/cmake/ament_cmake_export_dependencies-extras.cmake
[0.049s] -- Up-to-date symlink: /workspace/koch_control/install/interbotix_xs_driver/share/interbotix_xs_driver/cmake/ament_cmake_export_targets-extras.cmake
[0.049s] -- Up-to-date symlink: /workspace/koch_control/install/interbotix_xs_driver/share/interbotix_xs_driver/cmake/interbotix_xs_driverConfig.cmake
[0.049s] -- Up-to-date symlink: /workspace/koch_control/install/interbotix_xs_driver/share/interbotix_xs_driver/cmake/interbotix_xs_driverConfig-version.cmake
[0.049s] -- Up-to-date symlink: /workspace/koch_control/install/interbotix_xs_driver/share/interbotix_xs_driver/package.xml
[0.049s] -- Up-to-date: /workspace/koch_control/install/interbotix_xs_driver/lib/libinterbotix_xs_driver.so
[0.050s] -- Up-to-date: /workspace/koch_control/install/interbotix_xs_driver/share/interbotix_xs_driver/cmake/export_interbotix_xs_driverExport.cmake
[0.050s] -- Up-to-date: /workspace/koch_control/install/interbotix_xs_driver/share/interbotix_xs_driver/cmake/export_interbotix_xs_driverExport-noconfig.cmake
[0.051s] Invoked command in '/workspace/koch_control/build/interbotix_xs_driver' returned '0': AMENT_PREFIX_PATH=/workspace/koch_control/install/dynamixel_workbench_toolbox:${AMENT_PREFIX_PATH} CMAKE_PREFIX_PATH=/workspace/koch_control/install/dynamixel_workbench_toolbox:/opt/ros/humble LD_LIBRARY_PATH=/workspace/koch_control/install/dynamixel_workbench_toolbox/lib:${LD_LIBRARY_PATH} /usr/bin/cmake --install /workspace/koch_control/build/interbotix_xs_driver
