[0.010s] Invoking command in '/workspace/koch_control/build/interbotix_xsarm_ros_control': AMENT_PREFIX_PATH=/workspace/koch_control/install/interbotix_xsarm_descriptions:/workspace/koch_control/install/interbotix_xs_modules:/workspace/koch_control/install/interbotix_xs_sdk:/workspace/koch_control/install/interbotix_xs_ros_control:/workspace/koch_control/install/interbotix_xs_driver:/workspace/koch_control/install/interbotix_xs_msgs:/workspace/koch_control/install/interbotix_common_modules:/workspace/koch_control/install/dynamixel_workbench_toolbox:${AMENT_PREFIX_PATH} CMAKE_PREFIX_PATH=/workspace/koch_control/install/interbotix_xsarm_descriptions:/workspace/koch_control/install/interbotix_xs_sdk:/workspace/koch_control/install/interbotix_xs_ros_control:/workspace/koch_control/install/interbotix_xs_driver:/workspace/koch_control/install/interbotix_xs_msgs:/workspace/koch_control/install/dynamixel_workbench_toolbox:/opt/ros/humble LD_LIBRARY_PATH=/workspace/koch_control/install/interbotix_xs_ros_control/lib:/workspace/koch_control/install/interbotix_xs_driver/lib:/workspace/koch_control/install/interbotix_xs_msgs/lib:/workspace/koch_control/install/dynamixel_workbench_toolbox/lib:${LD_LIBRARY_PATH} PYTHONPATH=/workspace/koch_control/build/interbotix_xs_modules:/workspace/koch_control/install/interbotix_xs_modules/lib/python3.10/site-packages:/workspace/koch_control/install/interbotix_xs_msgs/local/lib/python3.10/dist-packages:/workspace/koch_control/build/interbotix_common_modules:/workspace/koch_control/install/interbotix_common_modules/lib/python3.10/site-packages:${PYTHONPATH} /usr/bin/cmake /workspace/koch_control/interbotix_ros_manipulators/interbotix_ros_xsarms/interbotix_xsarm_ros_control -DAMENT_CMAKE_SYMLINK_INSTALL=1 -DCMAKE_INSTALL_PREFIX=/workspace/koch_control/install/interbotix_xsarm_ros_control
[0.036s] -- The C compiler identification is GNU 11.4.0
[0.061s] -- The CXX compiler identification is GNU 11.4.0
[0.064s] -- Detecting C compiler ABI info
[0.097s] -- Detecting C compiler ABI info - done
[0.099s] -- Check for working C compiler: /usr/bin/cc - skipped
[0.100s] -- Detecting C compile features
[0.100s] -- Detecting C compile features - done
[0.101s] -- Detecting CXX compiler ABI info
[0.138s] -- Detecting CXX compiler ABI info - done
[0.141s] -- Check for working CXX compiler: /usr/bin/c++ - skipped
[0.141s] -- Detecting CXX compile features
[0.141s] -- Detecting CXX compile features - done
[0.143s] -- Found ament_cmake: 1.3.12 (/opt/ros/humble/share/ament_cmake/cmake)
[0.213s] -- Found Python3: /usr/bin/python3 (found version "3.10.12") found components: Interpreter 
[0.244s] -- Override CMake install command with custom implementation using symlinks instead of copying resources
[0.259s] -- Found ament_lint_auto: 0.12.14 (/opt/ros/humble/share/ament_lint_auto/cmake)
[0.308s] -- Added test 'copyright' to check source files copyright and LICENSE
[0.311s] -- Added test 'flake8' to check Python code syntax and style conventions
[0.311s] -- Added test 'lint_cmake' to check CMake code style
[0.311s] -- Added test 'pep257' to check Python code against some of the docstring style conventions in PEP 257
[0.312s] -- Added test 'xmllint' to check XML markup files
[0.313s] -- Configuring done
[0.314s] -- Generating done
[0.315s] -- Build files have been written to: /workspace/koch_control/build/interbotix_xsarm_ros_control
[0.319s] Invoked command in '/workspace/koch_control/build/interbotix_xsarm_ros_control' returned '0': AMENT_PREFIX_PATH=/workspace/koch_control/install/interbotix_xsarm_descriptions:/workspace/koch_control/install/interbotix_xs_modules:/workspace/koch_control/install/interbotix_xs_sdk:/workspace/koch_control/install/interbotix_xs_ros_control:/workspace/koch_control/install/interbotix_xs_driver:/workspace/koch_control/install/interbotix_xs_msgs:/workspace/koch_control/install/interbotix_common_modules:/workspace/koch_control/install/dynamixel_workbench_toolbox:${AMENT_PREFIX_PATH} CMAKE_PREFIX_PATH=/workspace/koch_control/install/interbotix_xsarm_descriptions:/workspace/koch_control/install/interbotix_xs_sdk:/workspace/koch_control/install/interbotix_xs_ros_control:/workspace/koch_control/install/interbotix_xs_driver:/workspace/koch_control/install/interbotix_xs_msgs:/workspace/koch_control/install/dynamixel_workbench_toolbox:/opt/ros/humble LD_LIBRARY_PATH=/workspace/koch_control/install/interbotix_xs_ros_control/lib:/workspace/koch_control/install/interbotix_xs_driver/lib:/workspace/koch_control/install/interbotix_xs_msgs/lib:/workspace/koch_control/install/dynamixel_workbench_toolbox/lib:${LD_LIBRARY_PATH} PYTHONPATH=/workspace/koch_control/build/interbotix_xs_modules:/workspace/koch_control/install/interbotix_xs_modules/lib/python3.10/site-packages:/workspace/koch_control/install/interbotix_xs_msgs/local/lib/python3.10/dist-packages:/workspace/koch_control/build/interbotix_common_modules:/workspace/koch_control/install/interbotix_common_modules/lib/python3.10/site-packages:${PYTHONPATH} /usr/bin/cmake /workspace/koch_control/interbotix_ros_manipulators/interbotix_ros_xsarms/interbotix_xsarm_ros_control -DAMENT_CMAKE_SYMLINK_INSTALL=1 -DCMAKE_INSTALL_PREFIX=/workspace/koch_control/install/interbotix_xsarm_ros_control
[0.319s] Invoking command in '/workspace/koch_control/build/interbotix_xsarm_ros_control': AMENT_PREFIX_PATH=/workspace/koch_control/install/interbotix_xsarm_descriptions:/workspace/koch_control/install/interbotix_xs_modules:/workspace/koch_control/install/interbotix_xs_sdk:/workspace/koch_control/install/interbotix_xs_ros_control:/workspace/koch_control/install/interbotix_xs_driver:/workspace/koch_control/install/interbotix_xs_msgs:/workspace/koch_control/install/interbotix_common_modules:/workspace/koch_control/install/dynamixel_workbench_toolbox:${AMENT_PREFIX_PATH} CMAKE_PREFIX_PATH=/workspace/koch_control/install/interbotix_xsarm_descriptions:/workspace/koch_control/install/interbotix_xs_sdk:/workspace/koch_control/install/interbotix_xs_ros_control:/workspace/koch_control/install/interbotix_xs_driver:/workspace/koch_control/install/interbotix_xs_msgs:/workspace/koch_control/install/dynamixel_workbench_toolbox:/opt/ros/humble LD_LIBRARY_PATH=/workspace/koch_control/install/interbotix_xs_ros_control/lib:/workspace/koch_control/install/interbotix_xs_driver/lib:/workspace/koch_control/install/interbotix_xs_msgs/lib:/workspace/koch_control/install/dynamixel_workbench_toolbox/lib:${LD_LIBRARY_PATH} PYTHONPATH=/workspace/koch_control/build/interbotix_xs_modules:/workspace/koch_control/install/interbotix_xs_modules/lib/python3.10/site-packages:/workspace/koch_control/install/interbotix_xs_msgs/local/lib/python3.10/dist-packages:/workspace/koch_control/build/interbotix_common_modules:/workspace/koch_control/install/interbotix_common_modules/lib/python3.10/site-packages:${PYTHONPATH} /usr/bin/cmake --build /workspace/koch_control/build/interbotix_xsarm_ros_control -- -j32 -l32
[0.337s] Invoked command in '/workspace/koch_control/build/interbotix_xsarm_ros_control' returned '0': AMENT_PREFIX_PATH=/workspace/koch_control/install/interbotix_xsarm_descriptions:/workspace/koch_control/install/interbotix_xs_modules:/workspace/koch_control/install/interbotix_xs_sdk:/workspace/koch_control/install/interbotix_xs_ros_control:/workspace/koch_control/install/interbotix_xs_driver:/workspace/koch_control/install/interbotix_xs_msgs:/workspace/koch_control/install/interbotix_common_modules:/workspace/koch_control/install/dynamixel_workbench_toolbox:${AMENT_PREFIX_PATH} CMAKE_PREFIX_PATH=/workspace/koch_control/install/interbotix_xsarm_descriptions:/workspace/koch_control/install/interbotix_xs_sdk:/workspace/koch_control/install/interbotix_xs_ros_control:/workspace/koch_control/install/interbotix_xs_driver:/workspace/koch_control/install/interbotix_xs_msgs:/workspace/koch_control/install/dynamixel_workbench_toolbox:/opt/ros/humble LD_LIBRARY_PATH=/workspace/koch_control/install/interbotix_xs_ros_control/lib:/workspace/koch_control/install/interbotix_xs_driver/lib:/workspace/koch_control/install/interbotix_xs_msgs/lib:/workspace/koch_control/install/dynamixel_workbench_toolbox/lib:${LD_LIBRARY_PATH} PYTHONPATH=/workspace/koch_control/build/interbotix_xs_modules:/workspace/koch_control/install/interbotix_xs_modules/lib/python3.10/site-packages:/workspace/koch_control/install/interbotix_xs_msgs/local/lib/python3.10/dist-packages:/workspace/koch_control/build/interbotix_common_modules:/workspace/koch_control/install/interbotix_common_modules/lib/python3.10/site-packages:${PYTHONPATH} /usr/bin/cmake --build /workspace/koch_control/build/interbotix_xsarm_ros_control -- -j32 -l32
[0.337s] Invoking command in '/workspace/koch_control/build/interbotix_xsarm_ros_control': AMENT_PREFIX_PATH=/workspace/koch_control/install/interbotix_xsarm_descriptions:/workspace/koch_control/install/interbotix_xs_modules:/workspace/koch_control/install/interbotix_xs_sdk:/workspace/koch_control/install/interbotix_xs_ros_control:/workspace/koch_control/install/interbotix_xs_driver:/workspace/koch_control/install/interbotix_xs_msgs:/workspace/koch_control/install/interbotix_common_modules:/workspace/koch_control/install/dynamixel_workbench_toolbox:${AMENT_PREFIX_PATH} CMAKE_PREFIX_PATH=/workspace/koch_control/install/interbotix_xsarm_descriptions:/workspace/koch_control/install/interbotix_xs_sdk:/workspace/koch_control/install/interbotix_xs_ros_control:/workspace/koch_control/install/interbotix_xs_driver:/workspace/koch_control/install/interbotix_xs_msgs:/workspace/koch_control/install/dynamixel_workbench_toolbox:/opt/ros/humble LD_LIBRARY_PATH=/workspace/koch_control/install/interbotix_xs_ros_control/lib:/workspace/koch_control/install/interbotix_xs_driver/lib:/workspace/koch_control/install/interbotix_xs_msgs/lib:/workspace/koch_control/install/dynamixel_workbench_toolbox/lib:${LD_LIBRARY_PATH} PYTHONPATH=/workspace/koch_control/build/interbotix_xs_modules:/workspace/koch_control/install/interbotix_xs_modules/lib/python3.10/site-packages:/workspace/koch_control/install/interbotix_xs_msgs/local/lib/python3.10/dist-packages:/workspace/koch_control/build/interbotix_common_modules:/workspace/koch_control/install/interbotix_common_modules/lib/python3.10/site-packages:${PYTHONPATH} /usr/bin/cmake --install /workspace/koch_control/build/interbotix_xsarm_ros_control
[0.340s] -- Install configuration: ""
[0.340s] -- Execute custom install script
[0.341s] -- Symlinking: /workspace/koch_control/install/interbotix_xsarm_ros_control/share/interbotix_xsarm_ros_control//launch/xsarm_ros_control.launch.py
[0.344s] -- Symlinking: /workspace/koch_control/install/interbotix_xsarm_ros_control/share/interbotix_xsarm_ros_control//config/controllers/low_cost_robot_controllers.yaml
[0.347s] -- Symlinking: /workspace/koch_control/install/interbotix_xsarm_ros_control/share/interbotix_xsarm_ros_control//config/controllers/mobile_px100_controllers.yaml
[0.350s] -- Symlinking: /workspace/koch_control/install/interbotix_xsarm_ros_control/share/interbotix_xsarm_ros_control//config/controllers/mobile_wx200_controllers.yaml
[0.354s] -- Symlinking: /workspace/koch_control/install/interbotix_xsarm_ros_control/share/interbotix_xsarm_ros_control//config/controllers/mobile_wx250s_controllers.yaml
[0.357s] -- Symlinking: /workspace/koch_control/install/interbotix_xsarm_ros_control/share/interbotix_xsarm_ros_control//config/controllers/px100_controllers.yaml
[0.361s] -- Symlinking: /workspace/koch_control/install/interbotix_xsarm_ros_control/share/interbotix_xsarm_ros_control//config/controllers/px150_controllers.yaml
[0.364s] -- Symlinking: /workspace/koch_control/install/interbotix_xsarm_ros_control/share/interbotix_xsarm_ros_control//config/controllers/rx150_controllers.yaml
[0.368s] -- Symlinking: /workspace/koch_control/install/interbotix_xsarm_ros_control/share/interbotix_xsarm_ros_control//config/controllers/rx200_controllers.yaml
[0.371s] -- Symlinking: /workspace/koch_control/install/interbotix_xsarm_ros_control/share/interbotix_xsarm_ros_control//config/controllers/vx250_controllers.yaml
[0.375s] -- Symlinking: /workspace/koch_control/install/interbotix_xsarm_ros_control/share/interbotix_xsarm_ros_control//config/controllers/vx300_controllers.yaml
[0.378s] -- Symlinking: /workspace/koch_control/install/interbotix_xsarm_ros_control/share/interbotix_xsarm_ros_control//config/controllers/vx300s_controllers.yaml
[0.381s] -- Symlinking: /workspace/koch_control/install/interbotix_xsarm_ros_control/share/interbotix_xsarm_ros_control//config/controllers/wx200_controllers.yaml
[0.384s] -- Symlinking: /workspace/koch_control/install/interbotix_xsarm_ros_control/share/interbotix_xsarm_ros_control//config/controllers/wx250_controllers.yaml
[0.388s] -- Symlinking: /workspace/koch_control/install/interbotix_xsarm_ros_control/share/interbotix_xsarm_ros_control//config/controllers/wx250s_controllers.yaml
[0.391s] -- Symlinking: /workspace/koch_control/install/interbotix_xsarm_ros_control/share/interbotix_xsarm_ros_control//config/modes.yaml
[0.395s] -- Symlinking: /workspace/koch_control/install/interbotix_xsarm_ros_control/share/ament_index/resource_index/package_run_dependencies/interbotix_xsarm_ros_control
[0.398s] -- Symlinking: /workspace/koch_control/install/interbotix_xsarm_ros_control/share/ament_index/resource_index/parent_prefix_path/interbotix_xsarm_ros_control
[0.402s] -- Symlinking: /workspace/koch_control/install/interbotix_xsarm_ros_control/share/interbotix_xsarm_ros_control/environment/ament_prefix_path.sh
[0.405s] -- Symlinking: /workspace/koch_control/install/interbotix_xsarm_ros_control/share/interbotix_xsarm_ros_control/environment/ament_prefix_path.dsv
[0.409s] -- Symlinking: /workspace/koch_control/install/interbotix_xsarm_ros_control/share/interbotix_xsarm_ros_control/environment/path.sh
[0.412s] -- Symlinking: /workspace/koch_control/install/interbotix_xsarm_ros_control/share/interbotix_xsarm_ros_control/environment/path.dsv
[0.415s] -- Symlinking: /workspace/koch_control/install/interbotix_xsarm_ros_control/share/interbotix_xsarm_ros_control/local_setup.bash
[0.418s] -- Symlinking: /workspace/koch_control/install/interbotix_xsarm_ros_control/share/interbotix_xsarm_ros_control/local_setup.sh
[0.422s] -- Symlinking: /workspace/koch_control/install/interbotix_xsarm_ros_control/share/interbotix_xsarm_ros_control/local_setup.zsh
[0.426s] -- Symlinking: /workspace/koch_control/install/interbotix_xsarm_ros_control/share/interbotix_xsarm_ros_control/local_setup.dsv
[0.430s] -- Symlinking: /workspace/koch_control/install/interbotix_xsarm_ros_control/share/interbotix_xsarm_ros_control/package.dsv
[0.433s] -- Symlinking: /workspace/koch_control/install/interbotix_xsarm_ros_control/share/ament_index/resource_index/packages/interbotix_xsarm_ros_control
[0.436s] -- Symlinking: /workspace/koch_control/install/interbotix_xsarm_ros_control/share/interbotix_xsarm_ros_control/cmake/interbotix_xsarm_ros_controlConfig.cmake
[0.440s] -- Symlinking: /workspace/koch_control/install/interbotix_xsarm_ros_control/share/interbotix_xsarm_ros_control/cmake/interbotix_xsarm_ros_controlConfig-version.cmake
[0.443s] -- Symlinking: /workspace/koch_control/install/interbotix_xsarm_ros_control/share/interbotix_xsarm_ros_control/package.xml
[0.448s] Invoked command in '/workspace/koch_control/build/interbotix_xsarm_ros_control' returned '0': AMENT_PREFIX_PATH=/workspace/koch_control/install/interbotix_xsarm_descriptions:/workspace/koch_control/install/interbotix_xs_modules:/workspace/koch_control/install/interbotix_xs_sdk:/workspace/koch_control/install/interbotix_xs_ros_control:/workspace/koch_control/install/interbotix_xs_driver:/workspace/koch_control/install/interbotix_xs_msgs:/workspace/koch_control/install/interbotix_common_modules:/workspace/koch_control/install/dynamixel_workbench_toolbox:${AMENT_PREFIX_PATH} CMAKE_PREFIX_PATH=/workspace/koch_control/install/interbotix_xsarm_descriptions:/workspace/koch_control/install/interbotix_xs_sdk:/workspace/koch_control/install/interbotix_xs_ros_control:/workspace/koch_control/install/interbotix_xs_driver:/workspace/koch_control/install/interbotix_xs_msgs:/workspace/koch_control/install/dynamixel_workbench_toolbox:/opt/ros/humble LD_LIBRARY_PATH=/workspace/koch_control/install/interbotix_xs_ros_control/lib:/workspace/koch_control/install/interbotix_xs_driver/lib:/workspace/koch_control/install/interbotix_xs_msgs/lib:/workspace/koch_control/install/dynamixel_workbench_toolbox/lib:${LD_LIBRARY_PATH} PYTHONPATH=/workspace/koch_control/build/interbotix_xs_modules:/workspace/koch_control/install/interbotix_xs_modules/lib/python3.10/site-packages:/workspace/koch_control/install/interbotix_xs_msgs/local/lib/python3.10/dist-packages:/workspace/koch_control/build/interbotix_common_modules:/workspace/koch_control/install/interbotix_common_modules/lib/python3.10/site-packages:${PYTHONPATH} /usr/bin/cmake --install /workspace/koch_control/build/interbotix_xsarm_ros_control
